#
# There is insufficient memory for the Java Runtime Environment to continue.
# Native memory allocation (mmap) failed to map 1052770304 bytes. Error detail: G1 virtual space
# Possible reasons:
#   The system is out of physical RAM or swap space
#   This process is running with CompressedOops enabled, and the Java Heap may be blocking the growth of the native heap
# Possible solutions:
#   Reduce memory load on the system
#   Increase physical memory or swap space
#   Check if swap backing store is full
#   Decrease Java heap size (-Xmx/-Xms)
#   Decrease number of Java threads
#   Decrease Java thread stack sizes (-Xss)
#   Set larger code cache with -XX:ReservedCodeCacheSize=
#   JVM is running with Zero Based Compressed Oops mode in which the Java heap is
#     placed in the first 32GB address space. The Java Heap base address is the
#     maximum limit for the native heap growth. Please use -XX:HeapBaseMinAddress
#     to set the Java Heap base and to place the Java Heap above 32GB virtual address.
# This output file may be truncated or incomplete.
#
#  Out of Memory Error (os_windows.cpp:3714), pid=33760, tid=21676
#
# JRE version: OpenJDK Runtime Environment Temurin-21.0.11+10 (21.0.11+10) (build 21.0.11+10-LTS)
# Java VM: OpenJDK 64-Bit Server VM Temurin-21.0.11+10 (21.0.11+10-LTS, mixed mode, sharing, tiered, compressed oops, compressed class ptrs, g1 gc, windows-amd64)
# No core dump will be written. Minidumps are not enabled by default on client versions of Windows
#

---------------  S U M M A R Y ------------

Command Line: E:\Projects\Submitted\FailurePatterns\scripts\spmf.jar run CloSpan E:\Projects\Submitted\FailurePatterns\_spmf_tmp_clospan\bgl_last10_fail.txt E:\Projects\Submitted\FailurePatterns\_spmf_tmp_clospan\bgl_last10_fail_closed.out 5.0000%

Host: Intel(R) Core(TM) i7-9700 CPU @ 3.00GHz, 8 cores, 31G,  Windows 11 , 64 bit Build 26100 (10.0.26100.9168)
Time: Sat Aug 29 09:05:06 2026 Jerusalem Daylight Time elapsed time: 3.534505 seconds (0d 0h 0m 3s)

---------------  T H R E A D  ---------------

Current thread (0x000001d9c469e9a0):  VMThread "VM Thread"          [id=21676, stack(0x00000035ff300000,0x00000035ff400000) (1024K)]

Stack: [0x00000035ff300000,0x00000035ff400000]
Native frames: (J=compiled Java code, j=interpreted, Vv=VM code, C=native code)
V  [jvm.dll+0x6d7e19]
V  [jvm.dll+0x8b5096]
V  [jvm.dll+0x8b764e]
V  [jvm.dll+0x8b7d33]
V  [jvm.dll+0x284596]
V  [jvm.dll+0x6d4735]
V  [jvm.dll+0x6c845a]
V  [jvm.dll+0x35ef08]
V  [jvm.dll+0x366b46]
V  [jvm.dll+0x3b7c2e]
V  [jvm.dll+0x3b7ed8]
V  [jvm.dll+0x33310c]
V  [jvm.dll+0x333197]
V  [jvm.dll+0x376f6c]
V  [jvm.dll+0x37570e]
V  [jvm.dll+0x332851]
V  [jvm.dll+0x374d7a]
V  [jvm.dll+0x8bda20]
V  [jvm.dll+0x8bed94]
V  [jvm.dll+0x8bf2c0]
V  [jvm.dll+0x8bf563]
V  [jvm.dll+0x85fb0d]
V  [jvm.dll+0x6d664d]
C  [ucrtbase.dll+0x2cd30]
C  [KERNEL32.DLL+0x2ccb7]
C  [ntdll.dll+0xaad6c]

VM_Operation (0x00000035fecfe5f0): G1CollectForAllocation, mode: safepoint, requested by thread 0x000001d9a2b655b0


---------------  P R O C E S S  ---------------

Threads class SMR info:
_java_thread_list=0x000001da0840adb0, length=13, elements={
0x000001d9a2b655b0, 0x000001d9c46bc010, 0x000001d9c46bd790, 0x000001d9c46c0f20,
0x000001d9c46c1980, 0x000001d9c46c23e0, 0x000001d9c46c3b60, 0x000001d9c46c8340,
0x000001d9c46d3100, 0x000001d9c4688a90, 0x000001da081ee810, 0x000001da081fa4b0,
0x000001da083c4860
}

Java Threads: ( => current thread )
  0x000001d9a2b655b0 JavaThread "main"                              [_thread_blocked, id=4920, stack(0x00000035fec00000,0x00000035fed00000) (1024K)]
  0x000001d9c46bc010 JavaThread "Reference Handler"          daemon [_thread_blocked, id=18508, stack(0x00000035ff400000,0x00000035ff500000) (1024K)]
  0x000001d9c46bd790 JavaThread "Finalizer"                  daemon [_thread_blocked, id=24976, stack(0x00000035ff500000,0x00000035ff600000) (1024K)]
  0x000001d9c46c0f20 JavaThread "Signal Dispatcher"          daemon [_thread_blocked, id=31032, stack(0x00000035ff600000,0x00000035ff700000) (1024K)]
  0x000001d9c46c1980 JavaThread "Attach Listener"            daemon [_thread_blocked, id=33096, stack(0x00000035ff700000,0x00000035ff800000) (1024K)]
  0x000001d9c46c23e0 JavaThread "Service Thread"             daemon [_thread_blocked, id=28468, stack(0x00000035ff800000,0x00000035ff900000) (1024K)]
  0x000001d9c46c3b60 JavaThread "Monitor Deflation Thread"   daemon [_thread_blocked, id=37616, stack(0x00000035ff900000,0x00000035ffa00000) (1024K)]
  0x000001d9c46c8340 JavaThread "C2 CompilerThread0"         daemon [_thread_blocked, id=21832, stack(0x00000035ffa00000,0x00000035ffb00000) (1024K)]
  0x000001d9c46d3100 JavaThread "C1 CompilerThread0"         daemon [_thread_blocked, id=36024, stack(0x00000035ffb00000,0x00000035ffc00000) (1024K)]
  0x000001d9c4688a90 JavaThread "Notification Thread"        daemon [_thread_blocked, id=39248, stack(0x00000035ffc00000,0x00000035ffd00000) (1024K)]
  0x000001da081ee810 JavaThread "Common-Cleaner"             daemon [_thread_blocked, id=5612, stack(0x00000035ffd00000,0x00000035ffe00000) (1024K)]
  0x000001da081fa4b0 JavaThread "C2 CompilerThread1"         daemon [_thread_blocked, id=23268, stack(0x00000035ffe00000,0x00000035fff00000) (1024K)]
  0x000001da083c4860 JavaThread "C2 CompilerThread2"         daemon [_thread_blocked, id=33652, stack(0x00000035fff00000,0x0000003600000000) (1024K)]
Total: 13

Other Threads:
=>0x000001d9c469e9a0 VMThread "VM Thread"                           [id=21676, stack(0x00000035ff300000,0x00000035ff400000) (1024K)]
  0x000001da08080fa0 WatcherThread "VM Periodic Task Thread"        [id=37304, stack(0x00000035ff200000,0x00000035ff300000) (1024K)]
  0x000001d9a2c0cfe0 WorkerThread "GC Thread#0"                     [id=38556, stack(0x00000035fed00000,0x00000035fee00000) (1024K)]
  0x000001da0894c310 WorkerThread "GC Thread#1"                     [id=31776, stack(0x0000003580000000,0x0000003580100000) (1024K)]
  0x000001da0894c6c0 WorkerThread "GC Thread#2"                     [id=23396, stack(0x0000003580100000,0x0000003580200000) (1024K)]
  0x000001da088c3ef0 WorkerThread "GC Thread#3"                     [id=22388, stack(0x0000003580200000,0x0000003580300000) (1024K)]
  0x000001da088c42a0 WorkerThread "GC Thread#4"                     [id=6892, stack(0x0000003580300000,0x0000003580400000) (1024K)]
  0x000001da088fdf60 WorkerThread "GC Thread#5"                     [id=39668, stack(0x0000003580400000,0x0000003580500000) (1024K)]
  0x000001da08954b70 WorkerThread "GC Thread#6"                     [id=37524, stack(0x0000003580500000,0x0000003580600000) (1024K)]
  0x000001da083f52b0 WorkerThread "GC Thread#7"                     [id=34372, stack(0x0000003580600000,0x0000003580700000) (1024K)]
  0x000001d9c4542010 ConcurrentGCThread "G1 Main Marker"            [id=33920, stack(0x00000035fee00000,0x00000035fef00000) (1024K)]
  0x000001d9c45432c0 WorkerThread "G1 Conc#0"                       [id=32976, stack(0x00000035fef00000,0x00000035ff000000) (1024K)]
  0x000001d9c45c8cf0 ConcurrentGCThread "G1 Refine#0"               [id=18196, stack(0x00000035ff000000,0x00000035ff100000) (1024K)]
  0x000001d9c45ca720 ConcurrentGCThread "G1 Service"                [id=29956, stack(0x00000035ff100000,0x00000035ff200000) (1024K)]
Total: 14

Threads with active compile tasks:
C2 CompilerThread0  3550  838 %     4       ca.pfv.spmf.algorithms.sequentialpatterns.clospan_AGP.items.creators.AbstractionCreator_Qualitative::findAllFrequentPairs @ 51 (227 bytes)
C2 CompilerThread1  3550  828 %     4       ca.pfv.spmf.algorithms.sequentialpatterns.clospan_AGP.RecursionCloSpan::makePseudoProjections @ 92 (676 bytes)
Total: 2

VM state: at safepoint (normal execution)

VM Mutex/Monitor currently owned by a thread:  ([mutex/lock_event])
[0x00007ffa8eb6f570] Threads_lock - owner thread: 0x000001d9c469e9a0
[0x00007ffa8eb6f670] Heap_lock - owner thread: 0x000001d9a2b655b0

Heap address: 0x0000000602400000, size: 8156 MB, Compressed Oops mode: Zero based, Oop shift amount: 3

CDS archive(s) mapped at: [0x000001d9c7000000-0x000001d9c7c80000-0x000001d9c7c80000), size 13107200, SharedBaseAddress: 0x000001d9c7000000, ArchiveRelocationMode: 1.
Compressed class space mapped at: 0x000001d9c8000000-0x000001da08000000, reserved size: 1073741824
Narrow klass base: 0x000001d9c7000000, Narrow klass shift: 0, Narrow klass range: 0x100000000

GC Precious Log:
 CardTable entry size: 512
 Card Set container configuration: InlinePtr #cards 4 size 8 Array Of Cards #cards 32 size 80 Howl #buckets 8 coarsen threshold 7372 Howl Bitmap #cards 1024 size 144 coarsen threshold 921 Card regions per heap region 1 cards per card region 8192
 CPUs: 8 total, 8 available
 Memory: 32610M
 Large Page Support: Disabled
 NUMA Support: Disabled
 Compressed Oops: Enabled (Zero based)
 Heap Region Size: 4M
 Heap Min Capacity: 8M
 Heap Initial Capacity: 512M
 Heap Max Capacity: 8156M
 Pre-touch: Disabled
 Parallel Workers: 8
 Concurrent Workers: 2
 Concurrent Refinement Workers: 8
 Periodic GC: Disabled

Heap:
 garbage-first heap   total 524288K, used 29585K [0x0000000602400000, 0x0000000800000000)
  region size 4096K, 1 young (4096K), 1 survivors (4096K)
 Metaspace       used 3104K, committed 3200K, reserved 1114112K
  class space    used 338K, committed 384K, reserved 1048576K

Heap Regions: E=young(eden), S=young(survivor), O=old, HS=humongous(starts), HC=humongous(continues), CS=collection set, F=free, TAMS=top-at-mark-start, PB=parsable bottom
|   0|0x0000000602400000, 0x0000000602800000, 0x0000000602800000|100%| O|  |TAMS 0x0000000602400000| PB 0x0000000602400000| Untracked 
|   1|0x0000000602800000, 0x0000000602c00000, 0x0000000602c00000|100%| O|  |TAMS 0x0000000602800000| PB 0x0000000602800000| Untracked 
|   2|0x0000000602c00000, 0x0000000603000000, 0x0000000603000000|100%| O|  |TAMS 0x0000000602c00000| PB 0x0000000602c00000| Untracked 
|   3|0x0000000603000000, 0x0000000603400000, 0x0000000603400000|100%| O|  |TAMS 0x0000000603000000| PB 0x0000000603000000| Untracked 
|   4|0x0000000603400000, 0x0000000603800000, 0x0000000603800000|100%| O|  |TAMS 0x0000000603400000| PB 0x0000000603400000| Untracked 
|   5|0x0000000603800000, 0x0000000603c00000, 0x0000000603c00000|100%| O|  |TAMS 0x0000000603800000| PB 0x0000000603800000| Untracked 
|   6|0x0000000603c00000, 0x0000000603ce4590, 0x0000000604000000| 22%| O|  |TAMS 0x0000000603c00000| PB 0x0000000603c00000| Untracked 
|   7|0x0000000604000000, 0x0000000604000000, 0x0000000604400000|  0%| F|  |TAMS 0x0000000604000000| PB 0x0000000604000000| Untracked 
|   8|0x0000000604400000, 0x0000000604400000, 0x0000000604800000|  0%| F|  |TAMS 0x0000000604400000| PB 0x0000000604400000| Untracked 
|   9|0x0000000604800000, 0x0000000604800000, 0x0000000604c00000|  0%| F|  |TAMS 0x0000000604800000| PB 0x0000000604800000| Untracked 
|  10|0x0000000604c00000, 0x0000000604c00000, 0x0000000605000000|  0%| F|  |TAMS 0x0000000604c00000| PB 0x0000000604c00000| Untracked 
|  11|0x0000000605000000, 0x0000000605000000, 0x0000000605400000|  0%| F|  |TAMS 0x0000000605000000| PB 0x0000000605000000| Untracked 
|  12|0x0000000605400000, 0x0000000605400000, 0x0000000605800000|  0%| F|  |TAMS 0x0000000605400000| PB 0x0000000605400000| Untracked 
|  13|0x0000000605800000, 0x0000000605800000, 0x0000000605c00000|  0%| F|  |TAMS 0x0000000605800000| PB 0x0000000605800000| Untracked 
|  14|0x0000000605c00000, 0x0000000605c00000, 0x0000000606000000|  0%| F|  |TAMS 0x0000000605c00000| PB 0x0000000605c00000| Untracked 
|  15|0x0000000606000000, 0x0000000606000000, 0x0000000606400000|  0%| F|  |TAMS 0x0000000606000000| PB 0x0000000606000000| Untracked 
|  16|0x0000000606400000, 0x0000000606400000, 0x0000000606800000|  0%| F|  |TAMS 0x0000000606400000| PB 0x0000000606400000| Untracked 
|  17|0x0000000606800000, 0x0000000606800000, 0x0000000606c00000|  0%| F|  |TAMS 0x0000000606800000| PB 0x0000000606800000| Untracked 
|  18|0x0000000606c00000, 0x0000000606c00000, 0x0000000607000000|  0%| F|  |TAMS 0x0000000606c00000| PB 0x0000000606c00000| Untracked 
|  19|0x0000000607000000, 0x0000000607000000, 0x0000000607400000|  0%| F|  |TAMS 0x0000000607000000| PB 0x0000000607000000| Untracked 
|  20|0x0000000607400000, 0x0000000607400000, 0x0000000607800000|  0%| F|  |TAMS 0x0000000607400000| PB 0x0000000607400000| Untracked 
|  21|0x0000000607800000, 0x0000000607800000, 0x0000000607c00000|  0%| F|  |TAMS 0x0000000607800000| PB 0x0000000607800000| Untracked 
|  22|0x0000000607c00000, 0x0000000607c00000, 0x0000000608000000|  0%| F|  |TAMS 0x0000000607c00000| PB 0x0000000607c00000| Untracked 
|  23|0x0000000608000000, 0x0000000608000000, 0x0000000608400000|  0%| F|  |TAMS 0x0000000608000000| PB 0x0000000608000000| Untracked 
|  24|0x0000000608400000, 0x0000000608400000, 0x0000000608800000|  0%| F|  |TAMS 0x0000000608400000| PB 0x0000000608400000| Untracked 
|  25|0x0000000608800000, 0x0000000608800000, 0x0000000608c00000|  0%| F|  |TAMS 0x0000000608800000| PB 0x0000000608800000| Untracked 
|  26|0x0000000608c00000, 0x0000000608c00000, 0x0000000609000000|  0%| F|  |TAMS 0x0000000608c00000| PB 0x0000000608c00000| Untracked 
|  27|0x0000000609000000, 0x0000000609000000, 0x0000000609400000|  0%| F|  |TAMS 0x0000000609000000| PB 0x0000000609000000| Untracked 
|  28|0x0000000609400000, 0x0000000609400000, 0x0000000609800000|  0%| F|  |TAMS 0x0000000609400000| PB 0x0000000609400000| Untracked 
|  29|0x0000000609800000, 0x0000000609800000, 0x0000000609c00000|  0%| F|  |TAMS 0x0000000609800000| PB 0x0000000609800000| Untracked 
|  30|0x0000000609c00000, 0x0000000609c00000, 0x000000060a000000|  0%| F|  |TAMS 0x0000000609c00000| PB 0x0000000609c00000| Untracked 
|  31|0x000000060a000000, 0x000000060a000000, 0x000000060a400000|  0%| F|  |TAMS 0x000000060a000000| PB 0x000000060a000000| Untracked 
|  32|0x000000060a400000, 0x000000060a400000, 0x000000060a800000|  0%| F|  |TAMS 0x000000060a400000| PB 0x000000060a400000| Untracked 
|  33|0x000000060a800000, 0x000000060a800000, 0x000000060ac00000|  0%| F|  |TAMS 0x000000060a800000| PB 0x000000060a800000| Untracked 
|  34|0x000000060ac00000, 0x000000060ac00000, 0x000000060b000000|  0%| F|  |TAMS 0x000000060ac00000| PB 0x000000060ac00000| Untracked 
|  35|0x000000060b000000, 0x000000060b000000, 0x000000060b400000|  0%| F|  |TAMS 0x000000060b000000| PB 0x000000060b000000| Untracked 
|  36|0x000000060b400000, 0x000000060b400000, 0x000000060b800000|  0%| F|  |TAMS 0x000000060b400000| PB 0x000000060b400000| Untracked 
|  37|0x000000060b800000, 0x000000060b800000, 0x000000060bc00000|  0%| F|  |TAMS 0x000000060b800000| PB 0x000000060b800000| Untracked 
|  38|0x000000060bc00000, 0x000000060bc00000, 0x000000060c000000|  0%| F|  |TAMS 0x000000060bc00000| PB 0x000000060bc00000| Untracked 
|  39|0x000000060c000000, 0x000000060c000000, 0x000000060c400000|  0%| F|  |TAMS 0x000000060c000000| PB 0x000000060c000000| Untracked 
|  40|0x000000060c400000, 0x000000060c400000, 0x000000060c800000|  0%| F|  |TAMS 0x000000060c400000| PB 0x000000060c400000| Untracked 
|  41|0x000000060c800000, 0x000000060c800000, 0x000000060cc00000|  0%| F|  |TAMS 0x000000060c800000| PB 0x000000060c800000| Untracked 
|  42|0x000000060cc00000, 0x000000060cc00000, 0x000000060d000000|  0%| F|  |TAMS 0x000000060cc00000| PB 0x000000060cc00000| Untracked 
|  43|0x000000060d000000, 0x000000060d000000, 0x000000060d400000|  0%| F|  |TAMS 0x000000060d000000| PB 0x000000060d000000| Untracked 
|  44|0x000000060d400000, 0x000000060d400000, 0x000000060d800000|  0%| F|  |TAMS 0x000000060d400000| PB 0x000000060d400000| Untracked 
|  45|0x000000060d800000, 0x000000060d800000, 0x000000060dc00000|  0%| F|  |TAMS 0x000000060d800000| PB 0x000000060d800000| Untracked 
|  46|0x000000060dc00000, 0x000000060dc00000, 0x000000060e000000|  0%| F|  |TAMS 0x000000060dc00000| PB 0x000000060dc00000| Untracked 
|  47|0x000000060e000000, 0x000000060e000000, 0x000000060e400000|  0%| F|  |TAMS 0x000000060e000000| PB 0x000000060e000000| Untracked 
|  48|0x000000060e400000, 0x000000060e400000, 0x000000060e800000|  0%| F|  |TAMS 0x000000060e400000| PB 0x000000060e400000| Untracked 
|  49|0x000000060e800000, 0x000000060e800000, 0x000000060ec00000|  0%| F|  |TAMS 0x000000060e800000| PB 0x000000060e800000| Untracked 
|  50|0x000000060ec00000, 0x000000060ec00000, 0x000000060f000000|  0%| F|  |TAMS 0x000000060ec00000| PB 0x000000060ec00000| Untracked 
|  51|0x000000060f000000, 0x000000060f000000, 0x000000060f400000|  0%| F|  |TAMS 0x000000060f000000| PB 0x000000060f000000| Untracked 
|  52|0x000000060f400000, 0x000000060f400000, 0x000000060f800000|  0%| F|  |TAMS 0x000000060f400000| PB 0x000000060f400000| Untracked 
|  53|0x000000060f800000, 0x000000060f800000, 0x000000060fc00000|  0%| F|  |TAMS 0x000000060f800000| PB 0x000000060f800000| Untracked 
|  54|0x000000060fc00000, 0x000000060fc00000, 0x0000000610000000|  0%| F|  |TAMS 0x000000060fc00000| PB 0x000000060fc00000| Untracked 
|  55|0x0000000610000000, 0x0000000610000000, 0x0000000610400000|  0%| F|  |TAMS 0x0000000610000000| PB 0x0000000610000000| Untracked 
|  56|0x0000000610400000, 0x0000000610400000, 0x0000000610800000|  0%| F|  |TAMS 0x0000000610400000| PB 0x0000000610400000| Untracked 
|  57|0x0000000610800000, 0x0000000610800000, 0x0000000610c00000|  0%| F|  |TAMS 0x0000000610800000| PB 0x0000000610800000| Untracked 
|  58|0x0000000610c00000, 0x0000000610c00000, 0x0000000611000000|  0%| F|  |TAMS 0x0000000610c00000| PB 0x0000000610c00000| Untracked 
|  59|0x0000000611000000, 0x0000000611000000, 0x0000000611400000|  0%| F|  |TAMS 0x0000000611000000| PB 0x0000000611000000| Untracked 
|  60|0x0000000611400000, 0x0000000611400000, 0x0000000611800000|  0%| F|  |TAMS 0x0000000611400000| PB 0x0000000611400000| Untracked 
|  61|0x0000000611800000, 0x0000000611800000, 0x0000000611c00000|  0%| F|  |TAMS 0x0000000611800000| PB 0x0000000611800000| Untracked 
|  62|0x0000000611c00000, 0x0000000611c00000, 0x0000000612000000|  0%| F|  |TAMS 0x0000000611c00000| PB 0x0000000611c00000| Untracked 
|  63|0x0000000612000000, 0x0000000612000000, 0x0000000612400000|  0%| F|  |TAMS 0x0000000612000000| PB 0x0000000612000000| Untracked 
|  64|0x0000000612400000, 0x0000000612400000, 0x0000000612800000|  0%| F|  |TAMS 0x0000000612400000| PB 0x0000000612400000| Untracked 
|  65|0x0000000612800000, 0x0000000612800000, 0x0000000612c00000|  0%| F|  |TAMS 0x0000000612800000| PB 0x0000000612800000| Untracked 
|  66|0x0000000612c00000, 0x0000000612c00000, 0x0000000613000000|  0%| F|  |TAMS 0x0000000612c00000| PB 0x0000000612c00000| Untracked 
|  67|0x0000000613000000, 0x0000000613000000, 0x0000000613400000|  0%| F|  |TAMS 0x0000000613000000| PB 0x0000000613000000| Untracked 
|  68|0x0000000613400000, 0x0000000613400000, 0x0000000613800000|  0%| F|  |TAMS 0x0000000613400000| PB 0x0000000613400000| Untracked 
|  69|0x0000000613800000, 0x0000000613800000, 0x0000000613c00000|  0%| F|  |TAMS 0x0000000613800000| PB 0x0000000613800000| Untracked 
|  70|0x0000000613c00000, 0x0000000613c00000, 0x0000000614000000|  0%| F|  |TAMS 0x0000000613c00000| PB 0x0000000613c00000| Untracked 
|  71|0x0000000614000000, 0x0000000614000000, 0x0000000614400000|  0%| F|  |TAMS 0x0000000614000000| PB 0x0000000614000000| Untracked 
|  72|0x0000000614400000, 0x0000000614400000, 0x0000000614800000|  0%| F|  |TAMS 0x0000000614400000| PB 0x0000000614400000| Untracked 
|  73|0x0000000614800000, 0x0000000614800000, 0x0000000614c00000|  0%| F|  |TAMS 0x0000000614800000| PB 0x0000000614800000| Untracked 
|  74|0x0000000614c00000, 0x0000000614c00000, 0x0000000615000000|  0%| F|  |TAMS 0x0000000614c00000| PB 0x0000000614c00000| Untracked 
|  75|0x0000000615000000, 0x0000000615000000, 0x0000000615400000|  0%| F|  |TAMS 0x0000000615000000| PB 0x0000000615000000| Untracked 
|  76|0x0000000615400000, 0x0000000615400000, 0x0000000615800000|  0%| F|  |TAMS 0x0000000615400000| PB 0x0000000615400000| Untracked 
|  77|0x0000000615800000, 0x0000000615800000, 0x0000000615c00000|  0%| F|  |TAMS 0x0000000615800000| PB 0x0000000615800000| Untracked 
|  78|0x0000000615c00000, 0x0000000615c00000, 0x0000000616000000|  0%| F|  |TAMS 0x0000000615c00000| PB 0x0000000615c00000| Untracked 
|  79|0x0000000616000000, 0x0000000616000000, 0x0000000616400000|  0%| F|  |TAMS 0x0000000616000000| PB 0x0000000616000000| Untracked 
|  80|0x0000000616400000, 0x0000000616400000, 0x0000000616800000|  0%| F|  |TAMS 0x0000000616400000| PB 0x0000000616400000| Untracked 
|  81|0x0000000616800000, 0x0000000616800000, 0x0000000616c00000|  0%| F|  |TAMS 0x0000000616800000| PB 0x0000000616800000| Untracked 
|  82|0x0000000616c00000, 0x0000000616c00000, 0x0000000617000000|  0%| F|  |TAMS 0x0000000616c00000| PB 0x0000000616c00000| Untracked 
|  83|0x0000000617000000, 0x0000000617000000, 0x0000000617400000|  0%| F|  |TAMS 0x0000000617000000| PB 0x0000000617000000| Untracked 
|  84|0x0000000617400000, 0x0000000617400000, 0x0000000617800000|  0%| F|  |TAMS 0x0000000617400000| PB 0x0000000617400000| Untracked 
|  85|0x0000000617800000, 0x0000000617800000, 0x0000000617c00000|  0%| F|  |TAMS 0x0000000617800000| PB 0x0000000617800000| Untracked 
|  86|0x0000000617c00000, 0x0000000617c00000, 0x0000000618000000|  0%| F|  |TAMS 0x0000000617c00000| PB 0x0000000617c00000| Untracked 
|  87|0x0000000618000000, 0x0000000618000000, 0x0000000618400000|  0%| F|  |TAMS 0x0000000618000000| PB 0x0000000618000000| Untracked 
|  88|0x0000000618400000, 0x0000000618400000, 0x0000000618800000|  0%| F|  |TAMS 0x0000000618400000| PB 0x0000000618400000| Untracked 
|  89|0x0000000618800000, 0x0000000618800000, 0x0000000618c00000|  0%| F|  |TAMS 0x0000000618800000| PB 0x0000000618800000| Untracked 
|  90|0x0000000618c00000, 0x0000000618c00000, 0x0000000619000000|  0%| F|  |TAMS 0x0000000618c00000| PB 0x0000000618c00000| Untracked 
|  91|0x0000000619000000, 0x0000000619000000, 0x0000000619400000|  0%| F|  |TAMS 0x0000000619000000| PB 0x0000000619000000| Untracked 
|  92|0x0000000619400000, 0x0000000619400000, 0x0000000619800000|  0%| F|  |TAMS 0x0000000619400000| PB 0x0000000619400000| Untracked 
|  93|0x0000000619800000, 0x0000000619800000, 0x0000000619c00000|  0%| F|  |TAMS 0x0000000619800000| PB 0x0000000619800000| Untracked 
|  94|0x0000000619c00000, 0x0000000619c00000, 0x000000061a000000|  0%| F|  |TAMS 0x0000000619c00000| PB 0x0000000619c00000| Untracked 
|  95|0x000000061a000000, 0x000000061a000000, 0x000000061a400000|  0%| F|  |TAMS 0x000000061a000000| PB 0x000000061a000000| Untracked 
|  96|0x000000061a400000, 0x000000061a400000, 0x000000061a800000|  0%| F|  |TAMS 0x000000061a400000| PB 0x000000061a400000| Untracked 
|  97|0x000000061a800000, 0x000000061a800000, 0x000000061ac00000|  0%| F|  |TAMS 0x000000061a800000| PB 0x000000061a800000| Untracked 
|  98|0x000000061ac00000, 0x000000061ac00000, 0x000000061b000000|  0%| F|  |TAMS 0x000000061ac00000| PB 0x000000061ac00000| Untracked 
|  99|0x000000061b000000, 0x000000061b000000, 0x000000061b400000|  0%| F|  |TAMS 0x000000061b000000| PB 0x000000061b000000| Untracked 
| 100|0x000000061b400000, 0x000000061b400000, 0x000000061b800000|  0%| F|  |TAMS 0x000000061b400000| PB 0x000000061b400000| Untracked 
| 101|0x000000061b800000, 0x000000061b800000, 0x000000061bc00000|  0%| F|  |TAMS 0x000000061b800000| PB 0x000000061b800000| Untracked 
| 102|0x000000061bc00000, 0x000000061bc00000, 0x000000061c000000|  0%| F|  |TAMS 0x000000061bc00000| PB 0x000000061bc00000| Untracked 
| 103|0x000000061c000000, 0x000000061c000000, 0x000000061c400000|  0%| F|  |TAMS 0x000000061c000000| PB 0x000000061c000000| Untracked 
| 104|0x000000061c400000, 0x000000061c400000, 0x000000061c800000|  0%| F|  |TAMS 0x000000061c400000| PB 0x000000061c400000| Untracked 
| 105|0x000000061c800000, 0x000000061c800000, 0x000000061cc00000|  0%| F|  |TAMS 0x000000061c800000| PB 0x000000061c800000| Untracked 
| 106|0x000000061cc00000, 0x000000061cc00000, 0x000000061d000000|  0%| F|  |TAMS 0x000000061cc00000| PB 0x000000061cc00000| Untracked 
| 107|0x000000061d000000, 0x000000061d000000, 0x000000061d400000|  0%| F|  |TAMS 0x000000061d000000| PB 0x000000061d000000| Untracked 
| 108|0x000000061d400000, 0x000000061d400000, 0x000000061d800000|  0%| F|  |TAMS 0x000000061d400000| PB 0x000000061d400000| Untracked 
| 109|0x000000061d800000, 0x000000061d800000, 0x000000061dc00000|  0%| F|  |TAMS 0x000000061d800000| PB 0x000000061d800000| Untracked 
| 110|0x000000061dc00000, 0x000000061dc00000, 0x000000061e000000|  0%| F|  |TAMS 0x000000061dc00000| PB 0x000000061dc00000| Untracked 
| 111|0x000000061e000000, 0x000000061e000000, 0x000000061e400000|  0%| F|  |TAMS 0x000000061e000000| PB 0x000000061e000000| Untracked 
| 112|0x000000061e400000, 0x000000061e400000, 0x000000061e800000|  0%| F|  |TAMS 0x000000061e400000| PB 0x000000061e400000| Untracked 
| 113|0x000000061e800000, 0x000000061e800000, 0x000000061ec00000|  0%| F|  |TAMS 0x000000061e800000| PB 0x000000061e800000| Untracked 
| 114|0x000000061ec00000, 0x000000061ec00000, 0x000000061f000000|  0%| F|  |TAMS 0x000000061ec00000| PB 0x000000061ec00000| Untracked 
| 115|0x000000061f000000, 0x000000061f000000, 0x000000061f400000|  0%| F|  |TAMS 0x000000061f000000| PB 0x000000061f000000| Untracked 
| 116|0x000000061f400000, 0x000000061f400000, 0x000000061f800000|  0%| F|  |TAMS 0x000000061f400000| PB 0x000000061f400000| Untracked 
| 117|0x000000061f800000, 0x000000061f800000, 0x000000061fc00000|  0%| F|  |TAMS 0x000000061f800000| PB 0x000000061f800000| Untracked 
| 118|0x000000061fc00000, 0x000000061fc00000, 0x0000000620000000|  0%| F|  |TAMS 0x000000061fc00000| PB 0x000000061fc00000| Untracked 
| 119|0x0000000620000000, 0x0000000620000000, 0x0000000620400000|  0%| F|  |TAMS 0x0000000620000000| PB 0x0000000620000000| Untracked 
| 120|0x0000000620400000, 0x0000000620400000, 0x0000000620800000|  0%| F|  |TAMS 0x0000000620400000| PB 0x0000000620400000| Untracked 
| 121|0x0000000620800000, 0x0000000620c00000, 0x0000000620c00000|100%| S|CS|TAMS 0x0000000620800000| PB 0x0000000620800000| Complete 
| 122|0x0000000620c00000, 0x0000000620c00000, 0x0000000621000000|  0%| F|  |TAMS 0x0000000620c00000| PB 0x0000000620c00000| Untracked 
| 123|0x0000000621000000, 0x0000000621000000, 0x0000000621400000|  0%| F|  |TAMS 0x0000000621000000| PB 0x0000000621000000| Untracked 
| 124|0x0000000621400000, 0x0000000621400000, 0x0000000621800000|  0%| F|  |TAMS 0x0000000621400000| PB 0x0000000621400000| Untracked 
| 125|0x0000000621800000, 0x0000000621800000, 0x0000000621c00000|  0%| F|  |TAMS 0x0000000621800000| PB 0x0000000621800000| Untracked 
| 126|0x0000000621c00000, 0x0000000621c00000, 0x0000000622000000|  0%| F|  |TAMS 0x0000000621c00000| PB 0x0000000621c00000| Untracked 
| 127|0x0000000622000000, 0x0000000622000000, 0x0000000622400000|  0%| F|  |TAMS 0x0000000622000000| PB 0x0000000622000000| Untracked 

Card table byte_map: [0x000001d9bb5a0000,0x000001d9bc590000] _byte_map_base: 0x000001d9b858e000

Marking Bits: (CMBitMap*) 0x000001d9a2c0d6f0
 Bits: [0x000001d9bc590000, 0x000001d9c4500000)

Polling page: 0x000001d9a09e0000

Metaspace:

Usage:
  Non-class:      2.70 MB used.
      Class:    338.65 KB used.
       Both:      3.03 MB used.

Virtual space:
  Non-class space:       64.00 MB reserved,       2.75 MB (  4%) committed,  1 nodes.
      Class space:        1.00 GB reserved,     384.00 KB ( <1%) committed,  1 nodes.
             Both:        1.06 GB reserved,       3.12 MB ( <1%) committed. 

Chunk freelists:
   Non-Class:  10.08 MB
       Class:  15.44 MB
        Both:  25.52 MB

MaxMetaspaceSize: unlimited
CompressedClassSpaceSize: 1.00 GB
Initial GC threshold: 21.00 MB
Current GC threshold: 21.00 MB
CDS: on
 - commit_granule_bytes: 65536.
 - commit_granule_words: 8192.
 - virtual_space_node_default_size: 8388608.
 - enlarge_chunks_in_place: 1.
 - use_allocation_guard: 0.


Internal statistics:

num_allocs_failed_limit: 0.
num_arena_births: 34.
num_arena_deaths: 0.
num_vsnodes_births: 2.
num_vsnodes_deaths: 0.
num_space_committed: 50.
num_space_uncommitted: 0.
num_chunks_returned_to_freelist: 0.
num_chunks_taken_from_freelist: 114.
num_chunk_merges: 0.
num_chunk_splits: 97.
num_chunks_enlarged: 84.
num_inconsistent_stats: 0.

CodeHeap 'non-profiled nmethods': size=120000Kb used=490Kb max_used=490Kb free=119509Kb
 bounds [0x000001d9b2d50000, 0x000001d9b2fc0000, 0x000001d9ba280000]
CodeHeap 'profiled nmethods': size=120000Kb used=1457Kb max_used=1457Kb free=118542Kb
 bounds [0x000001d9ab280000, 0x000001d9ab4f0000, 0x000001d9b27b0000]
CodeHeap 'non-nmethods': size=5760Kb used=1243Kb max_used=1290Kb free=4516Kb
 bounds [0x000001d9b27b0000, 0x000001d9b2a20000, 0x000001d9b2d50000]
CodeCache: size=245760Kb, used=3190Kb, max_used=3237Kb, free=242567Kb
 total_blobs=1251, nmethods=842, adapters=314, full_count=0
Compilation: enabled, stopped_count=0, restarted_count=0

Compilation events (20 events):
Event: 1.481 Thread 0x000001da083c4860  797       4       java.util.HashMap::afterNodeAccess (1 bytes)
Event: 1.481 Thread 0x000001da083c4860 nmethod 797 0x000001d9b2dc6910 code [0x000001d9b2dc6aa0, 0x000001d9b2dc6b28]
Event: 1.481 Thread 0x000001da083c4860  799       4       ca.pfv.spmf.algorithms.sequentialpatterns.clospan_AGP.items.Pair::equals (34 bytes)
Event: 1.483 Thread 0x000001da083c4860 nmethod 799 0x000001d9b2dc6c10 code [0x000001d9b2dc6de0, 0x000001d9b2dc70d8]
Event: 1.483 Thread 0x000001da083c4860  822       4       java.util.HashSet::clear (8 bytes)
Event: 1.486 Thread 0x000001d9c46d3100  839       2       ca.pfv.spmf.algorithms.sequentialpatterns.clospan_AGP.items.creators.AbstractionCreator_Qualitative::addPair (82 bytes)
Event: 1.486 Thread 0x000001d9c46d3100 nmethod 839 0x000001d9ab3eb890 code [0x000001d9ab3ebaa0, 0x000001d9ab3ec260]
Event: 1.486 Thread 0x000001da083c4860 nmethod 822 0x000001d9b2dc7410 code [0x000001d9b2dc75c0, 0x000001d9b2dc7900]
Event: 1.486 Thread 0x000001da083c4860  840       4       ca.pfv.spmf.algorithms.sequentialpatterns.clospan_AGP.items.creators.ItemAbstractionPairCreator::getInstance (20 bytes)
Event: 1.486 Thread 0x000001da083c4860 nmethod 840 0x000001d9b2dc7a10 code [0x000001d9b2dc7ba0, 0x000001d9b2dc7c38]
Event: 1.487 Thread 0x000001da083c4860  844       4       ca.pfv.spmf.algorithms.sequentialpatterns.clospan_AGP.items.creators.AbstractionCreator_Qualitative::addPair (82 bytes)
Event: 1.500 Thread 0x000001da083c4860 nmethod 844 0x000001d9b2dc7d10 code [0x000001d9b2dc7fa0, 0x000001d9b2dc8db8]
Event: 1.500 Thread 0x000001da083c4860  841       4       ca.pfv.spmf.algorithms.sequentialpatterns.clospan_AGP.items.creators.ItemAbstractionPairCreator::getItemAbstractionPair (10 bytes)
Event: 1.500 Thread 0x000001da083c4860 nmethod 841 0x000001d9b2dc9890 code [0x000001d9b2dc9a20, 0x000001d9b2dc9b28]
Event: 1.501 Thread 0x000001da083c4860  842       4       ca.pfv.spmf.algorithms.sequentialpatterns.clospan_AGP.items.creators.AbstractionCreator_Qualitative::createAbstraction (5 bytes)
Event: 1.501 Thread 0x000001da083c4860 nmethod 842 0x000001d9b2dc9c10 code [0x000001d9b2dc9da0, 0x000001d9b2dc9e90]
Event: 1.501 Thread 0x000001da083c4860  843       4       ca.pfv.spmf.algorithms.sequentialpatterns.clospan_AGP.items.Pair::<init> (26 bytes)
Event: 1.504 Thread 0x000001da083c4860 nmethod 843 0x000001d9b2dc9f90 code [0x000001d9b2dca140, 0x000001d9b2dca570]
Event: 1.504 Thread 0x000001da083c4860  686       4       ca.pfv.spmf.algorithms.sequentialpatterns.clospan_AGP.items.Sequence::<init> (26 bytes)
Event: 1.505 Thread 0x000001da083c4860 nmethod 686 0x000001d9b2dca690 code [0x000001d9b2dca820, 0x000001d9b2dcaa20]

GC Heap History (9 events):
Event: 0.276 GC heap before
{Heap before GC invocations=0 (full 0):
 garbage-first heap   total 524288K, used 24576K [0x0000000602400000, 0x0000000800000000)
  region size 4096K, 6 young (24576K), 0 survivors (0K)
 Metaspace       used 2933K, committed 3072K, reserved 1114112K
  class space    used 327K, committed 384K, reserved 1048576K
}
Event: 0.280 GC heap after
{Heap after GC invocations=1 (full 0):
 garbage-first heap   total 524288K, used 7616K [0x0000000602400000, 0x0000000800000000)
  region size 4096K, 1 young (4096K), 1 survivors (4096K)
 Metaspace       used 2933K, committed 3072K, reserved 1114112K
  class space    used 327K, committed 384K, reserved 1048576K
}
Event: 0.320 GC heap before
{Heap before GC invocations=1 (full 0):
 garbage-first heap   total 524288K, used 28096K [0x0000000602400000, 0x0000000800000000)
  region size 4096K, 6 young (24576K), 1 survivors (4096K)
 Metaspace       used 2983K, committed 3136K, reserved 1114112K
  class space    used 332K, committed 384K, reserved 1048576K
}
Event: 0.325 GC heap after
{Heap after GC invocations=2 (full 0):
 garbage-first heap   total 524288K, used 21758K [0x0000000602400000, 0x0000000800000000)
  region size 4096K, 1 young (4096K), 1 survivors (4096K)
 Metaspace       used 2983K, committed 3136K, reserved 1114112K
  class space    used 332K, committed 384K, reserved 1048576K
}
Event: 0.436 GC heap before
{Heap before GC invocations=2 (full 0):
 garbage-first heap   total 524288K, used 54526K [0x0000000602400000, 0x0000000800000000)
  region size 4096K, 9 young (36864K), 1 survivors (4096K)
 Metaspace       used 3104K, committed 3200K, reserved 1114112K
  class space    used 338K, committed 384K, reserved 1048576K
}
Event: 1.424 GC heap after
{Heap after GC invocations=3 (full 0):
 garbage-first heap   total 524288K, used 24506K [0x0000000602400000, 0x0000000800000000)
  region size 4096K, 2 young (8192K), 2 survivors (8192K)
 Metaspace       used 3104K, committed 3200K, reserved 1114112K
  class space    used 338K, committed 384K, reserved 1048576K
}
Event: 1.465 GC heap before
{Heap before GC invocations=3 (full 0):
 garbage-first heap   total 524288K, used 40890K [0x0000000602400000, 0x0000000800000000)
  region size 4096K, 6 young (24576K), 2 survivors (8192K)
 Metaspace       used 3104K, committed 3200K, reserved 1114112K
  class space    used 338K, committed 384K, reserved 1048576K
}
Event: 1.467 GC heap after
{Heap after GC invocations=4 (full 0):
 garbage-first heap   total 524288K, used 26572K [0x0000000602400000, 0x0000000800000000)
  region size 4096K, 1 young (4096K), 1 survivors (4096K)
 Metaspace       used 3104K, committed 3200K, reserved 1114112K
  class space    used 338K, committed 384K, reserved 1048576K
}
Event: 1.513 GC heap before
{Heap before GC invocations=4 (full 0):
 garbage-first heap   total 524288K, used 47052K [0x0000000602400000, 0x0000000800000000)
  region size 4096K, 6 young (24576K), 1 survivors (4096K)
 Metaspace       used 3104K, committed 3200K, reserved 1114112K
  class space    used 338K, committed 384K, reserved 1048576K
}

Dll operation events (6 events):
Event: 0.008 Loaded shared library C:\Program Files\Eclipse Adoptium\jdk-21.0.11.10-hotspot\bin\java.dll
Event: 0.031 Loaded shared library C:\Program Files\Eclipse Adoptium\jdk-21.0.11.10-hotspot\bin\jsvml.dll
Event: 0.043 Loaded shared library C:\Program Files\Eclipse Adoptium\jdk-21.0.11.10-hotspot\bin\net.dll
Event: 0.045 Loaded shared library C:\Program Files\Eclipse Adoptium\jdk-21.0.11.10-hotspot\bin\nio.dll
Event: 0.051 Loaded shared library C:\Program Files\Eclipse Adoptium\jdk-21.0.11.10-hotspot\bin\zip.dll
Event: 0.060 Loaded shared library C:\Program Files\Eclipse Adoptium\jdk-21.0.11.10-hotspot\bin\jimage.dll

Deoptimization events (20 events):
Event: 0.370 Thread 0x000001d9a2b655b0 DEOPT PACKING pc=0x000001d9b2da7d48 sp=0x00000035fecfe9f0
Event: 0.370 Thread 0x000001d9a2b655b0 DEOPT UNPACKING pc=0x000001d9b2804422 sp=0x00000035fecfe898 mode 2
Event: 0.373 Thread 0x000001d9a2b655b0 DEOPT PACKING pc=0x000001d9ab3be808 sp=0x00000035fecfe960
Event: 0.373 Thread 0x000001d9a2b655b0 DEOPT UNPACKING pc=0x000001d9b2804bc2 sp=0x00000035fecfddf0 mode 0
Event: 0.373 Thread 0x000001d9a2b655b0 Uncommon trap: trap_request=0xffffff45 fr.pc=0x000001d9b2daa408 relative=0x0000000000000b68
Event: 0.373 Thread 0x000001d9a2b655b0 Uncommon trap: reason=unstable_if action=reinterpret pc=0x000001d9b2daa408 method=java.util.HashMap.putVal(ILjava/lang/Object;Ljava/lang/Object;ZZ)Ljava/lang/Object; @ 81 c2
Event: 0.373 Thread 0x000001d9a2b655b0 DEOPT PACKING pc=0x000001d9b2daa408 sp=0x00000035fecfe700
Event: 0.373 Thread 0x000001d9a2b655b0 DEOPT UNPACKING pc=0x000001d9b2804422 sp=0x00000035fecfe690 mode 2
Event: 1.464 Thread 0x000001d9a2b655b0 DEOPT PACKING pc=0x000001d9ab3ea195 sp=0x00000035fecfea50
Event: 1.464 Thread 0x000001d9a2b655b0 DEOPT UNPACKING pc=0x000001d9b2804bc2 sp=0x00000035fecfdf60 mode 0
Event: 1.467 Thread 0x000001d9a2b655b0 DEOPT PACKING pc=0x000001d9ab3e41fa sp=0x00000035fecfe9e0
Event: 1.467 Thread 0x000001d9a2b655b0 DEOPT UNPACKING pc=0x000001d9b2804bc2 sp=0x00000035fecfdf60 mode 0
Event: 1.485 Thread 0x000001d9a2b655b0 Uncommon trap: trap_request=0xfffffff4 fr.pc=0x000001d9b2dc5be8 relative=0x0000000000000a68
Event: 1.485 Thread 0x000001d9a2b655b0 Uncommon trap: reason=null_check action=make_not_entrant pc=0x000001d9b2dc5be8 method=ca.pfv.spmf.algorithms.sequentialpatterns.clospan_AGP.items.creators.AbstractionCreator_Qualitative.addPair(Ljava/util/Map;Ljava/util/Set;ILca/pfv/spmf/algorithms/sequen
Event: 1.485 Thread 0x000001d9a2b655b0 DEOPT PACKING pc=0x000001d9b2dc5be8 sp=0x00000035fecfe8e0
Event: 1.485 Thread 0x000001d9a2b655b0 DEOPT UNPACKING pc=0x000001d9b2804422 sp=0x00000035fecfe8b0 mode 2
Event: 1.488 Thread 0x000001d9a2b655b0 DEOPT PACKING pc=0x000001d9ab3ea195 sp=0x00000035fecfe980
Event: 1.488 Thread 0x000001d9a2b655b0 DEOPT UNPACKING pc=0x000001d9b2804bc2 sp=0x00000035fecfde90 mode 0
Event: 1.511 Thread 0x000001d9a2b655b0 DEOPT PACKING pc=0x000001d9ab3ea195 sp=0x00000035fecfe8b0
Event: 1.512 Thread 0x000001d9a2b655b0 DEOPT UNPACKING pc=0x000001d9b2804bc2 sp=0x00000035fecfddc0 mode 0

Classes loaded (20 events):
Event: 0.248 Loading class java/util/LinkedList
Event: 0.248 Loading class java/util/AbstractSequentialList
Event: 0.248 Loading class java/util/AbstractSequentialList done
Event: 0.248 Loading class java/util/LinkedList done
Event: 0.250 Loading class java/util/BitSet
Event: 0.250 Loading class java/util/BitSet done
Event: 0.250 Loading class java/util/LinkedList$Node
Event: 0.250 Loading class java/util/LinkedList$Node done
Event: 0.305 Loading class java/io/FileWriter
Event: 0.305 Loading class java/io/FileWriter done
Event: 0.306 Loading class sun/nio/cs/UTF_8$Encoder
Event: 0.306 Loading class sun/nio/cs/UTF_8$Encoder done
Event: 0.307 Loading class java/util/LinkedList$ListItr
Event: 0.307 Loading class java/util/LinkedList$ListItr done
Event: 0.327 Loading class javax/swing/tree/MutableTreeNode
Event: 0.327 Loading class javax/swing/tree/TreeNode
Event: 0.327 Loading class javax/swing/tree/TreeNode done
Event: 0.327 Loading class javax/swing/tree/MutableTreeNode done
Event: 0.327 Loading class java/util/ComparableTimSort
Event: 0.328 Loading class java/util/ComparableTimSort done

Classes unloaded (0 events):
No events

Classes redefined (0 events):
No events

Internal exceptions (1 events):
Event: 1.485 Thread 0x000001d9a2b655b0 Implicit null exception at 0x000001d9b2dc5454 to 0x000001d9b2dc5bd0

ZGC Phase Switch (0 events):
No events

VM Operations (11 events):
Event: 0.052 Executing non-safepoint VM operation: HandshakeAllThreads (Deoptimize)
Event: 0.052 Executing non-safepoint VM operation: HandshakeAllThreads (Deoptimize) done
Event: 0.275 Executing safepoint VM operation: G1CollectForAllocation (G1 Evacuation Pause)
Event: 0.280 Executing safepoint VM operation: G1CollectForAllocation (G1 Evacuation Pause) done
Event: 0.320 Executing safepoint VM operation: G1CollectForAllocation (G1 Evacuation Pause)
Event: 0.325 Executing safepoint VM operation: G1CollectForAllocation (G1 Evacuation Pause) done
Event: 0.436 Executing safepoint VM operation: G1CollectForAllocation (G1 Evacuation Pause)
Event: 1.424 Executing safepoint VM operation: G1CollectForAllocation (G1 Evacuation Pause) done
Event: 1.465 Executing safepoint VM operation: G1CollectForAllocation (G1 Evacuation Pause)
Event: 1.467 Executing safepoint VM operation: G1CollectForAllocation (G1 Evacuation Pause) done
Event: 1.513 Executing safepoint VM operation: G1CollectForAllocation (G1 Evacuation Pause)

Memory protections (0 events):
No events

Nmethod flushes (0 events):
No events

Events (13 events):
Event: 0.019 Thread 0x000001d9a2b655b0 Thread added: 0x000001d9a2b655b0
Event: 0.029 Thread 0x000001d9a2b655b0 Thread added: 0x000001d9c46bc010
Event: 0.029 Thread 0x000001d9a2b655b0 Thread added: 0x000001d9c46bd790
Event: 0.029 Thread 0x000001d9a2b655b0 Thread added: 0x000001d9c46c0f20
Event: 0.029 Thread 0x000001d9a2b655b0 Thread added: 0x000001d9c46c1980
Event: 0.029 Thread 0x000001d9a2b655b0 Thread added: 0x000001d9c46c23e0
Event: 0.029 Thread 0x000001d9a2b655b0 Thread added: 0x000001d9c46c3b60
Event: 0.029 Thread 0x000001d9a2b655b0 Thread added: 0x000001d9c46c8340
Event: 0.030 Thread 0x000001d9a2b655b0 Thread added: 0x000001d9c46d3100
Event: 0.040 Thread 0x000001d9a2b655b0 Thread added: 0x000001d9c4688a90
Event: 0.041 Thread 0x000001d9a2b655b0 Thread added: 0x000001da081ee810
Event: 0.055 Thread 0x000001d9c46c8340 Thread added: 0x000001da081fa4b0
Event: 0.261 Thread 0x000001d9c46d3100 Thread added: 0x000001da083c4860


Dynamic libraries:
0x00007ff678be0000 - 0x00007ff678bee000 	C:\Program Files\Eclipse Adoptium\jdk-21.0.11.10-hotspot\bin\java.exe
0x00007ffb7ebe0000 - 0x00007ffb7ee46000 	C:\WINDOWS\SYSTEM32\ntdll.dll
0x00007ffb7d750000 - 0x00007ffb7d819000 	C:\WINDOWS\System32\KERNEL32.DLL
0x00007ffb7c210000 - 0x00007ffb7c60f000 	C:\WINDOWS\System32\KERNELBASE.dll
0x00007ffb7c7b0000 - 0x00007ffb7c8fc000 	C:\WINDOWS\System32\ucrtbase.dll
0x00007ffab8c90000 - 0x00007ffab8cae000 	C:\Program Files\Eclipse Adoptium\jdk-21.0.11.10-hotspot\bin\VCRUNTIME140.dll
0x00007ffab67c0000 - 0x00007ffab67d8000 	C:\Program Files\Eclipse Adoptium\jdk-21.0.11.10-hotspot\bin\jli.dll
0x00007ffb7e470000 - 0x00007ffb7e636000 	C:\WINDOWS\System32\USER32.dll
0x00007ffb5df70000 - 0x00007ffb5e201000 	C:\WINDOWS\WinSxS\amd64_microsoft.windows.common-controls_6595b64144ccf1df_6.0.26100.8972_none_3e0da176e32f9d4b\COMCTL32.dll
0x00007ffb7c1e0000 - 0x00007ffb7c207000 	C:\WINDOWS\System32\win32u.dll
0x00007ffb7cf40000 - 0x00007ffb7cfe9000 	C:\WINDOWS\System32\msvcrt.dll
0x00007ffb7d470000 - 0x00007ffb7d49b000 	C:\WINDOWS\System32\GDI32.dll
0x00007ffb7bf40000 - 0x00007ffb7c069000 	C:\WINDOWS\System32\gdi32full.dll
0x00007ffb7c070000 - 0x00007ffb7c113000 	C:\WINDOWS\System32\msvcp_win.dll
0x00007ffb7d530000 - 0x00007ffb7d562000 	C:\WINDOWS\System32\IMM32.DLL
0x00007ffada760000 - 0x00007ffada76c000 	C:\Program Files\Eclipse Adoptium\jdk-21.0.11.10-hotspot\bin\vcruntime140_1.dll
0x00007ffa8fc90000 - 0x00007ffa8fd1d000 	C:\Program Files\Eclipse Adoptium\jdk-21.0.11.10-hotspot\bin\msvcp140.dll
0x00007ffa8deb0000 - 0x00007ffa8ec52000 	C:\Program Files\Eclipse Adoptium\jdk-21.0.11.10-hotspot\bin\server\jvm.dll
0x00007ffb7d2c0000 - 0x00007ffb7d37c000 	C:\WINDOWS\System32\ADVAPI32.dll
0x00007ffb7e330000 - 0x00007ffb7e3da000 	C:\WINDOWS\System32\sechost.dll
0x00007ffb7dfd0000 - 0x00007ffb7e0e8000 	C:\WINDOWS\System32\RPCRT4.dll
0x00007ffb7ead0000 - 0x00007ffb7eb52000 	C:\WINDOWS\System32\WS2_32.dll
0x00007ffb7ba90000 - 0x00007ffb7baee000 	C:\WINDOWS\SYSTEM32\POWRPROF.dll
0x00007ffb6bd30000 - 0x00007ffb6bd66000 	C:\WINDOWS\SYSTEM32\WINMM.dll
0x00007ffb74f20000 - 0x00007ffb74f2b000 	C:\WINDOWS\SYSTEM32\VERSION.dll
0x00007ffb7ba70000 - 0x00007ffb7ba85000 	C:\WINDOWS\SYSTEM32\UMPDC.dll
0x00007ffb7aaa0000 - 0x00007ffb7aabb000 	C:\WINDOWS\SYSTEM32\kernel.appcore.dll
0x00007ffada6e0000 - 0x00007ffada6ea000 	C:\Program Files\Eclipse Adoptium\jdk-21.0.11.10-hotspot\bin\jimage.dll
0x00007ffb61810000 - 0x00007ffb61a52000 	C:\WINDOWS\SYSTEM32\DBGHELP.DLL
0x00007ffb7c910000 - 0x00007ffb7cc95000 	C:\WINDOWS\System32\combase.dll
0x00007ffb7d390000 - 0x00007ffb7d469000 	C:\WINDOWS\System32\OLEAUT32.dll
0x00007ffb5fc50000 - 0x00007ffb5fc8b000 	C:\WINDOWS\SYSTEM32\dbgcore.DLL
0x00007ffb7be80000 - 0x00007ffb7bf2c000 	C:\WINDOWS\System32\bcryptPrimitives.dll
0x00007ffab67a0000 - 0x00007ffab67c0000 	C:\Program Files\Eclipse Adoptium\jdk-21.0.11.10-hotspot\bin\java.dll
0x00007ffb7d820000 - 0x00007ffb7dfa8000 	C:\WINDOWS\System32\SHELL32.dll
0x00007ffb79880000 - 0x00007ffb7a11b000 	C:\WINDOWS\SYSTEM32\windows.storage.dll
0x00007ffb7d020000 - 0x00007ffb7d119000 	C:\WINDOWS\System32\SHCORE.dll
0x00007ffb7d6e0000 - 0x00007ffb7d746000 	C:\WINDOWS\System32\shlwapi.dll
0x00007ffb7bd10000 - 0x00007ffb7bd39000 	C:\WINDOWS\SYSTEM32\profapi.dll
0x00007ffa8ddd0000 - 0x00007ffa8dea7000 	C:\Program Files\Eclipse Adoptium\jdk-21.0.11.10-hotspot\bin\jsvml.dll
0x00007ffada530000 - 0x00007ffada540000 	C:\Program Files\Eclipse Adoptium\jdk-21.0.11.10-hotspot\bin\net.dll
0x00007ffb732c0000 - 0x00007ffb733e8000 	C:\WINDOWS\SYSTEM32\WINHTTP.dll
0x00007ffb7b030000 - 0x00007ffb7b09c000 	C:\WINDOWS\system32\mswsock.dll
0x00007ffab4130000 - 0x00007ffab4146000 	C:\Program Files\Eclipse Adoptium\jdk-21.0.11.10-hotspot\bin\nio.dll
0x00007ffab4110000 - 0x00007ffab4128000 	C:\Program Files\Eclipse Adoptium\jdk-21.0.11.10-hotspot\bin\zip.dll

JVMTI agents: none

dbghelp: loaded successfully - version: 4.0.5 - missing functions: none
symbol engine: initialized successfully - sym options: 0x614 - pdb path: .;C:\Program Files\Eclipse Adoptium\jdk-21.0.11.10-hotspot\bin;C:\WINDOWS\SYSTEM32;C:\WINDOWS\WinSxS\amd64_microsoft.windows.common-controls_6595b64144ccf1df_6.0.26100.8972_none_3e0da176e32f9d4b;C:\Program Files\Eclipse Adoptium\jdk-21.0.11.10-hotspot\bin\server

VM Arguments:
java_command: E:\Projects\Submitted\FailurePatterns\scripts\spmf.jar run CloSpan E:\Projects\Submitted\FailurePatterns\_spmf_tmp_clospan\bgl_last10_fail.txt E:\Projects\Submitted\FailurePatterns\_spmf_tmp_clospan\bgl_last10_fail_closed.out 5.0000%
java_class_path (initial): E:\Projects\Submitted\FailurePatterns\scripts\spmf.jar
Launcher Type: SUN_STANDARD

[Global flags]
     intx CICompilerCount                          = 4                                         {product} {ergonomic}
     uint ConcGCThreads                            = 2                                         {product} {ergonomic}
     uint G1ConcRefinementThreads                  = 8                                         {product} {ergonomic}
   size_t G1HeapRegionSize                         = 4194304                                   {product} {ergonomic}
    uintx GCDrainStackTargetSize                   = 64                                        {product} {ergonomic}
   size_t InitialHeapSize                          = 536870912                                 {product} {ergonomic}
   size_t MarkStackSize                            = 4194304                                   {product} {ergonomic}
   size_t MaxHeapSize                              = 8552185856                                {product} {ergonomic}
   size_t MaxNewSize                               = 5129633792                                {product} {ergonomic}
   size_t MinHeapDeltaBytes                        = 4194304                                   {product} {ergonomic}
   size_t MinHeapSize                              = 8388608                                   {product} {ergonomic}
    uintx NonNMethodCodeHeapSize                   = 5839372                                {pd product} {ergonomic}
    uintx NonProfiledCodeHeapSize                  = 122909434                              {pd product} {ergonomic}
    uintx ProfiledCodeHeapSize                     = 122909434                              {pd product} {ergonomic}
    uintx ReservedCodeCacheSize                    = 251658240                              {pd product} {ergonomic}
     bool SegmentedCodeCache                       = true                                      {product} {ergonomic}
   size_t SoftMaxHeapSize                          = 8552185856                             {manageable} {ergonomic}
     bool UseCompressedOops                        = true                           {product lp64_product} {ergonomic}
     bool UseG1GC                                  = true                                      {product} {ergonomic}
     bool UseLargePagesIndividualAllocation        = false                                  {pd product} {ergonomic}

Logging:
Log output configuration:
 #0: stdout all=warning uptime,level,tags foldmultilines=false
 #1: stderr all=off uptime,level,tags foldmultilines=false

Release file:
IMPLEMENTOR="Eclipse Adoptium" 
IMPLEMENTOR_VERSION="Temurin-21.0.11+10" 
JAVA_RUNTIME_VERSION="21.0.11+10-LTS" 
JAVA_VERSION="21.0.11" 
JAVA_VERSION_DATE="2026-04-21" 
LIBC="default" 
MODULES="java.base java.compiler java.datatransfer java.xml java.prefs java.desktop java.instrument java.logging java.management java.security.sasl java.naming java.rmi java.management.rmi java.net.http java.scripting java.security.jgss java.transaction.xa java.sql java.sql.rowset java.xml.crypto java.se java.smartcardio jdk.accessibility jdk.internal.jvmstat jdk.attach jdk.charsets jdk.internal.opt jdk.zipfs jdk.compiler jdk.crypto.ec jdk.crypto.cryptoki jdk.crypto.mscapi jdk.dynalink jdk.internal.ed jdk.editpad jdk.hotspot.agent jdk.httpserver jdk.incubator.vector jdk.internal.le jdk.internal.vm.ci jdk.internal.vm.compiler jdk.internal.vm.compiler.management jdk.jartool jdk.javadoc jdk.jcmd jdk.management jdk.management.agent jdk.jconsole jdk.jdeps jdk.jdwp.agent jdk.jdi jdk.jfr jdk.jlink jdk.jpackage jdk.jshell jdk.jsobject jdk.jstatd jdk.localedata jdk.management.jfr jdk.naming.dns jdk.naming.rmi jdk.net jdk.nio.mapmode jdk.random jdk.sctp jdk.security.auth jdk.security.jgss jdk.unsupported jdk.unsupported.desktop jdk.xml.dom" 
OS_ARCH="x86_64" 
OS_NAME="Windows" 
SOURCE=".:git:254494ad7d75" 
BUILD_SOURCE="git:a612825ee82a20ac872d60958c349854c1f29a8e"
BUILD_SOURCE_REPO="https://github.com/adoptium/temurin-build.git"
SOURCE_REPO="https://github.com/adoptium/jdk21u.git"
FULL_VERSION="21.0.11+10-LTS"
SEMANTIC_VERSION="21.0.11+10"
BUILD_INFO="OS: Windows Server 2022 Version: 10.0"
JVM_VARIANT="Hotspot"
JVM_VERSION="21.0.11+10-LTS"
IMAGE_TYPE="JDK"

Environment Variables:
JAVA_HOME=C:\Program Files\Eclipse Adoptium\jdk-21.0.11.10-hotspot
PATH=C:\Users\apart\bin;C:\Program Files\Git\mingw64\bin;C:\Program Files\Git\usr\local\bin;C:\Program Files\Git\usr\bin;C:\Program Files\Git\usr\bin;C:\Program Files\Git\mingw64\bin;C:\Program Files\Git\usr\bin;C:\Users\apart\bin;C:\Program Files\Eclipse Adoptium\jdk-21.0.11.10-hotspot\bin;C:\Python314\Scripts;C:\Python314;C:\Program Files\NVIDIA GPU Computing Toolkit\CUDA\v12.4\bin;C:\Program Files\NVIDIA GPU Computing Toolkit\CUDA\v12.4\libnvvp;C:\Windows\system32;C:\Windows;C:\Windows\System32\Wbem;C:\Windows\System32\WindowsPowerShell\v1.0;C:\Windows\System32\OpenSSH;C:\Program Files\dotnet;C:\Program Files\Microsoft SQL Server\Client SDK\ODBC\170\Tools\Binn;C:\WINDOWS\system32;C:\WINDOWS;C:\WINDOWS\System32\Wbem;C:\WINDOWS\System32\WindowsPowerShell\v1.0;C:\WINDOWS\System32\OpenSSH;C:\Program Files (x86)\NVIDIA Corporation\PhysX\Common;C:\ProgramData\chocolatey\bin;C:\Users\apart\AppData\Local\Programs\cursor\resources\app\bin;C:\Program Files\NVIDIA Corporation\NVIDIA app\NvDLISR;C:\WINDOWS\system32;C:\WINDOWS;C:\WINDOWS\System32\Wbem;C:\WINDOWS\System32\WindowsPowerShell\v1.0;C:\WINDOWS\System32\OpenSSH;C:\Program Files\GitHub CLI;C:\Program Files\nodejs;C:\Program Files\Git\cmd;C:\Program Files\PowerShell\7;C:\Program Files\Git\mingw64\bin;C:\Program Files\Git\usr\bin;C:\Users\apart\bin;E:\OpenWork;C:\Users\apart\.bun\bin;C:\Users\apart\AppData\Roaming\npm;E:\OpenWork;C:\Users\apart\.bun\bin;C:\Users\apart\AppData\Roaming\Python\Python314\Scripts;C:\Users\apart\AppData\Roaming\Python\Python314\Scripts;C:\Users\apart\AppData\Local\Programs\pandoc;C:\Users\apart\AppData\Local\Programs\pandoc;E:\Microsoft VS Code\bin;C:\Users\apart\.local\bin;C:\Users\apart\AppData\Local\Microsoft\WindowsApps;C:\Users\apart\AppData\Local\Programs\MiKTeX\miktex\bin\x64;C:\Users\apart\.dotnet\tools;C:\Users\apart\.bubblewrap\jdk\jdk-17.0.11+9\bin;C:\Users\apart\AppData\Local\Android\Sdk\cmdline-tools\latest\bin;C:\Users\apart\AppData\Local\Android\Sdk\platform-tools;C:\Users\apart\AppData\Local\Android\Sdk\build-tools\36.0.0;C:\Users\apart\AppData\Roaming\Amazon;C:\Users\apart\AppData\Local\Programs\Python\Python311;C:\Program Files\nodejs;C:\Python314;C:\Program Files\Git\usr\bin\vendor_perl;C:\Program Files\Git\usr\bin\core_perl;C:\tools\pandoc
USERNAME=apart
SHELL=C:\Program Files\Git\usr\bin\bash.exe
DISPLAY=needs-to-be-defined
LANG=en_US.UTF-8
LC_ALL=en_US.UTF-8
TERM=xterm-256color
TMPDIR=E:\tmp
OS=Windows_NT
PROCESSOR_IDENTIFIER=Intel64 Family 6 Model 158 Stepping 13, GenuineIntel
TMP=E:\tmp
TEMP=E:\tmp




Periodic native trim disabled

---------------  S Y S T E M  ---------------

OS:
 Windows 11 , 64 bit Build 26100 (10.0.26100.9168)
OS uptime: 4 days 23:01 hours
Hyper-V role detected

CPU: total 8 (initial active 8) (8 cores per cpu, 1 threads per core) family 6 model 158 stepping 13 microcode 0x104, cx8, cmov, fxsr, mmx, 3dnowpref, sse, sse2, sse3, ssse3, sse4.1, sse4.2, popcnt, lzcnt, tsc, tscinvbit, avx, avx2, aes, erms, clmul, bmi1, bmi2, adx, fma, vzeroupper, clflush, clflushopt, hv, rdtscp, f16c
Processor Information for the first 8 processors :
  Max Mhz: 3000, Current Mhz: 3000, Mhz Limit: 3000

Memory: 4k page, system-wide physical 32610M (8120M free)
TotalPageFile size 73110M (AvailPageFile size 49M)
current process WorkingSet (physical memory assigned to process): 135M, peak: 135M
current process commit charge ("private bytes"): 630M, peak: 1634M

vm_info: OpenJDK 64-Bit Server VM (21.0.11+10-LTS) for windows-amd64 JRE (21.0.11+10-LTS), built on 2026-04-21T00:00:00Z by "admin" with MS VC++ 17.12 (VS2022)

END.
