#
# There is insufficient memory for the Java Runtime Environment to continue.
# Native memory allocation (mmap) failed to map 440401920 bytes. Error detail: G1 virtual space
# Possible reasons:
#   The system is out of physical RAM or swap space
#   This process is running with CompressedOops enabled, and the Java Heap may be blocking the growth of the native heap
# Possible solutions:
#   Reduce memory load on the system
#   Increase physical memory or swap space
#   Check if swap backing store is full
#   Decrease Java heap size (-Xmx/-Xms)
#   Decrease number of Java threads
#   Decrease Java thread stack sizes (-Xss)
#   Set larger code cache with -XX:ReservedCodeCacheSize=
#   JVM is running with Zero Based Compressed Oops mode in which the Java heap is
#     placed in the first 32GB address space. The Java Heap base address is the
#     maximum limit for the native heap growth. Please use -XX:HeapBaseMinAddress
#     to set the Java Heap base and to place the Java Heap above 32GB virtual address.
# This output file may be truncated or incomplete.
#
#  Out of Memory Error (os_windows.cpp:3714), pid=39232, tid=38116
#
# JRE version: OpenJDK Runtime Environment Temurin-21.0.11+10 (21.0.11+10) (build 21.0.11+10-LTS)
# Java VM: OpenJDK 64-Bit Server VM Temurin-21.0.11+10 (21.0.11+10-LTS, mixed mode, sharing, tiered, compressed oops, compressed class ptrs, g1 gc, windows-amd64)
# No core dump will be written. Minidumps are not enabled by default on client versions of Windows
#

---------------  S U M M A R Y ------------

Command Line: E:\Projects\Submitted\FailurePatterns\scripts\spmf.jar run CloSpan E:\Projects\Submitted\FailurePatterns\_spmf_tmp_clospan\bgl_last20_fail.txt E:\Projects\Submitted\FailurePatterns\_spmf_tmp_clospan\bgl_last20_fail_closed.out 5.0000%

Host: Intel(R) Core(TM) i7-9700 CPU @ 3.00GHz, 8 cores, 31G,  Windows 11 , 64 bit Build 26100 (10.0.26100.9168)
Time: Sat Aug 29 09:05:09 2026 Jerusalem Daylight Time elapsed time: 2.357240 seconds (0d 0h 0m 2s)

---------------  T H R E A D  ---------------

Current thread (0x00000217ffda8080):  VMThread "VM Thread"          [id=38116, stack(0x0000008b43600000,0x0000008b43700000) (1024K)]

Stack: [0x0000008b43600000,0x0000008b43700000]
Native frames: (J=compiled Java code, j=interpreted, Vv=VM code, C=native code)
V  [jvm.dll+0x6d7e19]
V  [jvm.dll+0x8b5096]
V  [jvm.dll+0x8b764e]
V  [jvm.dll+0x8b7d33]
V  [jvm.dll+0x284596]
V  [jvm.dll+0x6d4735]
V  [jvm.dll+0x6c845a]
V  [jvm.dll+0x35ef08]
V  [jvm.dll+0x366b46]
V  [jvm.dll+0x3b7c2e]
V  [jvm.dll+0x3b7ed8]
V  [jvm.dll+0x33310c]
V  [jvm.dll+0x333197]
V  [jvm.dll+0x376f6c]
V  [jvm.dll+0x37570e]
V  [jvm.dll+0x332851]
V  [jvm.dll+0x374d7a]
V  [jvm.dll+0x8bda20]
V  [jvm.dll+0x8bed94]
V  [jvm.dll+0x8bf2c0]
V  [jvm.dll+0x8bf563]
V  [jvm.dll+0x85fb0d]
V  [jvm.dll+0x6d664d]
C  [ucrtbase.dll+0x2cd30]
C  [KERNEL32.DLL+0x2ccb7]
C  [ntdll.dll+0xaad6c]

VM_Operation (0x0000008b42ffe2a0): G1CollectForAllocation, mode: safepoint, requested by thread 0x00000217f61cb4f0


---------------  P R O C E S S  ---------------

Threads class SMR info:
_java_thread_list=0x000002179aacb390, length=12, elements={
0x00000217f61cb4f0, 0x00000217ffdc88a0, 0x00000217ffdc9300, 0x00000217ffdcbfd0,
0x00000217ffdcee10, 0x00000217ffdcddf0, 0x00000217ffdd1880, 0x00000217ffdd22e0,
0x00000217ffde3ae0, 0x000002179a90afc0, 0x000002179a90b7f0, 0x000002179aad7c60
}

Java Threads: ( => current thread )
  0x00000217f61cb4f0 JavaThread "main"                              [_thread_blocked, id=26928, stack(0x0000008b42f00000,0x0000008b43000000) (1024K)]
  0x00000217ffdc88a0 JavaThread "Reference Handler"          daemon [_thread_blocked, id=13400, stack(0x0000008b43700000,0x0000008b43800000) (1024K)]
  0x00000217ffdc9300 JavaThread "Finalizer"                  daemon [_thread_blocked, id=32136, stack(0x0000008b43800000,0x0000008b43900000) (1024K)]
  0x00000217ffdcbfd0 JavaThread "Signal Dispatcher"          daemon [_thread_blocked, id=38888, stack(0x0000008b43900000,0x0000008b43a00000) (1024K)]
  0x00000217ffdcee10 JavaThread "Attach Listener"            daemon [_thread_blocked, id=33768, stack(0x0000008b43a00000,0x0000008b43b00000) (1024K)]
  0x00000217ffdcddf0 JavaThread "Service Thread"             daemon [_thread_blocked, id=8328, stack(0x0000008b43b00000,0x0000008b43c00000) (1024K)]
  0x00000217ffdd1880 JavaThread "Monitor Deflation Thread"   daemon [_thread_blocked, id=39036, stack(0x0000008b43c00000,0x0000008b43d00000) (1024K)]
  0x00000217ffdd22e0 JavaThread "C2 CompilerThread0"         daemon [_thread_blocked, id=9264, stack(0x0000008b43d00000,0x0000008b43e00000) (1024K)]
  0x00000217ffde3ae0 JavaThread "C1 CompilerThread0"         daemon [_thread_blocked, id=31432, stack(0x0000008b43e00000,0x0000008b43f00000) (1024K)]
  0x000002179a90afc0 JavaThread "Notification Thread"        daemon [_thread_blocked, id=22120, stack(0x0000008b43f00000,0x0000008b44000000) (1024K)]
  0x000002179a90b7f0 JavaThread "Common-Cleaner"             daemon [_thread_blocked, id=25088, stack(0x0000008b44000000,0x0000008b44100000) (1024K)]
  0x000002179aad7c60 JavaThread "C2 CompilerThread1"         daemon [_thread_blocked, id=29988, stack(0x0000008b44100000,0x0000008b44200000) (1024K)]
Total: 12

Other Threads:
=>0x00000217ffda8080 VMThread "VM Thread"                           [id=38116, stack(0x0000008b43600000,0x0000008b43700000) (1024K)]
  0x000002179a760eb0 WatcherThread "VM Periodic Task Thread"        [id=27204, stack(0x0000008b43500000,0x0000008b43600000) (1024K)]
  0x00000217f626e980 WorkerThread "GC Thread#0"                     [id=32572, stack(0x0000008b43000000,0x0000008b43100000) (1024K)]
  0x00000217e0126980 WorkerThread "GC Thread#1"                     [id=34908, stack(0x0000008b44300000,0x0000008b44400000) (1024K)]
  0x00000217e0126d30 WorkerThread "GC Thread#2"                     [id=20960, stack(0x0000008b44400000,0x0000008b44500000) (1024K)]
  0x000002179aac0f70 WorkerThread "GC Thread#3"                     [id=21388, stack(0x0000008b44500000,0x0000008b44600000) (1024K)]
  0x000002179aac1320 WorkerThread "GC Thread#4"                     [id=2404, stack(0x0000008b44600000,0x0000008b44700000) (1024K)]
  0x00000217e0015da0 WorkerThread "GC Thread#5"                     [id=36388, stack(0x0000008b44700000,0x0000008b44800000) (1024K)]
  0x00000217e0016150 WorkerThread "GC Thread#6"                     [id=29716, stack(0x0000008b44800000,0x0000008b44900000) (1024K)]
  0x00000217e0016500 WorkerThread "GC Thread#7"                     [id=39120, stack(0x0000008b44900000,0x0000008b44a00000) (1024K)]
  0x00000217ffc041f0 ConcurrentGCThread "G1 Main Marker"            [id=1688, stack(0x0000008b43100000,0x0000008b43200000) (1024K)]
  0x00000217ffc04ba0 WorkerThread "G1 Conc#0"                       [id=37808, stack(0x0000008b43200000,0x0000008b43300000) (1024K)]
  0x00000217ffcd1cd0 ConcurrentGCThread "G1 Refine#0"               [id=36412, stack(0x0000008b43300000,0x0000008b43400000) (1024K)]
  0x00000217ffcd25f0 ConcurrentGCThread "G1 Service"                [id=36792, stack(0x0000008b43400000,0x0000008b43500000) (1024K)]
Total: 14

Threads with active compile tasks:
C2 CompilerThread1  2375  859       4       ca.pfv.spmf.algorithms.sequentialpatterns.clospan_AGP.RecursionCloSpan::makePseudoProjections (676 bytes)
Total: 1

VM state: at safepoint (normal execution)

VM Mutex/Monitor currently owned by a thread:  ([mutex/lock_event])
[0x00007ffa8eb6f570] Threads_lock - owner thread: 0x00000217ffda8080
[0x00007ffa8eb6f670] Heap_lock - owner thread: 0x00000217f61cb4f0

Heap address: 0x0000000602400000, size: 8156 MB, Compressed Oops mode: Zero based, Oop shift amount: 3

CDS archive(s) mapped at: [0x000002179b000000-0x000002179bc80000-0x000002179bc80000), size 13107200, SharedBaseAddress: 0x000002179b000000, ArchiveRelocationMode: 1.
Compressed class space mapped at: 0x000002179c000000-0x00000217dc000000, reserved size: 1073741824
Narrow klass base: 0x000002179b000000, Narrow klass shift: 0, Narrow klass range: 0x100000000

GC Precious Log:
 CardTable entry size: 512
 Card Set container configuration: InlinePtr #cards 4 size 8 Array Of Cards #cards 32 size 80 Howl #buckets 8 coarsen threshold 7372 Howl Bitmap #cards 1024 size 144 coarsen threshold 921 Card regions per heap region 1 cards per card region 8192
 CPUs: 8 total, 8 available
 Memory: 32610M
 Large Page Support: Disabled
 NUMA Support: Disabled
 Compressed Oops: Enabled (Zero based)
 Heap Region Size: 4M
 Heap Min Capacity: 8M
 Heap Initial Capacity: 512M
 Heap Max Capacity: 8156M
 Pre-touch: Disabled
 Parallel Workers: 8
 Concurrent Workers: 2
 Concurrent Refinement Workers: 8
 Periodic GC: Disabled

Heap:
 garbage-first heap   total 524288K, used 60184K [0x0000000602400000, 0x0000000800000000)
  region size 4096K, 5 young (20480K), 5 survivors (20480K)
 Metaspace       used 3100K, committed 3200K, reserved 1114112K
  class space    used 338K, committed 384K, reserved 1048576K

Heap Regions: E=young(eden), S=young(survivor), O=old, HS=humongous(starts), HC=humongous(continues), CS=collection set, F=free, TAMS=top-at-mark-start, PB=parsable bottom
|   0|0x0000000602400000, 0x0000000602800000, 0x0000000602800000|100%| O|  |TAMS 0x0000000602400000| PB 0x0000000602400000| Untracked 
|   1|0x0000000602800000, 0x0000000602c00000, 0x0000000602c00000|100%| O|  |TAMS 0x0000000602800000| PB 0x0000000602800000| Untracked 
|   2|0x0000000602c00000, 0x0000000603000000, 0x0000000603000000|100%| O|  |TAMS 0x0000000602c00000| PB 0x0000000602c00000| Untracked 
|   3|0x0000000603000000, 0x0000000603400000, 0x0000000603400000|100%| O|  |TAMS 0x0000000603000000| PB 0x0000000603000000| Untracked 
|   4|0x0000000603400000, 0x0000000603800000, 0x0000000603800000|100%| O|  |TAMS 0x0000000603400000| PB 0x0000000603400000| Untracked 
|   5|0x0000000603800000, 0x0000000603c00000, 0x0000000603c00000|100%| O|  |TAMS 0x0000000603800000| PB 0x0000000603800000| Untracked 
|   6|0x0000000603c00000, 0x0000000604000000, 0x0000000604000000|100%| O|  |TAMS 0x0000000603c00000| PB 0x0000000603c00000| Untracked 
|   7|0x0000000604000000, 0x0000000604400000, 0x0000000604400000|100%| O|  |TAMS 0x0000000604000000| PB 0x0000000604000000| Untracked 
|   8|0x0000000604400000, 0x0000000604800000, 0x0000000604800000|100%| O|  |TAMS 0x0000000604400000| PB 0x0000000604400000| Untracked 
|   9|0x0000000604800000, 0x0000000604c00000, 0x0000000604c00000|100%| O|  |TAMS 0x0000000604800000| PB 0x0000000604800000| Untracked 
|  10|0x0000000604c00000, 0x0000000604c00000, 0x0000000605000000|  0%| F|  |TAMS 0x0000000604c00000| PB 0x0000000604c00000| Untracked 
|  11|0x0000000605000000, 0x0000000605000000, 0x0000000605400000|  0%| F|  |TAMS 0x0000000605000000| PB 0x0000000605000000| Untracked 
|  12|0x0000000605400000, 0x0000000605400000, 0x0000000605800000|  0%| F|  |TAMS 0x0000000605400000| PB 0x0000000605400000| Untracked 
|  13|0x0000000605800000, 0x0000000605800000, 0x0000000605c00000|  0%| F|  |TAMS 0x0000000605800000| PB 0x0000000605800000| Untracked 
|  14|0x0000000605c00000, 0x0000000605c00000, 0x0000000606000000|  0%| F|  |TAMS 0x0000000605c00000| PB 0x0000000605c00000| Untracked 
|  15|0x0000000606000000, 0x0000000606000000, 0x0000000606400000|  0%| F|  |TAMS 0x0000000606000000| PB 0x0000000606000000| Untracked 
|  16|0x0000000606400000, 0x0000000606400000, 0x0000000606800000|  0%| F|  |TAMS 0x0000000606400000| PB 0x0000000606400000| Untracked 
|  17|0x0000000606800000, 0x0000000606800000, 0x0000000606c00000|  0%| F|  |TAMS 0x0000000606800000| PB 0x0000000606800000| Untracked 
|  18|0x0000000606c00000, 0x0000000606c00000, 0x0000000607000000|  0%| F|  |TAMS 0x0000000606c00000| PB 0x0000000606c00000| Untracked 
|  19|0x0000000607000000, 0x0000000607000000, 0x0000000607400000|  0%| F|  |TAMS 0x0000000607000000| PB 0x0000000607000000| Untracked 
|  20|0x0000000607400000, 0x0000000607400000, 0x0000000607800000|  0%| F|  |TAMS 0x0000000607400000| PB 0x0000000607400000| Untracked 
|  21|0x0000000607800000, 0x0000000607800000, 0x0000000607c00000|  0%| F|  |TAMS 0x0000000607800000| PB 0x0000000607800000| Untracked 
|  22|0x0000000607c00000, 0x0000000607c00000, 0x0000000608000000|  0%| F|  |TAMS 0x0000000607c00000| PB 0x0000000607c00000| Untracked 
|  23|0x0000000608000000, 0x0000000608000000, 0x0000000608400000|  0%| F|  |TAMS 0x0000000608000000| PB 0x0000000608000000| Untracked 
|  24|0x0000000608400000, 0x0000000608400000, 0x0000000608800000|  0%| F|  |TAMS 0x0000000608400000| PB 0x0000000608400000| Untracked 
|  25|0x0000000608800000, 0x0000000608800000, 0x0000000608c00000|  0%| F|  |TAMS 0x0000000608800000| PB 0x0000000608800000| Untracked 
|  26|0x0000000608c00000, 0x0000000608c00000, 0x0000000609000000|  0%| F|  |TAMS 0x0000000608c00000| PB 0x0000000608c00000| Untracked 
|  27|0x0000000609000000, 0x0000000609000000, 0x0000000609400000|  0%| F|  |TAMS 0x0000000609000000| PB 0x0000000609000000| Untracked 
|  28|0x0000000609400000, 0x0000000609400000, 0x0000000609800000|  0%| F|  |TAMS 0x0000000609400000| PB 0x0000000609400000| Untracked 
|  29|0x0000000609800000, 0x0000000609800000, 0x0000000609c00000|  0%| F|  |TAMS 0x0000000609800000| PB 0x0000000609800000| Untracked 
|  30|0x0000000609c00000, 0x0000000609c00000, 0x000000060a000000|  0%| F|  |TAMS 0x0000000609c00000| PB 0x0000000609c00000| Untracked 
|  31|0x000000060a000000, 0x000000060a000000, 0x000000060a400000|  0%| F|  |TAMS 0x000000060a000000| PB 0x000000060a000000| Untracked 
|  32|0x000000060a400000, 0x000000060a400000, 0x000000060a800000|  0%| F|  |TAMS 0x000000060a400000| PB 0x000000060a400000| Untracked 
|  33|0x000000060a800000, 0x000000060a800000, 0x000000060ac00000|  0%| F|  |TAMS 0x000000060a800000| PB 0x000000060a800000| Untracked 
|  34|0x000000060ac00000, 0x000000060ac00000, 0x000000060b000000|  0%| F|  |TAMS 0x000000060ac00000| PB 0x000000060ac00000| Untracked 
|  35|0x000000060b000000, 0x000000060b000000, 0x000000060b400000|  0%| F|  |TAMS 0x000000060b000000| PB 0x000000060b000000| Untracked 
|  36|0x000000060b400000, 0x000000060b400000, 0x000000060b800000|  0%| F|  |TAMS 0x000000060b400000| PB 0x000000060b400000| Untracked 
|  37|0x000000060b800000, 0x000000060b800000, 0x000000060bc00000|  0%| F|  |TAMS 0x000000060b800000| PB 0x000000060b800000| Untracked 
|  38|0x000000060bc00000, 0x000000060bc00000, 0x000000060c000000|  0%| F|  |TAMS 0x000000060bc00000| PB 0x000000060bc00000| Untracked 
|  39|0x000000060c000000, 0x000000060c000000, 0x000000060c400000|  0%| F|  |TAMS 0x000000060c000000| PB 0x000000060c000000| Untracked 
|  40|0x000000060c400000, 0x000000060c400000, 0x000000060c800000|  0%| F|  |TAMS 0x000000060c400000| PB 0x000000060c400000| Untracked 
|  41|0x000000060c800000, 0x000000060c800000, 0x000000060cc00000|  0%| F|  |TAMS 0x000000060c800000| PB 0x000000060c800000| Untracked 
|  42|0x000000060cc00000, 0x000000060cc00000, 0x000000060d000000|  0%| F|  |TAMS 0x000000060cc00000| PB 0x000000060cc00000| Untracked 
|  43|0x000000060d000000, 0x000000060d000000, 0x000000060d400000|  0%| F|  |TAMS 0x000000060d000000| PB 0x000000060d000000| Untracked 
|  44|0x000000060d400000, 0x000000060d400000, 0x000000060d800000|  0%| F|  |TAMS 0x000000060d400000| PB 0x000000060d400000| Untracked 
|  45|0x000000060d800000, 0x000000060d800000, 0x000000060dc00000|  0%| F|  |TAMS 0x000000060d800000| PB 0x000000060d800000| Untracked 
|  46|0x000000060dc00000, 0x000000060dc00000, 0x000000060e000000|  0%| F|  |TAMS 0x000000060dc00000| PB 0x000000060dc00000| Untracked 
|  47|0x000000060e000000, 0x000000060e000000, 0x000000060e400000|  0%| F|  |TAMS 0x000000060e000000| PB 0x000000060e000000| Untracked 
|  48|0x000000060e400000, 0x000000060e400000, 0x000000060e800000|  0%| F|  |TAMS 0x000000060e400000| PB 0x000000060e400000| Untracked 
|  49|0x000000060e800000, 0x000000060e800000, 0x000000060ec00000|  0%| F|  |TAMS 0x000000060e800000| PB 0x000000060e800000| Untracked 
|  50|0x000000060ec00000, 0x000000060ec00000, 0x000000060f000000|  0%| F|  |TAMS 0x000000060ec00000| PB 0x000000060ec00000| Untracked 
|  51|0x000000060f000000, 0x000000060f000000, 0x000000060f400000|  0%| F|  |TAMS 0x000000060f000000| PB 0x000000060f000000| Untracked 
|  52|0x000000060f400000, 0x000000060f400000, 0x000000060f800000|  0%| F|  |TAMS 0x000000060f400000| PB 0x000000060f400000| Untracked 
|  53|0x000000060f800000, 0x000000060f800000, 0x000000060fc00000|  0%| F|  |TAMS 0x000000060f800000| PB 0x000000060f800000| Untracked 
|  54|0x000000060fc00000, 0x000000060fc00000, 0x0000000610000000|  0%| F|  |TAMS 0x000000060fc00000| PB 0x000000060fc00000| Untracked 
|  55|0x0000000610000000, 0x0000000610000000, 0x0000000610400000|  0%| F|  |TAMS 0x0000000610000000| PB 0x0000000610000000| Untracked 
|  56|0x0000000610400000, 0x0000000610400000, 0x0000000610800000|  0%| F|  |TAMS 0x0000000610400000| PB 0x0000000610400000| Untracked 
|  57|0x0000000610800000, 0x0000000610800000, 0x0000000610c00000|  0%| F|  |TAMS 0x0000000610800000| PB 0x0000000610800000| Untracked 
|  58|0x0000000610c00000, 0x0000000610c00000, 0x0000000611000000|  0%| F|  |TAMS 0x0000000610c00000| PB 0x0000000610c00000| Untracked 
|  59|0x0000000611000000, 0x0000000611000000, 0x0000000611400000|  0%| F|  |TAMS 0x0000000611000000| PB 0x0000000611000000| Untracked 
|  60|0x0000000611400000, 0x0000000611400000, 0x0000000611800000|  0%| F|  |TAMS 0x0000000611400000| PB 0x0000000611400000| Untracked 
|  61|0x0000000611800000, 0x0000000611800000, 0x0000000611c00000|  0%| F|  |TAMS 0x0000000611800000| PB 0x0000000611800000| Untracked 
|  62|0x0000000611c00000, 0x0000000611c00000, 0x0000000612000000|  0%| F|  |TAMS 0x0000000611c00000| PB 0x0000000611c00000| Untracked 
|  63|0x0000000612000000, 0x0000000612000000, 0x0000000612400000|  0%| F|  |TAMS 0x0000000612000000| PB 0x0000000612000000| Untracked 
|  64|0x0000000612400000, 0x00000006126c63a0, 0x0000000612800000| 69%| S|CS|TAMS 0x0000000612400000| PB 0x0000000612400000| Complete 
|  65|0x0000000612800000, 0x0000000612c00000, 0x0000000612c00000|100%| S|CS|TAMS 0x0000000612800000| PB 0x0000000612800000| Complete 
|  66|0x0000000612c00000, 0x0000000613000000, 0x0000000613000000|100%| S|CS|TAMS 0x0000000612c00000| PB 0x0000000612c00000| Complete 
|  67|0x0000000613000000, 0x0000000613400000, 0x0000000613400000|100%| S|CS|TAMS 0x0000000613000000| PB 0x0000000613000000| Complete 
|  68|0x0000000613400000, 0x0000000613800000, 0x0000000613800000|100%| S|CS|TAMS 0x0000000613400000| PB 0x0000000613400000| Complete 
|  69|0x0000000613800000, 0x0000000613800000, 0x0000000613c00000|  0%| F|  |TAMS 0x0000000613800000| PB 0x0000000613800000| Untracked 
|  70|0x0000000613c00000, 0x0000000613c00000, 0x0000000614000000|  0%| F|  |TAMS 0x0000000613c00000| PB 0x0000000613c00000| Untracked 
|  71|0x0000000614000000, 0x0000000614000000, 0x0000000614400000|  0%| F|  |TAMS 0x0000000614000000| PB 0x0000000614000000| Untracked 
|  72|0x0000000614400000, 0x0000000614400000, 0x0000000614800000|  0%| F|  |TAMS 0x0000000614400000| PB 0x0000000614400000| Untracked 
|  73|0x0000000614800000, 0x0000000614800000, 0x0000000614c00000|  0%| F|  |TAMS 0x0000000614800000| PB 0x0000000614800000| Untracked 
|  74|0x0000000614c00000, 0x0000000614c00000, 0x0000000615000000|  0%| F|  |TAMS 0x0000000614c00000| PB 0x0000000614c00000| Untracked 
|  75|0x0000000615000000, 0x0000000615000000, 0x0000000615400000|  0%| F|  |TAMS 0x0000000615000000| PB 0x0000000615000000| Untracked 
|  76|0x0000000615400000, 0x0000000615400000, 0x0000000615800000|  0%| F|  |TAMS 0x0000000615400000| PB 0x0000000615400000| Untracked 
|  77|0x0000000615800000, 0x0000000615800000, 0x0000000615c00000|  0%| F|  |TAMS 0x0000000615800000| PB 0x0000000615800000| Untracked 
|  78|0x0000000615c00000, 0x0000000615c00000, 0x0000000616000000|  0%| F|  |TAMS 0x0000000615c00000| PB 0x0000000615c00000| Untracked 
|  79|0x0000000616000000, 0x0000000616000000, 0x0000000616400000|  0%| F|  |TAMS 0x0000000616000000| PB 0x0000000616000000| Untracked 
|  80|0x0000000616400000, 0x0000000616400000, 0x0000000616800000|  0%| F|  |TAMS 0x0000000616400000| PB 0x0000000616400000| Untracked 
|  81|0x0000000616800000, 0x0000000616800000, 0x0000000616c00000|  0%| F|  |TAMS 0x0000000616800000| PB 0x0000000616800000| Untracked 
|  82|0x0000000616c00000, 0x0000000616c00000, 0x0000000617000000|  0%| F|  |TAMS 0x0000000616c00000| PB 0x0000000616c00000| Untracked 
|  83|0x0000000617000000, 0x0000000617000000, 0x0000000617400000|  0%| F|  |TAMS 0x0000000617000000| PB 0x0000000617000000| Untracked 
|  84|0x0000000617400000, 0x0000000617400000, 0x0000000617800000|  0%| F|  |TAMS 0x0000000617400000| PB 0x0000000617400000| Untracked 
|  85|0x0000000617800000, 0x0000000617800000, 0x0000000617c00000|  0%| F|  |TAMS 0x0000000617800000| PB 0x0000000617800000| Untracked 
|  86|0x0000000617c00000, 0x0000000617c00000, 0x0000000618000000|  0%| F|  |TAMS 0x0000000617c00000| PB 0x0000000617c00000| Untracked 
|  87|0x0000000618000000, 0x0000000618000000, 0x0000000618400000|  0%| F|  |TAMS 0x0000000618000000| PB 0x0000000618000000| Untracked 
|  88|0x0000000618400000, 0x0000000618400000, 0x0000000618800000|  0%| F|  |TAMS 0x0000000618400000| PB 0x0000000618400000| Untracked 
|  89|0x0000000618800000, 0x0000000618800000, 0x0000000618c00000|  0%| F|  |TAMS 0x0000000618800000| PB 0x0000000618800000| Untracked 
|  90|0x0000000618c00000, 0x0000000618c00000, 0x0000000619000000|  0%| F|  |TAMS 0x0000000618c00000| PB 0x0000000618c00000| Untracked 
|  91|0x0000000619000000, 0x0000000619000000, 0x0000000619400000|  0%| F|  |TAMS 0x0000000619000000| PB 0x0000000619000000| Untracked 
|  92|0x0000000619400000, 0x0000000619400000, 0x0000000619800000|  0%| F|  |TAMS 0x0000000619400000| PB 0x0000000619400000| Untracked 
|  93|0x0000000619800000, 0x0000000619800000, 0x0000000619c00000|  0%| F|  |TAMS 0x0000000619800000| PB 0x0000000619800000| Untracked 
|  94|0x0000000619c00000, 0x0000000619c00000, 0x000000061a000000|  0%| F|  |TAMS 0x0000000619c00000| PB 0x0000000619c00000| Untracked 
|  95|0x000000061a000000, 0x000000061a000000, 0x000000061a400000|  0%| F|  |TAMS 0x000000061a000000| PB 0x000000061a000000| Untracked 
|  96|0x000000061a400000, 0x000000061a400000, 0x000000061a800000|  0%| F|  |TAMS 0x000000061a400000| PB 0x000000061a400000| Untracked 
|  97|0x000000061a800000, 0x000000061a800000, 0x000000061ac00000|  0%| F|  |TAMS 0x000000061a800000| PB 0x000000061a800000| Untracked 
|  98|0x000000061ac00000, 0x000000061ac00000, 0x000000061b000000|  0%| F|  |TAMS 0x000000061ac00000| PB 0x000000061ac00000| Untracked 
|  99|0x000000061b000000, 0x000000061b000000, 0x000000061b400000|  0%| F|  |TAMS 0x000000061b000000| PB 0x000000061b000000| Untracked 
| 100|0x000000061b400000, 0x000000061b400000, 0x000000061b800000|  0%| F|  |TAMS 0x000000061b400000| PB 0x000000061b400000| Untracked 
| 101|0x000000061b800000, 0x000000061b800000, 0x000000061bc00000|  0%| F|  |TAMS 0x000000061b800000| PB 0x000000061b800000| Untracked 
| 102|0x000000061bc00000, 0x000000061bc00000, 0x000000061c000000|  0%| F|  |TAMS 0x000000061bc00000| PB 0x000000061bc00000| Untracked 
| 103|0x000000061c000000, 0x000000061c000000, 0x000000061c400000|  0%| F|  |TAMS 0x000000061c000000| PB 0x000000061c000000| Untracked 
| 104|0x000000061c400000, 0x000000061c400000, 0x000000061c800000|  0%| F|  |TAMS 0x000000061c400000| PB 0x000000061c400000| Untracked 
| 105|0x000000061c800000, 0x000000061c800000, 0x000000061cc00000|  0%| F|  |TAMS 0x000000061c800000| PB 0x000000061c800000| Untracked 
| 106|0x000000061cc00000, 0x000000061cc00000, 0x000000061d000000|  0%| F|  |TAMS 0x000000061cc00000| PB 0x000000061cc00000| Untracked 
| 107|0x000000061d000000, 0x000000061d000000, 0x000000061d400000|  0%| F|  |TAMS 0x000000061d000000| PB 0x000000061d000000| Untracked 
| 108|0x000000061d400000, 0x000000061d400000, 0x000000061d800000|  0%| F|  |TAMS 0x000000061d400000| PB 0x000000061d400000| Untracked 
| 109|0x000000061d800000, 0x000000061d800000, 0x000000061dc00000|  0%| F|  |TAMS 0x000000061d800000| PB 0x000000061d800000| Untracked 
| 110|0x000000061dc00000, 0x000000061dc00000, 0x000000061e000000|  0%| F|  |TAMS 0x000000061dc00000| PB 0x000000061dc00000| Untracked 
| 111|0x000000061e000000, 0x000000061e000000, 0x000000061e400000|  0%| F|  |TAMS 0x000000061e000000| PB 0x000000061e000000| Untracked 
| 112|0x000000061e400000, 0x000000061e400000, 0x000000061e800000|  0%| F|  |TAMS 0x000000061e400000| PB 0x000000061e400000| Untracked 
| 113|0x000000061e800000, 0x000000061e800000, 0x000000061ec00000|  0%| F|  |TAMS 0x000000061e800000| PB 0x000000061e800000| Untracked 
| 114|0x000000061ec00000, 0x000000061ec00000, 0x000000061f000000|  0%| F|  |TAMS 0x000000061ec00000| PB 0x000000061ec00000| Untracked 
| 115|0x000000061f000000, 0x000000061f000000, 0x000000061f400000|  0%| F|  |TAMS 0x000000061f000000| PB 0x000000061f000000| Untracked 
| 116|0x000000061f400000, 0x000000061f400000, 0x000000061f800000|  0%| F|  |TAMS 0x000000061f400000| PB 0x000000061f400000| Untracked 
| 117|0x000000061f800000, 0x000000061f800000, 0x000000061fc00000|  0%| F|  |TAMS 0x000000061f800000| PB 0x000000061f800000| Untracked 
| 118|0x000000061fc00000, 0x000000061fc00000, 0x0000000620000000|  0%| F|  |TAMS 0x000000061fc00000| PB 0x000000061fc00000| Untracked 
| 119|0x0000000620000000, 0x0000000620000000, 0x0000000620400000|  0%| F|  |TAMS 0x0000000620000000| PB 0x0000000620000000| Untracked 
| 120|0x0000000620400000, 0x0000000620400000, 0x0000000620800000|  0%| F|  |TAMS 0x0000000620400000| PB 0x0000000620400000| Untracked 
| 121|0x0000000620800000, 0x0000000620800000, 0x0000000620c00000|  0%| F|  |TAMS 0x0000000620800000| PB 0x0000000620800000| Untracked 
| 122|0x0000000620c00000, 0x0000000620c00000, 0x0000000621000000|  0%| F|  |TAMS 0x0000000620c00000| PB 0x0000000620c00000| Untracked 
| 123|0x0000000621000000, 0x0000000621000000, 0x0000000621400000|  0%| F|  |TAMS 0x0000000621000000| PB 0x0000000621000000| Untracked 
| 124|0x0000000621400000, 0x0000000621400000, 0x0000000621800000|  0%| F|  |TAMS 0x0000000621400000| PB 0x0000000621400000| Untracked 
| 125|0x0000000621800000, 0x0000000621800000, 0x0000000621c00000|  0%| F|  |TAMS 0x0000000621800000| PB 0x0000000621800000| Untracked 
| 126|0x0000000621c00000, 0x0000000621c00000, 0x0000000622000000|  0%| F|  |TAMS 0x0000000621c00000| PB 0x0000000621c00000| Untracked 
| 127|0x0000000622000000, 0x0000000622000000, 0x0000000622400000|  0%| F|  |TAMS 0x0000000622000000| PB 0x0000000622000000| Untracked 

Card table byte_map: [0x000002178f000000,0x000002178fff0000] _byte_map_base: 0x000002178bfee000

Marking Bits: (CMBitMap*) 0x00000217f626f090
 Bits: [0x000002178fff0000, 0x0000021797f60000)

Polling page: 0x00000217f5980000

Metaspace:

Usage:
  Non-class:      2.70 MB used.
      Class:    338.65 KB used.
       Both:      3.03 MB used.

Virtual space:
  Non-class space:       64.00 MB reserved,       2.75 MB (  4%) committed,  1 nodes.
      Class space:        1.00 GB reserved,     384.00 KB ( <1%) committed,  1 nodes.
             Both:        1.06 GB reserved,       3.12 MB ( <1%) committed. 

Chunk freelists:
   Non-Class:  10.08 MB
       Class:  15.44 MB
        Both:  25.52 MB

MaxMetaspaceSize: unlimited
CompressedClassSpaceSize: 1.00 GB
Initial GC threshold: 21.00 MB
Current GC threshold: 21.00 MB
CDS: on
 - commit_granule_bytes: 65536.
 - commit_granule_words: 8192.
 - virtual_space_node_default_size: 8388608.
 - enlarge_chunks_in_place: 1.
 - use_allocation_guard: 0.


Internal statistics:

num_allocs_failed_limit: 0.
num_arena_births: 34.
num_arena_deaths: 0.
num_vsnodes_births: 2.
num_vsnodes_deaths: 0.
num_space_committed: 50.
num_space_uncommitted: 0.
num_chunks_returned_to_freelist: 0.
num_chunks_taken_from_freelist: 114.
num_chunk_merges: 0.
num_chunk_splits: 97.
num_chunks_enlarged: 84.
num_inconsistent_stats: 0.

CodeHeap 'non-profiled nmethods': size=120000Kb used=643Kb max_used=643Kb free=119356Kb
 bounds [0x0000021787ad0000, 0x0000021787d40000, 0x000002178f000000]
CodeHeap 'profiled nmethods': size=120000Kb used=1376Kb max_used=1376Kb free=118624Kb
 bounds [0x0000021780000000, 0x0000021780270000, 0x0000021787530000]
CodeHeap 'non-nmethods': size=5760Kb used=1243Kb max_used=1343Kb free=4516Kb
 bounds [0x0000021787530000, 0x00000217877a0000, 0x0000021787ad0000]
CodeCache: size=245760Kb, used=3262Kb, max_used=3362Kb, free=242496Kb
 total_blobs=1267, nmethods=858, adapters=314, full_count=0
Compilation: enabled, stopped_count=0, restarted_count=0

Compilation events (20 events):
Event: 0.701 Thread 0x00000217e00153e0  850       4       ca.pfv.spmf.algorithms.sequentialpatterns.clospan_AGP.items.creators.AbstractionCreator_Qualitative::findAllFrequentPairs (227 bytes)
Event: 0.741 Thread 0x00000217ffde3ae0  851       1       ca.pfv.spmf.algorithms.sequentialpatterns.clospan_AGP.items.Pair::getPar (5 bytes)
Event: 0.742 Thread 0x00000217ffde3ae0 nmethod 851 0x0000021787b52f10 code [0x0000021787b530a0, 0x0000021787b53170]
Event: 0.742 Thread 0x00000217e00153e0 nmethod 850 0x0000021787b53210 code [0x0000021787b53640, 0x0000021787b56088]
Event: 0.743 Thread 0x00000217e00153e0  852       4       java.util.Arrays::copyOf (10 bytes)
Event: 0.744 Thread 0x00000217e00153e0 nmethod 852 0x0000021787b58510 code [0x0000021787b586a0, 0x0000021787b58988]
Event: 0.759 Thread 0x00000217e00153e0  853       4       java.util.BitSet::ensureCapacity (39 bytes)
Event: 0.762 Thread 0x00000217e00153e0 nmethod 853 0x0000021787b58a90 code [0x0000021787b58c40, 0x0000021787b59150]
Event: 0.809 Thread 0x00000217ffde3ae0  854       3       java.util.BitSet::cardinality (32 bytes)
Event: 0.809 Thread 0x00000217ffde3ae0 nmethod 854 0x0000021780156e90 code [0x0000021780157040, 0x0000021780157280]
Event: 0.842 Thread 0x00000217ffde3ae0  855       3       java.util.HashMap$HashIterator::hasNext (13 bytes)
Event: 0.842 Thread 0x00000217ffde3ae0 nmethod 855 0x0000021780157390 code [0x0000021780157520, 0x0000021780157688]
Event: 0.875 Thread 0x00000217ffde3ae0  856       3       java.util.HashMap$HashIterator::nextNode (100 bytes)
Event: 0.876 Thread 0x00000217ffde3ae0 nmethod 856 0x0000021780157710 code [0x0000021780157900, 0x0000021780157e28]
Event: 1.045 Thread 0x000002179aad7c60 nmethod 831% 0x0000021787b59310 code [0x0000021787b59de0, 0x0000021787b69050]
Event: 1.046 Thread 0x00000217ffdd22e0  857       4       ca.pfv.spmf.algorithms.sequentialpatterns.clospan_AGP.items.abstractions.Abstraction_Qualitative::compute (17 bytes)
Event: 1.048 Thread 0x00000217ffdd22e0 nmethod 857 0x0000021787b70410 code [0x0000021787b705c0, 0x0000021787b707f8]
Event: 1.048 Thread 0x00000217ffdd22e0  858       4       java.util.HashSet::<init> (16 bytes)
Event: 1.049 Thread 0x00000217ffdd22e0 nmethod 858 0x0000021787b70a90 code [0x0000021787b70c20, 0x0000021787b70e00]
Event: 1.082 Thread 0x000002179aad7c60  859       4       ca.pfv.spmf.algorithms.sequentialpatterns.clospan_AGP.RecursionCloSpan::makePseudoProjections (676 bytes)

GC Heap History (11 events):
Event: 0.446 GC heap before
{Heap before GC invocations=0 (full 0):
 garbage-first heap   total 524288K, used 24576K [0x0000000602400000, 0x0000000800000000)
  region size 4096K, 6 young (24576K), 0 survivors (0K)
 Metaspace       used 2925K, committed 3008K, reserved 1114112K
  class space    used 327K, committed 384K, reserved 1048576K
}
Event: 0.449 GC heap after
{Heap after GC invocations=1 (full 0):
 garbage-first heap   total 524288K, used 7552K [0x0000000602400000, 0x0000000800000000)
  region size 4096K, 1 young (4096K), 1 survivors (4096K)
 Metaspace       used 2925K, committed 3008K, reserved 1114112K
  class space    used 327K, committed 384K, reserved 1048576K
}
Event: 0.469 GC heap before
{Heap before GC invocations=1 (full 0):
 garbage-first heap   total 524288K, used 28032K [0x0000000602400000, 0x0000000800000000)
  region size 4096K, 6 young (24576K), 1 survivors (4096K)
 Metaspace       used 2932K, committed 3072K, reserved 1114112K
  class space    used 327K, committed 384K, reserved 1048576K
}
Event: 0.474 GC heap after
{Heap after GC invocations=2 (full 0):
 garbage-first heap   total 524288K, used 16705K [0x0000000602400000, 0x0000000800000000)
  region size 4096K, 1 young (4096K), 1 survivors (4096K)
 Metaspace       used 2932K, committed 3072K, reserved 1114112K
  class space    used 327K, committed 384K, reserved 1048576K
}
Event: 0.572 GC heap before
{Heap before GC invocations=2 (full 0):
 garbage-first heap   total 524288K, used 53569K [0x0000000602400000, 0x0000000800000000)
  region size 4096K, 10 young (40960K), 1 survivors (4096K)
 Metaspace       used 3094K, committed 3200K, reserved 1114112K
  class space    used 338K, committed 384K, reserved 1048576K
}
Event: 0.578 GC heap after
{Heap after GC invocations=3 (full 0):
 garbage-first heap   total 524288K, used 39950K [0x0000000602400000, 0x0000000800000000)
  region size 4096K, 2 young (8192K), 2 survivors (8192K)
 Metaspace       used 3094K, committed 3200K, reserved 1114112K
  class space    used 338K, committed 384K, reserved 1048576K
}
Event: 0.693 GC heap before
{Heap before GC invocations=3 (full 0):
 garbage-first heap   total 524288K, used 76814K [0x0000000602400000, 0x0000000800000000)
  region size 4096K, 11 young (45056K), 2 survivors (8192K)
 Metaspace       used 3099K, committed 3200K, reserved 1114112K
  class space    used 338K, committed 384K, reserved 1048576K
}
Event: 0.696 GC heap after
{Heap after GC invocations=4 (full 0):
 garbage-first heap   total 524288K, used 43277K [0x0000000602400000, 0x0000000800000000)
  region size 4096K, 1 young (4096K), 1 survivors (4096K)
 Metaspace       used 3099K, committed 3200K, reserved 1114112K
  class space    used 338K, committed 384K, reserved 1048576K
}
Event: 0.879 GC heap before
{Heap before GC invocations=4 (full 0):
 garbage-first heap   total 524288K, used 121101K [0x0000000602400000, 0x0000000800000000)
  region size 4096K, 20 young (81920K), 1 survivors (4096K)
 Metaspace       used 3100K, committed 3200K, reserved 1114112K
  class space    used 338K, committed 384K, reserved 1048576K
}
Event: 0.881 GC heap after
{Heap after GC invocations=5 (full 0):
 garbage-first heap   total 524288K, used 45874K [0x0000000602400000, 0x0000000800000000)
  region size 4096K, 2 young (8192K), 2 survivors (8192K)
 Metaspace       used 3100K, committed 3200K, reserved 1114112K
  class space    used 338K, committed 384K, reserved 1048576K
}
Event: 1.251 GC heap before
{Heap before GC invocations=5 (full 0):
 garbage-first heap   total 524288K, used 279346K [0x0000000602400000, 0x0000000800000000)
  region size 4096K, 59 young (241664K), 2 survivors (8192K)
 Metaspace       used 3100K, committed 3200K, reserved 1114112K
  class space    used 338K, committed 384K, reserved 1048576K
}

Dll operation events (6 events):
Event: 0.027 Loaded shared library C:\Program Files\Eclipse Adoptium\jdk-21.0.11.10-hotspot\bin\java.dll
Event: 0.058 Loaded shared library C:\Program Files\Eclipse Adoptium\jdk-21.0.11.10-hotspot\bin\jsvml.dll
Event: 0.069 Loaded shared library C:\Program Files\Eclipse Adoptium\jdk-21.0.11.10-hotspot\bin\net.dll
Event: 0.071 Loaded shared library C:\Program Files\Eclipse Adoptium\jdk-21.0.11.10-hotspot\bin\nio.dll
Event: 0.110 Loaded shared library C:\Program Files\Eclipse Adoptium\jdk-21.0.11.10-hotspot\bin\zip.dll
Event: 0.169 Loaded shared library C:\Program Files\Eclipse Adoptium\jdk-21.0.11.10-hotspot\bin\jimage.dll

Deoptimization events (20 events):
Event: 0.732 Thread 0x00000217f61cb4f0 DEOPT PACKING pc=0x00000217801502b6 sp=0x0000008b42ffe6f0
Event: 0.732 Thread 0x00000217f61cb4f0 DEOPT UNPACKING pc=0x0000021787584bc2 sp=0x0000008b42ffdc00 mode 0
Event: 0.736 Thread 0x00000217f61cb4f0 DEOPT PACKING pc=0x00000217801502b6 sp=0x0000008b42ffe620
Event: 0.736 Thread 0x00000217f61cb4f0 DEOPT UNPACKING pc=0x0000021787584bc2 sp=0x0000008b42ffdb30 mode 0
Event: 0.739 Thread 0x00000217f61cb4f0 DEOPT PACKING pc=0x00000217801502b6 sp=0x0000008b42ffe550
Event: 0.739 Thread 0x00000217f61cb4f0 DEOPT UNPACKING pc=0x0000021787584bc2 sp=0x0000008b42ffda60 mode 0
Event: 0.741 Thread 0x00000217f61cb4f0 DEOPT PACKING pc=0x00000217801501ad sp=0x0000008b42ffe480
Event: 0.741 Thread 0x00000217f61cb4f0 DEOPT UNPACKING pc=0x0000021787584bc2 sp=0x0000008b42ffd990 mode 0
Event: 1.046 Thread 0x00000217f61cb4f0 DEOPT PACKING pc=0x0000021780130d9c sp=0x0000008b42ffe910
Event: 1.046 Thread 0x00000217f61cb4f0 DEOPT UNPACKING pc=0x0000021787584bc2 sp=0x0000008b42ffdee8 mode 0
Event: 1.082 Thread 0x00000217f61cb4f0 DEOPT PACKING pc=0x0000021780130d9c sp=0x0000008b42ffe840
Event: 1.082 Thread 0x00000217f61cb4f0 DEOPT UNPACKING pc=0x0000021787584bc2 sp=0x0000008b42ffde18 mode 0
Event: 1.122 Thread 0x00000217f61cb4f0 DEOPT PACKING pc=0x0000021780130d9c sp=0x0000008b42ffe770
Event: 1.122 Thread 0x00000217f61cb4f0 DEOPT UNPACKING pc=0x0000021787584bc2 sp=0x0000008b42ffdd48 mode 0
Event: 1.158 Thread 0x00000217f61cb4f0 DEOPT PACKING pc=0x0000021780130d9c sp=0x0000008b42ffe6a0
Event: 1.158 Thread 0x00000217f61cb4f0 DEOPT UNPACKING pc=0x0000021787584bc2 sp=0x0000008b42ffdc78 mode 0
Event: 1.192 Thread 0x00000217f61cb4f0 DEOPT PACKING pc=0x0000021780130d9c sp=0x0000008b42ffe5d0
Event: 1.192 Thread 0x00000217f61cb4f0 DEOPT UNPACKING pc=0x0000021787584bc2 sp=0x0000008b42ffdba8 mode 0
Event: 1.224 Thread 0x00000217f61cb4f0 DEOPT PACKING pc=0x0000021780130d9c sp=0x0000008b42ffe500
Event: 1.224 Thread 0x00000217f61cb4f0 DEOPT UNPACKING pc=0x0000021787584bc2 sp=0x0000008b42ffdad8 mode 0

Classes loaded (20 events):
Event: 0.418 Loading class java/util/LinkedList
Event: 0.418 Loading class java/util/AbstractSequentialList
Event: 0.418 Loading class java/util/AbstractSequentialList done
Event: 0.418 Loading class java/util/LinkedList done
Event: 0.420 Loading class java/util/BitSet
Event: 0.420 Loading class java/util/BitSet done
Event: 0.420 Loading class java/util/LinkedList$Node
Event: 0.420 Loading class java/util/LinkedList$Node done
Event: 0.492 Loading class java/io/FileWriter
Event: 0.492 Loading class java/io/FileWriter done
Event: 0.493 Loading class sun/nio/cs/UTF_8$Encoder
Event: 0.493 Loading class sun/nio/cs/UTF_8$Encoder done
Event: 0.493 Loading class java/util/LinkedList$ListItr
Event: 0.493 Loading class java/util/LinkedList$ListItr done
Event: 0.528 Loading class javax/swing/tree/MutableTreeNode
Event: 0.528 Loading class javax/swing/tree/TreeNode
Event: 0.528 Loading class javax/swing/tree/TreeNode done
Event: 0.528 Loading class javax/swing/tree/MutableTreeNode done
Event: 0.528 Loading class java/util/ComparableTimSort
Event: 0.529 Loading class java/util/ComparableTimSort done

Classes unloaded (0 events):
No events

Classes redefined (0 events):
No events

Internal exceptions (0 events):
No events

ZGC Phase Switch (0 events):
No events

VM Operations (13 events):
Event: 0.111 Executing non-safepoint VM operation: HandshakeAllThreads (Deoptimize)
Event: 0.111 Executing non-safepoint VM operation: HandshakeAllThreads (Deoptimize) done
Event: 0.445 Executing safepoint VM operation: G1CollectForAllocation (G1 Evacuation Pause)
Event: 0.449 Executing safepoint VM operation: G1CollectForAllocation (G1 Evacuation Pause) done
Event: 0.469 Executing safepoint VM operation: G1CollectForAllocation (G1 Evacuation Pause)
Event: 0.474 Executing safepoint VM operation: G1CollectForAllocation (G1 Evacuation Pause) done
Event: 0.572 Executing safepoint VM operation: G1CollectForAllocation (G1 Evacuation Pause)
Event: 0.578 Executing safepoint VM operation: G1CollectForAllocation (G1 Evacuation Pause) done
Event: 0.693 Executing safepoint VM operation: G1CollectForAllocation (G1 Evacuation Pause)
Event: 0.696 Executing safepoint VM operation: G1CollectForAllocation (G1 Evacuation Pause) done
Event: 0.879 Executing safepoint VM operation: G1CollectForAllocation (G1 Evacuation Pause)
Event: 0.881 Executing safepoint VM operation: G1CollectForAllocation (G1 Evacuation Pause) done
Event: 1.251 Executing safepoint VM operation: G1CollectForAllocation (G1 Evacuation Pause)

Memory protections (0 events):
No events

Nmethod flushes (0 events):
No events

Events (16 events):
Event: 0.045 Thread 0x00000217f61cb4f0 Thread added: 0x00000217f61cb4f0
Event: 0.056 Thread 0x00000217f61cb4f0 Thread added: 0x00000217ffdc88a0
Event: 0.056 Thread 0x00000217f61cb4f0 Thread added: 0x00000217ffdc9300
Event: 0.056 Thread 0x00000217f61cb4f0 Thread added: 0x00000217ffdcbfd0
Event: 0.056 Thread 0x00000217f61cb4f0 Thread added: 0x00000217ffdcee10
Event: 0.056 Thread 0x00000217f61cb4f0 Thread added: 0x00000217ffdcddf0
Event: 0.056 Thread 0x00000217f61cb4f0 Thread added: 0x00000217ffdd1880
Event: 0.056 Thread 0x00000217f61cb4f0 Thread added: 0x00000217ffdd22e0
Event: 0.056 Thread 0x00000217f61cb4f0 Thread added: 0x00000217ffde3ae0
Event: 0.066 Thread 0x00000217f61cb4f0 Thread added: 0x000002179a90afc0
Event: 0.067 Thread 0x00000217f61cb4f0 Thread added: 0x000002179a90b7f0
Event: 0.152 Thread 0x00000217ffdd22e0 Thread added: 0x000002179a91bbb0
Event: 0.357 Thread 0x000002179a91bbb0 Thread exited: 0x000002179a91bbb0
Event: 0.425 Thread 0x00000217ffde3ae0 Thread added: 0x000002179aad7c60
Event: 0.428 Thread 0x00000217ffde3ae0 Thread added: 0x00000217e00153e0
Event: 0.875 Thread 0x00000217e00153e0 Thread exited: 0x00000217e00153e0


Dynamic libraries:
0x00007ff678be0000 - 0x00007ff678bee000 	C:\Program Files\Eclipse Adoptium\jdk-21.0.11.10-hotspot\bin\java.exe
0x00007ffb7ebe0000 - 0x00007ffb7ee46000 	C:\WINDOWS\SYSTEM32\ntdll.dll
0x00007ffb7d750000 - 0x00007ffb7d819000 	C:\WINDOWS\System32\KERNEL32.DLL
0x00007ffb7c210000 - 0x00007ffb7c60f000 	C:\WINDOWS\System32\KERNELBASE.dll
0x00007ffb7c7b0000 - 0x00007ffb7c8fc000 	C:\WINDOWS\System32\ucrtbase.dll
0x00007ffab8c90000 - 0x00007ffab8cae000 	C:\Program Files\Eclipse Adoptium\jdk-21.0.11.10-hotspot\bin\VCRUNTIME140.dll
0x00007ffab67c0000 - 0x00007ffab67d8000 	C:\Program Files\Eclipse Adoptium\jdk-21.0.11.10-hotspot\bin\jli.dll
0x00007ffb7e470000 - 0x00007ffb7e636000 	C:\WINDOWS\System32\USER32.dll
0x00007ffb5df70000 - 0x00007ffb5e201000 	C:\WINDOWS\WinSxS\amd64_microsoft.windows.common-controls_6595b64144ccf1df_6.0.26100.8972_none_3e0da176e32f9d4b\COMCTL32.dll
0x00007ffb7c1e0000 - 0x00007ffb7c207000 	C:\WINDOWS\System32\win32u.dll
0x00007ffb7d470000 - 0x00007ffb7d49b000 	C:\WINDOWS\System32\GDI32.dll
0x00007ffb7cf40000 - 0x00007ffb7cfe9000 	C:\WINDOWS\System32\msvcrt.dll
0x00007ffb7bf40000 - 0x00007ffb7c069000 	C:\WINDOWS\System32\gdi32full.dll
0x00007ffb7c070000 - 0x00007ffb7c113000 	C:\WINDOWS\System32\msvcp_win.dll
0x00007ffb7d530000 - 0x00007ffb7d562000 	C:\WINDOWS\System32\IMM32.DLL
0x00007ffada760000 - 0x00007ffada76c000 	C:\Program Files\Eclipse Adoptium\jdk-21.0.11.10-hotspot\bin\vcruntime140_1.dll
0x00007ffa8fc90000 - 0x00007ffa8fd1d000 	C:\Program Files\Eclipse Adoptium\jdk-21.0.11.10-hotspot\bin\msvcp140.dll
0x00007ffa8deb0000 - 0x00007ffa8ec52000 	C:\Program Files\Eclipse Adoptium\jdk-21.0.11.10-hotspot\bin\server\jvm.dll
0x00007ffb7d2c0000 - 0x00007ffb7d37c000 	C:\WINDOWS\System32\ADVAPI32.dll
0x00007ffb7e330000 - 0x00007ffb7e3da000 	C:\WINDOWS\System32\sechost.dll
0x00007ffb7dfd0000 - 0x00007ffb7e0e8000 	C:\WINDOWS\System32\RPCRT4.dll
0x00007ffb7ead0000 - 0x00007ffb7eb52000 	C:\WINDOWS\System32\WS2_32.dll
0x00007ffb7ba90000 - 0x00007ffb7baee000 	C:\WINDOWS\SYSTEM32\POWRPROF.dll
0x00007ffb6bd30000 - 0x00007ffb6bd66000 	C:\WINDOWS\SYSTEM32\WINMM.dll
0x00007ffb74f20000 - 0x00007ffb74f2b000 	C:\WINDOWS\SYSTEM32\VERSION.dll
0x00007ffb7ba70000 - 0x00007ffb7ba85000 	C:\WINDOWS\SYSTEM32\UMPDC.dll
0x00007ffb7aaa0000 - 0x00007ffb7aabb000 	C:\WINDOWS\SYSTEM32\kernel.appcore.dll
0x00007ffada6e0000 - 0x00007ffada6ea000 	C:\Program Files\Eclipse Adoptium\jdk-21.0.11.10-hotspot\bin\jimage.dll
0x00007ffb61810000 - 0x00007ffb61a52000 	C:\WINDOWS\SYSTEM32\DBGHELP.DLL
0x00007ffb7c910000 - 0x00007ffb7cc95000 	C:\WINDOWS\System32\combase.dll
0x00007ffb7d390000 - 0x00007ffb7d469000 	C:\WINDOWS\System32\OLEAUT32.dll
0x00007ffb5fc50000 - 0x00007ffb5fc8b000 	C:\WINDOWS\SYSTEM32\dbgcore.DLL
0x00007ffb7be80000 - 0x00007ffb7bf2c000 	C:\WINDOWS\System32\bcryptPrimitives.dll
0x00007ffab67a0000 - 0x00007ffab67c0000 	C:\Program Files\Eclipse Adoptium\jdk-21.0.11.10-hotspot\bin\java.dll
0x00007ffb7d820000 - 0x00007ffb7dfa8000 	C:\WINDOWS\System32\SHELL32.dll
0x00007ffb79880000 - 0x00007ffb7a11b000 	C:\WINDOWS\SYSTEM32\windows.storage.dll
0x00007ffb7d020000 - 0x00007ffb7d119000 	C:\WINDOWS\System32\SHCORE.dll
0x00007ffb7d6e0000 - 0x00007ffb7d746000 	C:\WINDOWS\System32\shlwapi.dll
0x00007ffb7bd10000 - 0x00007ffb7bd39000 	C:\WINDOWS\SYSTEM32\profapi.dll
0x00007ffa8ddd0000 - 0x00007ffa8dea7000 	C:\Program Files\Eclipse Adoptium\jdk-21.0.11.10-hotspot\bin\jsvml.dll
0x00007ffada530000 - 0x00007ffada540000 	C:\Program Files\Eclipse Adoptium\jdk-21.0.11.10-hotspot\bin\net.dll
0x00007ffb732c0000 - 0x00007ffb733e8000 	C:\WINDOWS\SYSTEM32\WINHTTP.dll
0x00007ffb7b030000 - 0x00007ffb7b09c000 	C:\WINDOWS\system32\mswsock.dll
0x00007ffab4130000 - 0x00007ffab4146000 	C:\Program Files\Eclipse Adoptium\jdk-21.0.11.10-hotspot\bin\nio.dll
0x00007ffab4110000 - 0x00007ffab4128000 	C:\Program Files\Eclipse Adoptium\jdk-21.0.11.10-hotspot\bin\zip.dll

JVMTI agents: none

dbghelp: loaded successfully - version: 4.0.5 - missing functions: none
symbol engine: initialized successfully - sym options: 0x614 - pdb path: .;C:\Program Files\Eclipse Adoptium\jdk-21.0.11.10-hotspot\bin;C:\WINDOWS\SYSTEM32;C:\WINDOWS\WinSxS\amd64_microsoft.windows.common-controls_6595b64144ccf1df_6.0.26100.8972_none_3e0da176e32f9d4b;C:\Program Files\Eclipse Adoptium\jdk-21.0.11.10-hotspot\bin\server

VM Arguments:
java_command: E:\Projects\Submitted\FailurePatterns\scripts\spmf.jar run CloSpan E:\Projects\Submitted\FailurePatterns\_spmf_tmp_clospan\bgl_last20_fail.txt E:\Projects\Submitted\FailurePatterns\_spmf_tmp_clospan\bgl_last20_fail_closed.out 5.0000%
java_class_path (initial): E:\Projects\Submitted\FailurePatterns\scripts\spmf.jar
Launcher Type: SUN_STANDARD

[Global flags]
     intx CICompilerCount                          = 4                                         {product} {ergonomic}
     uint ConcGCThreads                            = 2                                         {product} {ergonomic}
     uint G1ConcRefinementThreads                  = 8                                         {product} {ergonomic}
   size_t G1HeapRegionSize                         = 4194304                                   {product} {ergonomic}
    uintx GCDrainStackTargetSize                   = 64                                        {product} {ergonomic}
   size_t InitialHeapSize                          = 536870912                                 {product} {ergonomic}
   size_t MarkStackSize                            = 4194304                                   {product} {ergonomic}
   size_t MaxHeapSize                              = 8552185856                                {product} {ergonomic}
   size_t MaxNewSize                               = 5129633792                                {product} {ergonomic}
   size_t MinHeapDeltaBytes                        = 4194304                                   {product} {ergonomic}
   size_t MinHeapSize                              = 8388608                                   {product} {ergonomic}
    uintx NonNMethodCodeHeapSize                   = 5839372                                {pd product} {ergonomic}
    uintx NonProfiledCodeHeapSize                  = 122909434                              {pd product} {ergonomic}
    uintx ProfiledCodeHeapSize                     = 122909434                              {pd product} {ergonomic}
    uintx ReservedCodeCacheSize                    = 251658240                              {pd product} {ergonomic}
     bool SegmentedCodeCache                       = true                                      {product} {ergonomic}
   size_t SoftMaxHeapSize                          = 8552185856                             {manageable} {ergonomic}
     bool UseCompressedOops                        = true                           {product lp64_product} {ergonomic}
     bool UseG1GC                                  = true                                      {product} {ergonomic}
     bool UseLargePagesIndividualAllocation        = false                                  {pd product} {ergonomic}

Logging:
Log output configuration:
 #0: stdout all=warning uptime,level,tags foldmultilines=false
 #1: stderr all=off uptime,level,tags foldmultilines=false

Release file:
IMPLEMENTOR="Eclipse Adoptium" 
IMPLEMENTOR_VERSION="Temurin-21.0.11+10" 
JAVA_RUNTIME_VERSION="21.0.11+10-LTS" 
JAVA_VERSION="21.0.11" 
JAVA_VERSION_DATE="2026-04-21" 
LIBC="default" 
MODULES="java.base java.compiler java.datatransfer java.xml java.prefs java.desktop java.instrument java.logging java.management java.security.sasl java.naming java.rmi java.management.rmi java.net.http java.scripting java.security.jgss java.transaction.xa java.sql java.sql.rowset java.xml.crypto java.se java.smartcardio jdk.accessibility jdk.internal.jvmstat jdk.attach jdk.charsets jdk.internal.opt jdk.zipfs jdk.compiler jdk.crypto.ec jdk.crypto.cryptoki jdk.crypto.mscapi jdk.dynalink jdk.internal.ed jdk.editpad jdk.hotspot.agent jdk.httpserver jdk.incubator.vector jdk.internal.le jdk.internal.vm.ci jdk.internal.vm.compiler jdk.internal.vm.compiler.management jdk.jartool jdk.javadoc jdk.jcmd jdk.management jdk.management.agent jdk.jconsole jdk.jdeps jdk.jdwp.agent jdk.jdi jdk.jfr jdk.jlink jdk.jpackage jdk.jshell jdk.jsobject jdk.jstatd jdk.localedata jdk.management.jfr jdk.naming.dns jdk.naming.rmi jdk.net jdk.nio.mapmode jdk.random jdk.sctp jdk.security.auth jdk.security.jgss jdk.unsupported jdk.unsupported.desktop jdk.xml.dom" 
OS_ARCH="x86_64" 
OS_NAME="Windows" 
SOURCE=".:git:254494ad7d75" 
BUILD_SOURCE="git:a612825ee82a20ac872d60958c349854c1f29a8e"
BUILD_SOURCE_REPO="https://github.com/adoptium/temurin-build.git"
SOURCE_REPO="https://github.com/adoptium/jdk21u.git"
FULL_VERSION="21.0.11+10-LTS"
SEMANTIC_VERSION="21.0.11+10"
BUILD_INFO="OS: Windows Server 2022 Version: 10.0"
JVM_VARIANT="Hotspot"
JVM_VERSION="21.0.11+10-LTS"
IMAGE_TYPE="JDK"

Environment Variables:
JAVA_HOME=C:\Program Files\Eclipse Adoptium\jdk-21.0.11.10-hotspot
PATH=C:\Users\apart\bin;C:\Program Files\Git\mingw64\bin;C:\Program Files\Git\usr\local\bin;C:\Program Files\Git\usr\bin;C:\Program Files\Git\usr\bin;C:\Program Files\Git\mingw64\bin;C:\Program Files\Git\usr\bin;C:\Users\apart\bin;C:\Program Files\Eclipse Adoptium\jdk-21.0.11.10-hotspot\bin;C:\Python314\Scripts;C:\Python314;C:\Program Files\NVIDIA GPU Computing Toolkit\CUDA\v12.4\bin;C:\Program Files\NVIDIA GPU Computing Toolkit\CUDA\v12.4\libnvvp;C:\Windows\system32;C:\Windows;C:\Windows\System32\Wbem;C:\Windows\System32\WindowsPowerShell\v1.0;C:\Windows\System32\OpenSSH;C:\Program Files\dotnet;C:\Program Files\Microsoft SQL Server\Client SDK\ODBC\170\Tools\Binn;C:\WINDOWS\system32;C:\WINDOWS;C:\WINDOWS\System32\Wbem;C:\WINDOWS\System32\WindowsPowerShell\v1.0;C:\WINDOWS\System32\OpenSSH;C:\Program Files (x86)\NVIDIA Corporation\PhysX\Common;C:\ProgramData\chocolatey\bin;C:\Users\apart\AppData\Local\Programs\cursor\resources\app\bin;C:\Program Files\NVIDIA Corporation\NVIDIA app\NvDLISR;C:\WINDOWS\system32;C:\WINDOWS;C:\WINDOWS\System32\Wbem;C:\WINDOWS\System32\WindowsPowerShell\v1.0;C:\WINDOWS\System32\OpenSSH;C:\Program Files\GitHub CLI;C:\Program Files\nodejs;C:\Program Files\Git\cmd;C:\Program Files\PowerShell\7;C:\Program Files\Git\mingw64\bin;C:\Program Files\Git\usr\bin;C:\Users\apart\bin;E:\OpenWork;C:\Users\apart\.bun\bin;C:\Users\apart\AppData\Roaming\npm;E:\OpenWork;C:\Users\apart\.bun\bin;C:\Users\apart\AppData\Roaming\Python\Python314\Scripts;C:\Users\apart\AppData\Roaming\Python\Python314\Scripts;C:\Users\apart\AppData\Local\Programs\pandoc;C:\Users\apart\AppData\Local\Programs\pandoc;E:\Microsoft VS Code\bin;C:\Users\apart\.local\bin;C:\Users\apart\AppData\Local\Microsoft\WindowsApps;C:\Users\apart\AppData\Local\Programs\MiKTeX\miktex\bin\x64;C:\Users\apart\.dotnet\tools;C:\Users\apart\.bubblewrap\jdk\jdk-17.0.11+9\bin;C:\Users\apart\AppData\Local\Android\Sdk\cmdline-tools\latest\bin;C:\Users\apart\AppData\Local\Android\Sdk\platform-tools;C:\Users\apart\AppData\Local\Android\Sdk\build-tools\36.0.0;C:\Users\apart\AppData\Roaming\Amazon;C:\Users\apart\AppData\Local\Programs\Python\Python311;C:\Program Files\nodejs;C:\Python314;C:\Program Files\Git\usr\bin\vendor_perl;C:\Program Files\Git\usr\bin\core_perl;C:\tools\pandoc
USERNAME=apart
SHELL=C:\Program Files\Git\usr\bin\bash.exe
DISPLAY=needs-to-be-defined
LANG=en_US.UTF-8
LC_ALL=en_US.UTF-8
TERM=xterm-256color
TMPDIR=E:\tmp
OS=Windows_NT
PROCESSOR_IDENTIFIER=Intel64 Family 6 Model 158 Stepping 13, GenuineIntel
TMP=E:\tmp
TEMP=E:\tmp




Periodic native trim disabled

---------------  S Y S T E M  ---------------

OS:
 Windows 11 , 64 bit Build 26100 (10.0.26100.9168)
OS uptime: 4 days 23:01 hours
Hyper-V role detected

CPU: total 8 (initial active 8) (8 cores per cpu, 1 threads per core) family 6 model 158 stepping 13 microcode 0x104, cx8, cmov, fxsr, mmx, 3dnowpref, sse, sse2, sse3, ssse3, sse4.1, sse4.2, popcnt, lzcnt, tsc, tscinvbit, avx, avx2, aes, erms, clmul, bmi1, bmi2, adx, fma, vzeroupper, clflush, clflushopt, hv, rdtscp, f16c
Processor Information for the first 8 processors :
  Max Mhz: 3000, Current Mhz: 3000, Mhz Limit: 3000

Memory: 4k page, system-wide physical 32610M (7922M free)
TotalPageFile size 73110M (AvailPageFile size 97M)
current process WorkingSet (physical memory assigned to process): 366M, peak: 369M
current process commit charge ("private bytes"): 639M, peak: 1063M

vm_info: OpenJDK 64-Bit Server VM (21.0.11+10-LTS) for windows-amd64 JRE (21.0.11+10-LTS), built on 2026-04-21T00:00:00Z by "admin" with MS VC++ 17.12 (VS2022)

END.
