5 -1 #SUP: 2851
5 -1 5 -1 #SUP: 984
5 -1 7 -1 #SUP: 1100
6 -1 #SUP: 14675
6 -1 6 -1 #SUP: 8046
6 -1 6 -1 6 -1 #SUP: 3567
6 -1 6 -1 6 -1 6 -1 #SUP: 985
6 -1 6 -1 6 -1 7 -1 #SUP: 848
6 -1 6 -1 5 -1 #SUP: 1522
6 -1 6 -1 7 -1 #SUP: 2804
6 -1 5 -1 #SUP: 2254
6 -1 7 -1 #SUP: 7780
6 -1 7 -1 6 -1 #SUP: 2859
6 -1 7 -1 6 -1 6 -1 #SUP: 860
6 -1 7 -1 5 -1 #SUP: 949
6 -1 7 -1 7 -1 #SUP: 2716
7 -1 #SUP: 9767
7 -1 6 -1 #SUP: 5080
7 -1 6 -1 6 -1 #SUP: 2339
7 -1 6 -1 7 -1 #SUP: 2120
7 -1 5 -1 #SUP: 1772
7 -1 7 -1 #SUP: 4839
7 -1 7 -1 6 -1 #SUP: 2073
7 -1 7 -1 5 -1 #SUP: 901
7 -1 7 -1 7 -1 #SUP: 2399
11 -1 #SUP: 1733
11 -1 6 -1 #SUP: 1425
11 -1 6 -1 7 -1 #SUP: 992
