5 -1 #SUP: 2983
5 -1 6 -1 #SUP: 1034
5 -1 5 -1 #SUP: 1149
5 -1 7 -1 #SUP: 1364
6 -1 #SUP: 15263
6 -1 6 -1 #SUP: 9457
6 -1 6 -1 6 -1 #SUP: 5545
6 -1 6 -1 6 -1 6 -1 #SUP: 3267
6 -1 6 -1 6 -1 6 -1 6 -1 #SUP: 1772
6 -1 6 -1 6 -1 6 -1 5 -1 #SUP: 1177
6 -1 6 -1 6 -1 6 -1 7 -1 #SUP: 1577
6 -1 6 -1 6 -1 5 -1 #SUP: 1934
6 -1 6 -1 6 -1 7 -1 #SUP: 2889
6 -1 6 -1 6 -1 7 -1 6 -1 #SUP: 1296
6 -1 6 -1 6 -1 7 -1 5 -1 #SUP: 963
6 -1 6 -1 6 -1 7 -1 7 -1 #SUP: 1576
6 -1 6 -1 6 -1 7 -1 7 -1 7 -1 #SUP: 832
6 -1 6 -1 5 -1 #SUP: 2639
6 -1 6 -1 5 -1 5 -1 #SUP: 920
6 -1 6 -1 5 -1 7 -1 #SUP: 1058
6 -1 6 -1 7 -1 #SUP: 4979
6 -1 6 -1 7 -1 6 -1 #SUP: 2583
6 -1 6 -1 7 -1 6 -1 6 -1 #SUP: 1385
6 -1 6 -1 7 -1 6 -1 7 -1 #SUP: 1425
6 -1 6 -1 7 -1 5 -1 #SUP: 1572
6 -1 6 -1 7 -1 7 -1 #SUP: 3118
6 -1 6 -1 7 -1 7 -1 6 -1 #SUP: 1545
6 -1 6 -1 7 -1 7 -1 5 -1 #SUP: 979
6 -1 6 -1 7 -1 7 -1 7 -1 #SUP: 1971
6 -1 6 -1 7 -1 7 -1 7 -1 7 -1 #SUP: 1118
6 -1 5 -1 #SUP: 2887
6 -1 5 -1 6 -1 #SUP: 957
6 -1 5 -1 5 -1 #SUP: 1071
6 -1 5 -1 7 -1 #SUP: 1254
6 -1 7 -1 #SUP: 9170
6 -1 7 -1 6 -1 #SUP: 5066
6 -1 7 -1 6 -1 6 -1 #SUP: 2830
6 -1 7 -1 6 -1 6 -1 6 -1 #SUP: 1481
6 -1 7 -1 6 -1 6 -1 5 -1 #SUP: 828
6 -1 7 -1 6 -1 6 -1 7 -1 #SUP: 1474
6 -1 7 -1 6 -1 5 -1 #SUP: 1422
6 -1 7 -1 6 -1 7 -1 #SUP: 2932
6 -1 7 -1 6 -1 7 -1 6 -1 #SUP: 1410
6 -1 7 -1 6 -1 7 -1 5 -1 #SUP: 869
6 -1 7 -1 6 -1 7 -1 7 -1 #SUP: 1797
6 -1 7 -1 6 -1 7 -1 7 -1 7 -1 #SUP: 1014
6 -1 7 -1 5 -1 #SUP: 2022
6 -1 7 -1 5 -1 7 -1 #SUP: 885
6 -1 7 -1 7 -1 #SUP: 4797
6 -1 7 -1 7 -1 6 -1 #SUP: 2827
6 -1 7 -1 7 -1 6 -1 6 -1 #SUP: 1480
6 -1 7 -1 7 -1 6 -1 5 -1 #SUP: 840
6 -1 7 -1 7 -1 6 -1 7 -1 #SUP: 1629
6 -1 7 -1 7 -1 6 -1 7 -1 7 -1 #SUP: 852
6 -1 7 -1 7 -1 5 -1 #SUP: 1401
6 -1 7 -1 7 -1 7 -1 #SUP: 3096
6 -1 7 -1 7 -1 7 -1 6 -1 #SUP: 1543
6 -1 7 -1 7 -1 7 -1 5 -1 #SUP: 934
6 -1 7 -1 7 -1 7 -1 7 -1 #SUP: 2000
6 -1 7 -1 7 -1 7 -1 7 -1 7 -1 #SUP: 1105
7 -1 #SUP: 10037
7 -1 6 -1 #SUP: 6294
7 -1 6 -1 6 -1 #SUP: 3932
7 -1 6 -1 6 -1 6 -1 #SUP: 2223
7 -1 6 -1 6 -1 6 -1 6 -1 #SUP: 1196
7 -1 6 -1 6 -1 6 -1 7 -1 #SUP: 1109
7 -1 6 -1 6 -1 5 -1 #SUP: 1236
7 -1 6 -1 6 -1 7 -1 #SUP: 2251
7 -1 6 -1 6 -1 7 -1 6 -1 #SUP: 1069
7 -1 6 -1 6 -1 7 -1 7 -1 #SUP: 1359
7 -1 6 -1 5 -1 #SUP: 1742
7 -1 6 -1 7 -1 #SUP: 3867
7 -1 6 -1 7 -1 6 -1 #SUP: 2209
7 -1 6 -1 7 -1 6 -1 6 -1 #SUP: 1180
7 -1 6 -1 7 -1 6 -1 7 -1 #SUP: 1277
7 -1 6 -1 7 -1 5 -1 #SUP: 1212
7 -1 6 -1 7 -1 7 -1 #SUP: 2491
7 -1 6 -1 7 -1 7 -1 6 -1 #SUP: 1216
7 -1 6 -1 7 -1 7 -1 7 -1 #SUP: 1605
7 -1 6 -1 7 -1 7 -1 7 -1 7 -1 #SUP: 943
7 -1 5 -1 #SUP: 2215
7 -1 5 -1 5 -1 #SUP: 873
7 -1 5 -1 7 -1 #SUP: 1029
7 -1 7 -1 #SUP: 5629
7 -1 7 -1 6 -1 #SUP: 3729
7 -1 7 -1 6 -1 6 -1 #SUP: 2222
7 -1 7 -1 6 -1 6 -1 6 -1 #SUP: 1203
7 -1 7 -1 6 -1 6 -1 7 -1 #SUP: 1162
7 -1 7 -1 6 -1 5 -1 #SUP: 1215
7 -1 7 -1 6 -1 7 -1 #SUP: 2343
7 -1 7 -1 6 -1 7 -1 6 -1 #SUP: 1168
7 -1 7 -1 6 -1 7 -1 7 -1 #SUP: 1455
7 -1 7 -1 6 -1 7 -1 7 -1 7 -1 #SUP: 839
7 -1 7 -1 5 -1 #SUP: 1696
7 -1 7 -1 5 -1 7 -1 #SUP: 849
7 -1 7 -1 7 -1 #SUP: 3770
7 -1 7 -1 7 -1 6 -1 #SUP: 2204
7 -1 7 -1 7 -1 6 -1 6 -1 #SUP: 1194
7 -1 7 -1 7 -1 6 -1 7 -1 #SUP: 1291
7 -1 7 -1 7 -1 5 -1 #SUP: 1220
7 -1 7 -1 7 -1 7 -1 #SUP: 2679
7 -1 7 -1 7 -1 7 -1 6 -1 #SUP: 1334
7 -1 7 -1 7 -1 7 -1 5 -1 #SUP: 858
7 -1 7 -1 7 -1 7 -1 7 -1 #SUP: 1873
7 -1 7 -1 7 -1 7 -1 7 -1 7 -1 #SUP: 1068
11 -1 #SUP: 2030
11 -1 6 -1 #SUP: 1721
11 -1 6 -1 7 -1 #SUP: 1243
