2 -1 #SUP: 68
2 -1 15 -1 #SUP: 50
2 -1 9 -1 #SUP: 40
3 -1 #SUP: 41
5 -1 #SUP: 185
5 -1 10 -1 #SUP: 99
5 -1 10 -1 11 -1 #SUP: 63
5 -1 12 -1 #SUP: 58
5 -1 9 -1 #SUP: 58
5 -1 11 -1 #SUP: 88
5 -1 13 -1 #SUP: 79
6 -1 #SUP: 180
6 -1 10 -1 #SUP: 58
6 -1 7 -1 #SUP: 39
6 -1 11 -1 #SUP: 46
6 -1 12 -1 #SUP: 72
6 -1 9 -1 #SUP: 90
6 -1 13 -1 #SUP: 71
7 -1 #SUP: 209
7 -1 10 -1 #SUP: 113
7 -1 10 -1 11 -1 #SUP: 63
7 -1 11 -1 #SUP: 109
7 -1 12 -1 #SUP: 45
7 -1 9 -1 #SUP: 104
7 -1 13 -1 #SUP: 70
8 -1 #SUP: 188
8 -1 10 -1 #SUP: 92
8 -1 10 -1 11 -1 #SUP: 68
8 -1 11 -1 #SUP: 96
8 -1 12 -1 #SUP: 78
8 -1 9 -1 #SUP: 95
9 -1 #SUP: 415
9 -1 10 -1 #SUP: 142
9 -1 10 -1 11 -1 #SUP: 94
9 -1 11 -1 #SUP: 144
9 -1 12 -1 #SUP: 102
9 -1 9 -1 #SUP: 122
9 -1 13 -1 #SUP: 90
10 -1 #SUP: 473
10 -1 10 -1 #SUP: 139
10 -1 10 -1 11 -1 #SUP: 82
10 -1 11 -1 #SUP: 288
10 -1 12 -1 #SUP: 98
10 -1 9 -1 #SUP: 121
10 -1 13 -1 #SUP: 104
11 -1 #SUP: 459
11 -1 10 -1 #SUP: 159
11 -1 10 -1 11 -1 #SUP: 81
11 -1 11 -1 #SUP: 112
11 -1 12 -1 #SUP: 85
11 -1 9 -1 #SUP: 108
11 -1 13 -1 #SUP: 93
12 -1 #SUP: 348
12 -1 10 -1 #SUP: 121
12 -1 10 -1 11 -1 #SUP: 78
12 -1 12 -1 #SUP: 69
12 -1 9 -1 #SUP: 90
12 -1 11 -1 #SUP: 110
12 -1 13 -1 #SUP: 85
13 -1 #SUP: 261
13 -1 10 -1 #SUP: 38
13 -1 11 -1 #SUP: 41
14 -1 #SUP: 50
15 -1 #SUP: 78
15 -1 9 -1 #SUP: 49
16 -1 #SUP: 49
17 -1 #SUP: 51
