1 -1 #SUP: 114
1 -1 10 -1 #SUP: 71
1 -1 10 -1 11 -1 #SUP: 54
1 -1 14 -1 #SUP: 86
1 -1 14 -1 10 -1 #SUP: 50
1 -1 14 -1 11 -1 #SUP: 58
1 -1 14 -1 12 -1 #SUP: 46
1 -1 11 -1 #SUP: 80
1 -1 12 -1 #SUP: 59
1 -1 9 -1 #SUP: 50
1 -1 13 -1 #SUP: 41
2 -1 #SUP: 187
2 -1 6 -1 #SUP: 42
2 -1 10 -1 #SUP: 101
2 -1 10 -1 11 -1 #SUP: 53
2 -1 7 -1 #SUP: 40
2 -1 11 -1 #SUP: 88
2 -1 15 -1 #SUP: 138
2 -1 15 -1 10 -1 #SUP: 70
2 -1 15 -1 11 -1 #SUP: 62
2 -1 15 -1 12 -1 #SUP: 76
2 -1 15 -1 9 -1 #SUP: 91
2 -1 15 -1 13 -1 #SUP: 64
2 -1 8 -1 #SUP: 39
2 -1 12 -1 #SUP: 109
2 -1 12 -1 9 -1 #SUP: 43
2 -1 5 -1 #SUP: 40
2 -1 9 -1 #SUP: 134
2 -1 9 -1 10 -1 #SUP: 51
2 -1 9 -1 11 -1 #SUP: 42
2 -1 9 -1 12 -1 #SUP: 45
2 -1 9 -1 9 -1 #SUP: 52
2 -1 13 -1 #SUP: 74
3 -1 #SUP: 111
3 -1 10 -1 #SUP: 74
3 -1 10 -1 11 -1 #SUP: 45
3 -1 11 -1 #SUP: 66
3 -1 12 -1 #SUP: 45
3 -1 16 -1 #SUP: 82
3 -1 16 -1 10 -1 #SUP: 55
3 -1 16 -1 11 -1 #SUP: 47
3 -1 16 -1 9 -1 #SUP: 46
3 -1 16 -1 13 -1 #SUP: 39
3 -1 9 -1 #SUP: 60
3 -1 13 -1 #SUP: 53
4 -1 #SUP: 127
4 -1 17 -1 #SUP: 92
4 -1 17 -1 10 -1 #SUP: 71
4 -1 17 -1 10 -1 11 -1 #SUP: 44
4 -1 17 -1 11 -1 #SUP: 60
4 -1 17 -1 12 -1 #SUP: 45
11 -1 12 -1 10 -1 11 -1 #SUP: 51
4 -1 17 -1 9 -1 #SUP: 54
4 -1 10 -1 #SUP: 98
4 -1 10 -1 11 -1 #SUP: 62
4 -1 7 -1 #SUP: 41
4 -1 11 -1 #SUP: 81
4 -1 12 -1 #SUP: 68
4 -1 9 -1 #SUP: 75
5 -1 #SUP: 369
5 -1 6 -1 #SUP: 109
5 -1 6 -1 10 -1 #SUP: 54
5 -1 6 -1 11 -1 #SUP: 44
5 -1 6 -1 12 -1 #SUP: 54
5 -1 6 -1 9 -1 #SUP: 55
5 -1 6 -1 13 -1 #SUP: 56
5 -1 10 -1 #SUP: 251
5 -1 10 -1 10 -1 #SUP: 90
5 -1 10 -1 10 -1 11 -1 #SUP: 49
5 -1 10 -1 11 -1 #SUP: 168
5 -1 10 -1 12 -1 #SUP: 69
5 -1 10 -1 9 -1 #SUP: 62
5 -1 10 -1 13 -1 #SUP: 73
5 -1 7 -1 #SUP: 123
5 -1 7 -1 10 -1 #SUP: 74
5 -1 7 -1 10 -1 11 -1 #SUP: 49
5 -1 7 -1 11 -1 #SUP: 74
5 -1 7 -1 12 -1 #SUP: 38
5 -1 7 -1 9 -1 #SUP: 67
5 -1 7 -1 13 -1 #SUP: 53
5 -1 11 -1 #SUP: 237
5 -1 11 -1 10 -1 #SUP: 97
5 -1 11 -1 10 -1 11 -1 #SUP: 55
5 -1 11 -1 11 -1 #SUP: 67
5 -1 11 -1 12 -1 #SUP: 57
6 -1 8 -1 11 -1 #SUP: 64
5 -1 11 -1 9 -1 #SUP: 47
5 -1 11 -1 13 -1 #SUP: 58
5 -1 8 -1 #SUP: 103
5 -1 8 -1 10 -1 #SUP: 58
5 -1 8 -1 10 -1 11 -1 #SUP: 43
5 -1 8 -1 11 -1 #SUP: 66
5 -1 8 -1 12 -1 #SUP: 50
5 -1 8 -1 9 -1 #SUP: 55
5 -1 12 -1 #SUP: 195
5 -1 12 -1 10 -1 #SUP: 88
5 -1 12 -1 10 -1 11 -1 #SUP: 50
5 -1 12 -1 11 -1 #SUP: 75
5 -1 12 -1 12 -1 #SUP: 46
5 -1 12 -1 9 -1 #SUP: 51
5 -1 12 -1 13 -1 #SUP: 62
5 -1 5 -1 #SUP: 93
5 -1 5 -1 10 -1 #SUP: 56
5 -1 5 -1 11 -1 #SUP: 51
5 -1 5 -1 12 -1 #SUP: 40
5 -1 5 -1 13 -1 #SUP: 43
5 -1 9 -1 #SUP: 193
5 -1 9 -1 10 -1 #SUP: 94
5 -1 9 -1 10 -1 11 -1 #SUP: 63
5 -1 9 -1 11 -1 #SUP: 97
5 -1 9 -1 12 -1 #SUP: 68
5 -1 9 -1 9 -1 #SUP: 76
5 -1 9 -1 13 -1 #SUP: 71
5 -1 13 -1 #SUP: 172
5 -1 13 -1 10 -1 #SUP: 43
5 -1 13 -1 11 -1 #SUP: 39
5 -1 13 -1 12 -1 #SUP: 38
6 -1 #SUP: 355
6 -1 6 -1 #SUP: 95
6 -1 6 -1 10 -1 #SUP: 41
6 -1 6 -1 12 -1 #SUP: 49
6 -1 6 -1 9 -1 #SUP: 58
6 -1 6 -1 13 -1 #SUP: 43
6 -1 10 -1 #SUP: 198
6 -1 10 -1 10 -1 #SUP: 66
6 -1 10 -1 11 -1 #SUP: 111
6 -1 10 -1 12 -1 #SUP: 60
6 -1 10 -1 9 -1 #SUP: 71
6 -1 10 -1 13 -1 #SUP: 59
6 -1 7 -1 #SUP: 131
6 -1 7 -1 10 -1 #SUP: 73
6 -1 7 -1 10 -1 11 -1 #SUP: 45
6 -1 7 -1 11 -1 #SUP: 74
6 -1 7 -1 9 -1 #SUP: 72
6 -1 7 -1 13 -1 #SUP: 53
6 -1 11 -1 #SUP: 193
6 -1 11 -1 10 -1 #SUP: 68
6 -1 11 -1 11 -1 #SUP: 58
6 -1 11 -1 12 -1 #SUP: 47
6 -1 11 -1 9 -1 #SUP: 67
6 -1 11 -1 13 -1 #SUP: 72
6 -1 8 -1 #SUP: 108
6 -1 8 -1 10 -1 #SUP: 58
6 -1 8 -1 10 -1 11 -1 #SUP: 44
6 -1 8 -1 12 -1 #SUP: 50
6 -1 8 -1 9 -1 #SUP: 64
6 -1 12 -1 #SUP: 190
6 -1 12 -1 10 -1 #SUP: 70
6 -1 12 -1 11 -1 #SUP: 58
6 -1 12 -1 12 -1 #SUP: 51
6 -1 12 -1 9 -1 #SUP: 76
13 -1 17 -1 10 -1 #SUP: 77
13 -1 4 -1 10 -1 #SUP: 77
6 -1 12 -1 13 -1 #SUP: 66
6 -1 5 -1 #SUP: 110
6 -1 5 -1 10 -1 #SUP: 62
6 -1 5 -1 10 -1 11 -1 #SUP: 43
6 -1 5 -1 11 -1 #SUP: 62
6 -1 5 -1 12 -1 #SUP: 46
6 -1 5 -1 9 -1 #SUP: 44
6 -1 5 -1 13 -1 #SUP: 51
6 -1 9 -1 #SUP: 224
6 -1 9 -1 6 -1 #SUP: 38
6 -1 9 -1 10 -1 #SUP: 82
6 -1 9 -1 10 -1 11 -1 #SUP: 44
6 -1 9 -1 11 -1 #SUP: 82
6 -1 9 -1 12 -1 #SUP: 89
6 -1 9 -1 9 -1 #SUP: 87
6 -1 9 -1 13 -1 #SUP: 73
6 -1 13 -1 #SUP: 166
7 -1 #SUP: 379
7 -1 6 -1 #SUP: 94
7 -1 6 -1 10 -1 #SUP: 45
7 -1 6 -1 11 -1 #SUP: 45
7 -1 6 -1 9 -1 #SUP: 57
7 -1 6 -1 13 -1 #SUP: 45
7 -1 10 -1 #SUP: 261
7 -1 10 -1 10 -1 #SUP: 92
7 -1 10 -1 10 -1 11 -1 #SUP: 55
11 -1 15 -1 13 -1 #SUP: 49
11 -1 2 -1 13 -1 #SUP: 49
7 -1 10 -1 11 -1 #SUP: 180
7 -1 10 -1 12 -1 #SUP: 48
7 -1 10 -1 9 -1 #SUP: 96
7 -1 10 -1 13 -1 #SUP: 62
7 -1 7 -1 #SUP: 94
7 -1 7 -1 10 -1 #SUP: 56
7 -1 7 -1 11 -1 #SUP: 52
7 -1 7 -1 9 -1 #SUP: 58
7 -1 11 -1 #SUP: 254
7 -1 11 -1 10 -1 #SUP: 107
7 -1 11 -1 10 -1 11 -1 #SUP: 58
7 -1 11 -1 11 -1 #SUP: 84
7 -1 11 -1 9 -1 #SUP: 81
7 -1 11 -1 13 -1 #SUP: 64
7 -1 15 -1 #SUP: 40
7 -1 8 -1 #SUP: 118
7 -1 8 -1 10 -1 #SUP: 78
7 -1 8 -1 10 -1 11 -1 #SUP: 63
7 -1 8 -1 11 -1 #SUP: 79
7 -1 8 -1 9 -1 #SUP: 72
7 -1 12 -1 #SUP: 141
7 -1 12 -1 10 -1 #SUP: 71
7 -1 12 -1 10 -1 11 -1 #SUP: 46
7 -1 12 -1 11 -1 #SUP: 63
7 -1 12 -1 9 -1 #SUP: 57
7 -1 12 -1 13 -1 #SUP: 43
7 -1 5 -1 #SUP: 113
7 -1 5 -1 10 -1 #SUP: 72
7 -1 5 -1 10 -1 11 -1 #SUP: 54
7 -1 5 -1 11 -1 #SUP: 71
7 -1 5 -1 9 -1 #SUP: 51
7 -1 5 -1 13 -1 #SUP: 48
7 -1 9 -1 #SUP: 239
7 -1 9 -1 10 -1 #SUP: 103
7 -1 9 -1 10 -1 11 -1 #SUP: 79
7 -1 9 -1 7 -1 #SUP: 40
7 -1 9 -1 11 -1 #SUP: 105
7 -1 9 -1 12 -1 #SUP: 54
7 -1 9 -1 9 -1 #SUP: 90
7 -1 9 -1 13 -1 #SUP: 68
7 -1 13 -1 #SUP: 146
8 -1 #SUP: 344
8 -1 6 -1 #SUP: 113
8 -1 6 -1 10 -1 #SUP: 48
8 -1 6 -1 11 -1 #SUP: 42
8 -1 6 -1 12 -1 #SUP: 55
8 -1 6 -1 9 -1 #SUP: 72
8 -1 10 -1 #SUP: 221
8 -1 10 -1 10 -1 #SUP: 80
8 -1 10 -1 10 -1 11 -1 #SUP: 52
8 -1 10 -1 11 -1 #SUP: 162
8 -1 10 -1 12 -1 #SUP: 54
8 -1 10 -1 9 -1 #SUP: 79
8 -1 7 -1 #SUP: 120
8 -1 7 -1 10 -1 #SUP: 66
8 -1 7 -1 10 -1 11 -1 #SUP: 45
8 -1 7 -1 11 -1 #SUP: 75
8 -1 7 -1 9 -1 #SUP: 74
8 -1 7 -1 13 -1 #SUP: 39
8 -1 11 -1 #SUP: 225
8 -1 11 -1 10 -1 #SUP: 88
8 -1 11 -1 10 -1 11 -1 #SUP: 55
8 -1 11 -1 11 -1 #SUP: 71
8 -1 11 -1 12 -1 #SUP: 48
8 -1 11 -1 9 -1 #SUP: 74
8 -1 8 -1 #SUP: 99
8 -1 8 -1 10 -1 #SUP: 52
8 -1 8 -1 10 -1 11 -1 #SUP: 43
8 -1 8 -1 11 -1 #SUP: 60
8 -1 8 -1 12 -1 #SUP: 38
8 -1 8 -1 9 -1 #SUP: 52
8 -1 12 -1 #SUP: 186
8 -1 12 -1 10 -1 #SUP: 75
8 -1 12 -1 10 -1 11 -1 #SUP: 50
8 -1 12 -1 11 -1 #SUP: 69
8 -1 12 -1 12 -1 #SUP: 44
8 -1 12 -1 9 -1 #SUP: 70
8 -1 5 -1 #SUP: 113
8 -1 5 -1 10 -1 #SUP: 63
8 -1 5 -1 10 -1 11 -1 #SUP: 44
8 -1 5 -1 11 -1 #SUP: 61
8 -1 5 -1 12 -1 #SUP: 44
13 -1 12 -1 10 -1 #SUP: 43
8 -1 5 -1 9 -1 #SUP: 49
8 -1 5 -1 13 -1 #SUP: 40
8 -1 9 -1 #SUP: 231
8 -1 9 -1 10 -1 #SUP: 99
8 -1 9 -1 10 -1 11 -1 #SUP: 72
8 -1 9 -1 11 -1 #SUP: 102
8 -1 9 -1 8 -1 #SUP: 40
8 -1 9 -1 12 -1 #SUP: 91
8 -1 9 -1 9 -1 #SUP: 89
8 -1 9 -1 13 -1 #SUP: 39
8 -1 13 -1 #SUP: 79
9 -1 #SUP: 573
9 -1 6 -1 #SUP: 117
9 -1 6 -1 10 -1 #SUP: 49
9 -1 6 -1 11 -1 #SUP: 47
9 -1 6 -1 12 -1 #SUP: 63
9 -1 6 -1 9 -1 #SUP: 67
9 -1 6 -1 13 -1 #SUP: 51
9 -1 10 -1 #SUP: 332
9 -1 10 -1 10 -1 #SUP: 119
9 -1 10 -1 10 -1 11 -1 #SUP: 73
9 -1 10 -1 11 -1 #SUP: 227
9 -1 10 -1 11 -1 10 -1 #SUP: 43
9 -1 10 -1 12 -1 #SUP: 76
9 -1 10 -1 9 -1 #SUP: 102
9 -1 10 -1 13 -1 #SUP: 79
9 -1 14 -1 #SUP: 89
9 -1 1 -1 #SUP: 89
9 -1 14 -1 10 -1 #SUP: 53
9 -1 1 -1 10 -1 #SUP: 53
9 -1 14 -1 10 -1 11 -1 #SUP: 41
9 -1 1 -1 10 -1 11 -1 #SUP: 41
9 -1 14 -1 11 -1 #SUP: 63
9 -1 1 -1 11 -1 #SUP: 63
9 -1 14 -1 12 -1 #SUP: 44
9 -1 1 -1 12 -1 #SUP: 44
9 -1 7 -1 #SUP: 142
9 -1 7 -1 10 -1 #SUP: 97
9 -1 7 -1 10 -1 11 -1 #SUP: 60
9 -1 7 -1 11 -1 #SUP: 91
9 -1 7 -1 11 -1 10 -1 #SUP: 38
9 -1 7 -1 12 -1 #SUP: 39
9 -1 7 -1 9 -1 #SUP: 79
9 -1 7 -1 13 -1 #SUP: 46
9 -1 11 -1 #SUP: 330
9 -1 11 -1 10 -1 #SUP: 133
9 -1 11 -1 10 -1 11 -1 #SUP: 73
9 -1 11 -1 11 -1 #SUP: 102
9 -1 11 -1 12 -1 #SUP: 74
9 -1 11 -1 9 -1 #SUP: 96
9 -1 11 -1 13 -1 #SUP: 81
9 -1 8 -1 #SUP: 121
9 -1 8 -1 10 -1 #SUP: 71
9 -1 8 -1 10 -1 11 -1 #SUP: 52
9 -1 8 -1 11 -1 #SUP: 74
9 -1 8 -1 12 -1 #SUP: 60
9 -1 8 -1 9 -1 #SUP: 77
9 -1 1 -1 14 -1 #SUP: 70
9 -1 1 -1 14 -1 10 -1 #SUP: 38
9 -1 1 -1 14 -1 11 -1 #SUP: 47
9 -1 12 -1 #SUP: 267
9 -1 12 -1 10 -1 #SUP: 115
9 -1 12 -1 10 -1 11 -1 #SUP: 69
9 -1 12 -1 11 -1 #SUP: 103
9 -1 12 -1 12 -1 #SUP: 58
9 -1 12 -1 9 -1 #SUP: 90
9 -1 12 -1 13 -1 #SUP: 66
9 -1 5 -1 #SUP: 125
9 -1 5 -1 10 -1 #SUP: 80
9 -1 5 -1 10 -1 11 -1 #SUP: 54
9 -1 5 -1 11 -1 #SUP: 71
9 -1 5 -1 12 -1 #SUP: 55
9 -1 5 -1 9 -1 #SUP: 46
9 -1 5 -1 13 -1 #SUP: 63
9 -1 9 -1 #SUP: 294
9 -1 9 -1 10 -1 #SUP: 128
9 -1 9 -1 10 -1 11 -1 #SUP: 87
9 -1 9 -1 7 -1 #SUP: 43
9 -1 9 -1 11 -1 #SUP: 135
9 -1 9 -1 11 -1 10 -1 #SUP: 40
9 -1 9 -1 12 -1 #SUP: 104
9 -1 9 -1 9 -1 #SUP: 110
9 -1 9 -1 13 -1 #SUP: 72
9 -1 13 -1 #SUP: 209
9 -1 13 -1 10 -1 #SUP: 48
9 -1 13 -1 11 -1 #SUP: 51
9 -1 13 -1 12 -1 #SUP: 47
9 -1 13 -1 9 -1 #SUP: 47
10 -1 #SUP: 607
10 -1 6 -1 #SUP: 118
10 -1 6 -1 10 -1 #SUP: 47
10 -1 6 -1 11 -1 #SUP: 43
10 -1 6 -1 12 -1 #SUP: 61
10 -1 6 -1 9 -1 #SUP: 72
10 -1 6 -1 13 -1 #SUP: 51
10 -1 10 -1 #SUP: 317
10 -1 10 -1 10 -1 #SUP: 91
10 -1 10 -1 10 -1 11 -1 #SUP: 48
10 -1 10 -1 11 -1 #SUP: 198
10 -1 10 -1 12 -1 #SUP: 79
10 -1 10 -1 9 -1 #SUP: 102
10 -1 10 -1 13 -1 #SUP: 81
10 -1 7 -1 #SUP: 134
10 -1 7 -1 10 -1 #SUP: 79
10 -1 7 -1 10 -1 11 -1 #SUP: 49
10 -1 7 -1 11 -1 #SUP: 78
10 -1 7 -1 9 -1 #SUP: 78
10 -1 7 -1 13 -1 #SUP: 51
10 -1 11 -1 #SUP: 439
10 -1 11 -1 6 -1 #SUP: 38
10 -1 11 -1 10 -1 #SUP: 149
10 -1 11 -1 10 -1 11 -1 #SUP: 71
10 -1 11 -1 10 -1 9 -1 #SUP: 39
10 -1 11 -1 7 -1 #SUP: 49
10 -1 11 -1 11 -1 #SUP: 111
10 -1 11 -1 15 -1 #SUP: 104
10 -1 11 -1 2 -1 #SUP: 104
10 -1 11 -1 15 -1 10 -1 #SUP: 41
10 -1 11 -1 2 -1 10 -1 #SUP: 41
10 -1 11 -1 15 -1 12 -1 #SUP: 51
10 -1 11 -1 2 -1 12 -1 #SUP: 51
10 -1 11 -1 15 -1 9 -1 #SUP: 63
10 -1 11 -1 2 -1 9 -1 #SUP: 63
10 -1 11 -1 15 -1 13 -1 #SUP: 38
10 -1 11 -1 2 -1 13 -1 #SUP: 38
10 -1 11 -1 8 -1 #SUP: 39
10 -1 11 -1 12 -1 #SUP: 112
10 -1 11 -1 5 -1 #SUP: 43
10 -1 11 -1 9 -1 #SUP: 133
10 -1 11 -1 9 -1 10 -1 #SUP: 40
10 -1 11 -1 9 -1 9 -1 #SUP: 38
10 -1 11 -1 2 -1 15 -1 #SUP: 83
10 -1 11 -1 2 -1 15 -1 12 -1 #SUP: 41
10 -1 11 -1 2 -1 15 -1 9 -1 #SUP: 45
10 -1 11 -1 13 -1 #SUP: 104
10 -1 15 -1 #SUP: 126
10 -1 2 -1 #SUP: 126
10 -1 15 -1 10 -1 #SUP: 51
10 -1 2 -1 10 -1 #SUP: 51
10 -1 15 -1 11 -1 #SUP: 46
10 -1 2 -1 11 -1 #SUP: 46
10 -1 15 -1 12 -1 #SUP: 62
10 -1 2 -1 12 -1 #SUP: 62
10 -1 15 -1 9 -1 #SUP: 83
10 -1 2 -1 9 -1 #SUP: 83
10 -1 15 -1 13 -1 #SUP: 44
10 -1 2 -1 13 -1 #SUP: 44
10 -1 8 -1 #SUP: 123
10 -1 8 -1 10 -1 #SUP: 61
10 -1 8 -1 10 -1 11 -1 #SUP: 43
10 -1 8 -1 11 -1 #SUP: 59
10 -1 8 -1 12 -1 #SUP: 67
10 -1 8 -1 9 -1 #SUP: 76
10 -1 12 -1 #SUP: 250
10 -1 12 -1 10 -1 #SUP: 98
10 -1 12 -1 10 -1 11 -1 #SUP: 62
10 -1 12 -1 11 -1 #SUP: 85
10 -1 12 -1 12 -1 #SUP: 66
10 -1 12 -1 9 -1 #SUP: 80
10 -1 12 -1 13 -1 #SUP: 62
10 -1 5 -1 #SUP: 121
10 -1 5 -1 10 -1 #SUP: 77
10 -1 5 -1 10 -1 11 -1 #SUP: 41
10 -1 5 -1 11 -1 #SUP: 59
10 -1 5 -1 12 -1 #SUP: 61
10 -1 5 -1 9 -1 #SUP: 43
10 -1 5 -1 13 -1 #SUP: 60
10 -1 9 -1 #SUP: 308
10 -1 9 -1 10 -1 #SUP: 123
10 -1 9 -1 10 -1 11 -1 #SUP: 81
10 -1 9 -1 7 -1 #SUP: 43
10 -1 9 -1 11 -1 #SUP: 116
10 -1 9 -1 12 -1 #SUP: 92
10 -1 9 -1 9 -1 #SUP: 111
10 -1 9 -1 13 -1 #SUP: 75
10 -1 2 -1 15 -1 #SUP: 102
10 -1 2 -1 15 -1 10 -1 #SUP: 43
10 -1 2 -1 15 -1 11 -1 #SUP: 40
10 -1 2 -1 15 -1 12 -1 #SUP: 51
10 -1 2 -1 15 -1 9 -1 #SUP: 63
10 -1 2 -1 15 -1 13 -1 #SUP: 40
10 -1 13 -1 #SUP: 202
10 -1 13 -1 10 -1 #SUP: 51
11 -1 11 -1 12 -1 #SUP: 63
10 -1 13 -1 11 -1 #SUP: 49
10 -1 13 -1 9 -1 #SUP: 40
11 -1 #SUP: 585
11 -1 6 -1 #SUP: 101
11 -1 6 -1 11 -1 #SUP: 38
15 -1 12 -1 9 -1 #SUP: 41
11 -1 6 -1 12 -1 #SUP: 46
11 -1 6 -1 9 -1 #SUP: 56
11 -1 6 -1 13 -1 #SUP: 54
11 -1 10 -1 #SUP: 319
11 -1 10 -1 10 -1 #SUP: 98
11 -1 10 -1 10 -1 11 -1 #SUP: 55
11 -1 10 -1 11 -1 #SUP: 190
11 -1 10 -1 11 -1 13 -1 #SUP: 38
11 -1 10 -1 15 -1 #SUP: 44
11 -1 10 -1 2 -1 #SUP: 44
11 -1 10 -1 12 -1 #SUP: 92
11 -1 10 -1 9 -1 #SUP: 102
11 -1 10 -1 2 -1 15 -1 #SUP: 39
11 -1 10 -1 13 -1 #SUP: 85
11 -1 7 -1 #SUP: 106
11 -1 7 -1 10 -1 #SUP: 64
11 -1 7 -1 10 -1 11 -1 #SUP: 40
11 -1 7 -1 11 -1 #SUP: 64
11 -1 7 -1 9 -1 #SUP: 57
11 -1 7 -1 13 -1 #SUP: 39
11 -1 11 -1 #SUP: 267
11 -1 11 -1 10 -1 #SUP: 101
11 -1 11 -1 10 -1 11 -1 #SUP: 54
11 -1 11 -1 11 -1 #SUP: 78
11 -1 11 -1 9 -1 #SUP: 80
11 -1 11 -1 13 -1 #SUP: 68
11 -1 15 -1 #SUP: 137
11 -1 2 -1 #SUP: 137
11 -1 15 -1 10 -1 #SUP: 57
11 -1 2 -1 10 -1 #SUP: 57
11 -1 15 -1 11 -1 #SUP: 55
11 -1 2 -1 11 -1 #SUP: 55
11 -1 15 -1 12 -1 #SUP: 73
11 -1 2 -1 12 -1 #SUP: 73
11 -1 15 -1 9 -1 #SUP: 90
11 -1 2 -1 9 -1 #SUP: 90
11 -1 8 -1 #SUP: 103
11 -1 8 -1 10 -1 #SUP: 58
11 -1 8 -1 10 -1 11 -1 #SUP: 40
11 -1 8 -1 11 -1 #SUP: 56
11 -1 8 -1 12 -1 #SUP: 54
11 -1 8 -1 9 -1 #SUP: 67
11 -1 12 -1 #SUP: 222
11 -1 12 -1 10 -1 #SUP: 79
11 -1 12 -1 11 -1 #SUP: 71
11 -1 12 -1 12 -1 #SUP: 60
11 -1 12 -1 9 -1 #SUP: 64
11 -1 12 -1 13 -1 #SUP: 59
11 -1 5 -1 #SUP: 116
11 -1 5 -1 10 -1 #SUP: 74
11 -1 5 -1 10 -1 11 -1 #SUP: 42
11 -1 5 -1 11 -1 #SUP: 59
11 -1 5 -1 12 -1 #SUP: 58
11 -1 5 -1 9 -1 #SUP: 41
11 -1 5 -1 13 -1 #SUP: 56
11 -1 9 -1 #SUP: 273
11 -1 9 -1 10 -1 #SUP: 103
11 -1 9 -1 10 -1 11 -1 #SUP: 72
11 -1 9 -1 11 -1 #SUP: 99
11 -1 9 -1 12 -1 #SUP: 85
11 -1 9 -1 9 -1 #SUP: 89
11 -1 9 -1 13 -1 #SUP: 74
11 -1 2 -1 15 -1 #SUP: 109
11 -1 2 -1 15 -1 10 -1 #SUP: 47
11 -1 2 -1 15 -1 11 -1 #SUP: 45
11 -1 2 -1 15 -1 12 -1 #SUP: 58
11 -1 2 -1 15 -1 9 -1 #SUP: 68
11 -1 2 -1 15 -1 13 -1 #SUP: 45
11 -1 13 -1 #SUP: 193
11 -1 13 -1 10 -1 #SUP: 38
12 -1 #SUP: 492
12 -1 6 -1 #SUP: 89
12 -1 6 -1 12 -1 #SUP: 41
12 -1 6 -1 9 -1 #SUP: 50
12 -1 6 -1 13 -1 #SUP: 39
12 -1 10 -1 #SUP: 281
12 -1 10 -1 10 -1 #SUP: 91
12 -1 10 -1 10 -1 11 -1 #SUP: 56
12 -1 10 -1 11 -1 #SUP: 173
12 -1 10 -1 12 -1 #SUP: 61
12 -1 10 -1 9 -1 #SUP: 88
12 -1 10 -1 13 -1 #SUP: 66
12 -1 3 -1 #SUP: 87
12 -1 16 -1 #SUP: 87
12 -1 3 -1 10 -1 #SUP: 54
12 -1 16 -1 10 -1 #SUP: 54
12 -1 3 -1 11 -1 #SUP: 49
12 -1 16 -1 11 -1 #SUP: 49
12 -1 3 -1 16 -1 #SUP: 68
12 -1 3 -1 16 -1 10 -1 #SUP: 43
12 -1 3 -1 9 -1 #SUP: 41
12 -1 16 -1 9 -1 #SUP: 41
12 -1 3 -1 13 -1 #SUP: 43
12 -1 16 -1 13 -1 #SUP: 43
12 -1 7 -1 #SUP: 107
12 -1 7 -1 10 -1 #SUP: 65
12 -1 7 -1 11 -1 #SUP: 54
12 -1 7 -1 9 -1 #SUP: 68
12 -1 11 -1 #SUP: 259
12 -1 11 -1 10 -1 #SUP: 101
12 -1 11 -1 10 -1 11 -1 #SUP: 45
12 -1 11 -1 11 -1 #SUP: 73
12 -1 11 -1 12 -1 #SUP: 59
12 -1 11 -1 9 -1 #SUP: 70
12 -1 11 -1 13 -1 #SUP: 55
12 -1 8 -1 #SUP: 94
12 -1 8 -1 10 -1 #SUP: 53
12 -1 8 -1 11 -1 #SUP: 51
12 -1 8 -1 12 -1 #SUP: 50
12 -1 8 -1 9 -1 #SUP: 59
12 -1 12 -1 #SUP: 192
12 -1 12 -1 10 -1 #SUP: 82
12 -1 12 -1 10 -1 11 -1 #SUP: 44
12 -1 12 -1 11 -1 #SUP: 64
12 -1 12 -1 12 -1 #SUP: 51
12 -1 12 -1 9 -1 #SUP: 60
12 -1 12 -1 13 -1 #SUP: 54
12 -1 5 -1 #SUP: 108
12 -1 5 -1 10 -1 #SUP: 69
12 -1 5 -1 11 -1 #SUP: 58
12 -1 5 -1 12 -1 #SUP: 54
12 -1 5 -1 9 -1 #SUP: 39
12 -1 5 -1 13 -1 #SUP: 50
12 -1 9 -1 #SUP: 242
12 -1 9 -1 10 -1 #SUP: 96
12 -1 9 -1 10 -1 11 -1 #SUP: 63
12 -1 9 -1 11 -1 #SUP: 94
12 -1 9 -1 12 -1 #SUP: 79
12 -1 9 -1 9 -1 #SUP: 93
12 -1 9 -1 13 -1 #SUP: 61
12 -1 13 -1 #SUP: 169
13 -1 #SUP: 372
13 -1 6 -1 #SUP: 45
13 -1 17 -1 #SUP: 100
13 -1 4 -1 #SUP: 100
13 -1 17 -1 10 -1 11 -1 #SUP: 47
13 -1 4 -1 10 -1 11 -1 #SUP: 47
13 -1 17 -1 11 -1 #SUP: 62
13 -1 4 -1 11 -1 #SUP: 62
13 -1 17 -1 12 -1 #SUP: 52
13 -1 4 -1 12 -1 #SUP: 52
13 -1 17 -1 9 -1 #SUP: 56
13 -1 4 -1 9 -1 #SUP: 56
13 -1 10 -1 #SUP: 158
13 -1 10 -1 10 -1 #SUP: 54
13 -1 10 -1 11 -1 #SUP: 89
13 -1 10 -1 12 -1 #SUP: 47
13 -1 10 -1 9 -1 #SUP: 40
13 -1 7 -1 #SUP: 56
13 -1 7 -1 10 -1 #SUP: 39
13 -1 11 -1 #SUP: 149
13 -1 11 -1 10 -1 #SUP: 66
13 -1 11 -1 9 -1 #SUP: 42
13 -1 4 -1 17 -1 #SUP: 76
13 -1 4 -1 17 -1 10 -1 #SUP: 60
13 -1 4 -1 17 -1 11 -1 #SUP: 48
13 -1 4 -1 17 -1 9 -1 #SUP: 41
13 -1 8 -1 #SUP: 38
13 -1 12 -1 #SUP: 124
13 -1 12 -1 11 -1 #SUP: 41
13 -1 5 -1 #SUP: 52
13 -1 9 -1 #SUP: 130
13 -1 9 -1 10 -1 #SUP: 47
13 -1 9 -1 11 -1 #SUP: 43
13 -1 9 -1 12 -1 #SUP: 39
13 -1 9 -1 9 -1 #SUP: 41
13 -1 13 -1 #SUP: 85
14 -1 #SUP: 126
14 -1 10 -1 #SUP: 83
14 -1 10 -1 11 -1 #SUP: 62
14 -1 11 -1 #SUP: 93
14 -1 12 -1 #SUP: 67
14 -1 9 -1 #SUP: 63
14 -1 13 -1 #SUP: 47
15 -1 #SUP: 187
15 -1 6 -1 #SUP: 41
15 -1 10 -1 #SUP: 99
15 -1 10 -1 11 -1 #SUP: 53
15 -1 10 -1 9 -1 #SUP: 39
15 -1 11 -1 #SUP: 89
15 -1 12 -1 #SUP: 106
15 -1 9 -1 #SUP: 133
15 -1 9 -1 10 -1 #SUP: 47
15 -1 9 -1 11 -1 #SUP: 43
15 -1 9 -1 12 -1 #SUP: 45
15 -1 9 -1 9 -1 #SUP: 53
15 -1 2 -1 #SUP: 39
15 -1 13 -1 #SUP: 75
16 -1 #SUP: 122
16 -1 10 -1 #SUP: 85
16 -1 10 -1 11 -1 #SUP: 57
16 -1 11 -1 #SUP: 78
16 -1 12 -1 #SUP: 49
16 -1 9 -1 #SUP: 70
16 -1 13 -1 #SUP: 59
17 -1 #SUP: 134
17 -1 10 -1 #SUP: 104
17 -1 10 -1 10 -1 #SUP: 45
17 -1 10 -1 11 -1 #SUP: 68
17 -1 11 -1 #SUP: 88
17 -1 11 -1 10 -1 #SUP: 38
17 -1 12 -1 #SUP: 71
17 -1 9 -1 #SUP: 82
