4 -1 #SUP: 1537
4 -1 6 -1 #SUP: 480
4 -1 6 -1 6 -1 #SUP: 430
4 -1 6 -1 6 -1 6 -1 #SUP: 396
4 -1 4 -1 #SUP: 1446
4 -1 4 -1 6 -1 #SUP: 425
4 -1 4 -1 6 -1 6 -1 #SUP: 379
4 -1 4 -1 4 -1 #SUP: 1370
4 -1 4 -1 4 -1 6 -1 #SUP: 380
4 -1 4 -1 4 -1 4 -1 #SUP: 1301
4 -1 4 -1 4 -1 4 -1 4 -1 #SUP: 1208
4 -1 4 -1 4 -1 4 -1 4 -1 4 -1 #SUP: 1172
4 -1 4 -1 4 -1 4 -1 4 -1 4 -1 4 -1 #SUP: 1104
4 -1 4 -1 4 -1 4 -1 4 -1 4 -1 4 -1 4 -1 #SUP: 992
4 -1 4 -1 4 -1 4 -1 4 -1 4 -1 4 -1 4 -1 4 -1 #SUP: 894
4 -1 4 -1 4 -1 4 -1 4 -1 4 -1 4 -1 4 -1 4 -1 4 -1 #SUP: 849
6 -1 #SUP: 6223
6 -1 6 -1 #SUP: 6176
6 -1 6 -1 6 -1 #SUP: 6076
6 -1 6 -1 6 -1 6 -1 #SUP: 5939
6 -1 6 -1 6 -1 6 -1 6 -1 #SUP: 5862
6 -1 6 -1 6 -1 6 -1 6 -1 6 -1 #SUP: 5821
6 -1 6 -1 6 -1 6 -1 6 -1 6 -1 6 -1 #SUP: 5721
6 -1 6 -1 6 -1 6 -1 6 -1 6 -1 6 -1 6 -1 #SUP: 5646
6 -1 6 -1 6 -1 6 -1 6 -1 6 -1 6 -1 6 -1 6 -1 #SUP: 5564
6 -1 6 -1 6 -1 6 -1 6 -1 6 -1 6 -1 6 -1 6 -1 6 -1 #SUP: 5456
