4 -1 #SUP: 1970
4 -1 6 -1 #SUP: 944
4 -1 6 -1 6 -1 #SUP: 892
4 -1 6 -1 6 -1 6 -1 #SUP: 856
4 -1 6 -1 6 -1 6 -1 6 -1 #SUP: 728
4 -1 6 -1 6 -1 6 -1 6 -1 6 -1 #SUP: 671
4 -1 6 -1 6 -1 6 -1 6 -1 6 -1 6 -1 #SUP: 647
4 -1 6 -1 6 -1 6 -1 6 -1 6 -1 6 -1 6 -1 #SUP: 577
4 -1 6 -1 6 -1 6 -1 6 -1 6 -1 6 -1 6 -1 6 -1 #SUP: 526
4 -1 6 -1 6 -1 6 -1 6 -1 6 -1 6 -1 6 -1 6 -1 6 -1 #SUP: 482
4 -1 6 -1 6 -1 6 -1 6 -1 6 -1 6 -1 6 -1 6 -1 6 -1 6 -1 #SUP: 448
4 -1 6 -1 6 -1 6 -1 6 -1 6 -1 6 -1 6 -1 6 -1 6 -1 6 -1 6 -1 #SUP: 411
4 -1 6 -1 6 -1 6 -1 6 -1 6 -1 6 -1 6 -1 6 -1 6 -1 6 -1 6 -1 6 -1 #SUP: 374
4 -1 4 -1 #SUP: 1877
4 -1 4 -1 6 -1 #SUP: 871
4 -1 4 -1 6 -1 6 -1 #SUP: 823
4 -1 4 -1 6 -1 6 -1 6 -1 #SUP: 786
4 -1 4 -1 6 -1 6 -1 6 -1 6 -1 #SUP: 673
4 -1 4 -1 6 -1 6 -1 6 -1 6 -1 6 -1 #SUP: 617
4 -1 4 -1 6 -1 6 -1 6 -1 6 -1 6 -1 6 -1 #SUP: 593
4 -1 4 -1 6 -1 6 -1 6 -1 6 -1 6 -1 6 -1 6 -1 #SUP: 524
4 -1 4 -1 6 -1 6 -1 6 -1 6 -1 6 -1 6 -1 6 -1 6 -1 #SUP: 478
4 -1 4 -1 6 -1 6 -1 6 -1 6 -1 6 -1 6 -1 6 -1 6 -1 6 -1 #SUP: 436
4 -1 4 -1 6 -1 6 -1 6 -1 6 -1 6 -1 6 -1 6 -1 6 -1 6 -1 6 -1 #SUP: 403
4 -1 4 -1 6 -1 6 -1 6 -1 6 -1 6 -1 6 -1 6 -1 6 -1 6 -1 6 -1 6 -1 #SUP: 366
4 -1 4 -1 4 -1 #SUP: 1804
4 -1 4 -1 4 -1 6 -1 #SUP: 828
4 -1 4 -1 4 -1 6 -1 6 -1 #SUP: 780
4 -1 4 -1 4 -1 6 -1 6 -1 6 -1 #SUP: 746
4 -1 4 -1 4 -1 6 -1 6 -1 6 -1 6 -1 #SUP: 635
4 -1 4 -1 4 -1 6 -1 6 -1 6 -1 6 -1 6 -1 #SUP: 578
4 -1 4 -1 4 -1 6 -1 6 -1 6 -1 6 -1 6 -1 6 -1 #SUP: 553
4 -1 4 -1 4 -1 6 -1 6 -1 6 -1 6 -1 6 -1 6 -1 6 -1 #SUP: 485
4 -1 4 -1 4 -1 6 -1 6 -1 6 -1 6 -1 6 -1 6 -1 6 -1 6 -1 #SUP: 440
4 -1 4 -1 4 -1 6 -1 6 -1 6 -1 6 -1 6 -1 6 -1 6 -1 6 -1 6 -1 #SUP: 398
4 -1 4 -1 4 -1 6 -1 6 -1 6 -1 6 -1 6 -1 6 -1 6 -1 6 -1 6 -1 6 -1 #SUP: 366
4 -1 4 -1 4 -1 4 -1 #SUP: 1758
4 -1 4 -1 4 -1 4 -1 6 -1 #SUP: 796
4 -1 4 -1 4 -1 4 -1 6 -1 6 -1 #SUP: 750
4 -1 4 -1 4 -1 4 -1 6 -1 6 -1 6 -1 #SUP: 717
4 -1 4 -1 4 -1 4 -1 6 -1 6 -1 6 -1 6 -1 #SUP: 602
4 -1 4 -1 4 -1 4 -1 6 -1 6 -1 6 -1 6 -1 6 -1 #SUP: 547
4 -1 4 -1 4 -1 4 -1 6 -1 6 -1 6 -1 6 -1 6 -1 6 -1 #SUP: 522
4 -1 4 -1 4 -1 4 -1 6 -1 6 -1 6 -1 6 -1 6 -1 6 -1 6 -1 #SUP: 455
4 -1 4 -1 4 -1 4 -1 6 -1 6 -1 6 -1 6 -1 6 -1 6 -1 6 -1 6 -1 #SUP: 409
4 -1 4 -1 4 -1 4 -1 6 -1 6 -1 6 -1 6 -1 6 -1 6 -1 6 -1 6 -1 6 -1 #SUP: 367
4 -1 4 -1 4 -1 4 -1 4 -1 #SUP: 1613
4 -1 4 -1 4 -1 4 -1 4 -1 6 -1 #SUP: 674
4 -1 4 -1 4 -1 4 -1 4 -1 6 -1 6 -1 #SUP: 625
4 -1 4 -1 4 -1 4 -1 4 -1 6 -1 6 -1 6 -1 #SUP: 592
4 -1 4 -1 4 -1 4 -1 4 -1 6 -1 6 -1 6 -1 6 -1 #SUP: 478
4 -1 4 -1 4 -1 4 -1 4 -1 6 -1 6 -1 6 -1 6 -1 6 -1 #SUP: 423
4 -1 4 -1 4 -1 4 -1 4 -1 6 -1 6 -1 6 -1 6 -1 6 -1 6 -1 #SUP: 398
4 -1 4 -1 4 -1 4 -1 4 -1 4 -1 #SUP: 1570
4 -1 4 -1 4 -1 4 -1 4 -1 4 -1 6 -1 #SUP: 634
4 -1 4 -1 4 -1 4 -1 4 -1 4 -1 6 -1 6 -1 #SUP: 584
4 -1 4 -1 4 -1 4 -1 4 -1 4 -1 6 -1 6 -1 6 -1 #SUP: 551
4 -1 4 -1 4 -1 4 -1 4 -1 4 -1 6 -1 6 -1 6 -1 6 -1 #SUP: 442
4 -1 4 -1 4 -1 4 -1 4 -1 4 -1 6 -1 6 -1 6 -1 6 -1 6 -1 #SUP: 388
4 -1 4 -1 4 -1 4 -1 4 -1 4 -1 6 -1 6 -1 6 -1 6 -1 6 -1 6 -1 #SUP: 363
4 -1 4 -1 4 -1 4 -1 4 -1 4 -1 4 -1 #SUP: 1523
4 -1 4 -1 4 -1 4 -1 4 -1 4 -1 4 -1 6 -1 #SUP: 597
4 -1 4 -1 4 -1 4 -1 4 -1 4 -1 4 -1 6 -1 6 -1 #SUP: 549
4 -1 4 -1 4 -1 4 -1 4 -1 4 -1 4 -1 6 -1 6 -1 6 -1 #SUP: 516
4 -1 4 -1 4 -1 4 -1 4 -1 4 -1 4 -1 6 -1 6 -1 6 -1 6 -1 #SUP: 408
4 -1 4 -1 4 -1 4 -1 4 -1 4 -1 4 -1 4 -1 #SUP: 1482
4 -1 4 -1 4 -1 4 -1 4 -1 4 -1 4 -1 4 -1 6 -1 #SUP: 562
4 -1 4 -1 4 -1 4 -1 4 -1 4 -1 4 -1 4 -1 6 -1 6 -1 #SUP: 514
4 -1 4 -1 4 -1 4 -1 4 -1 4 -1 4 -1 4 -1 6 -1 6 -1 6 -1 #SUP: 482
4 -1 4 -1 4 -1 4 -1 4 -1 4 -1 4 -1 4 -1 6 -1 6 -1 6 -1 6 -1 #SUP: 375
4 -1 4 -1 4 -1 4 -1 4 -1 4 -1 4 -1 4 -1 4 -1 #SUP: 1330
4 -1 4 -1 4 -1 4 -1 4 -1 4 -1 4 -1 4 -1 4 -1 6 -1 #SUP: 464
4 -1 4 -1 4 -1 4 -1 4 -1 4 -1 4 -1 4 -1 4 -1 6 -1 6 -1 #SUP: 426
4 -1 4 -1 4 -1 4 -1 4 -1 4 -1 4 -1 4 -1 4 -1 6 -1 6 -1 6 -1 #SUP: 397
4 -1 4 -1 4 -1 4 -1 4 -1 4 -1 4 -1 4 -1 4 -1 4 -1 #SUP: 1285
4 -1 4 -1 4 -1 4 -1 4 -1 4 -1 4 -1 4 -1 4 -1 4 -1 6 -1 #SUP: 431
4 -1 4 -1 4 -1 4 -1 4 -1 4 -1 4 -1 4 -1 4 -1 4 -1 6 -1 6 -1 #SUP: 393
4 -1 4 -1 4 -1 4 -1 4 -1 4 -1 4 -1 4 -1 4 -1 4 -1 6 -1 6 -1 6 -1 #SUP: 364
4 -1 4 -1 4 -1 4 -1 4 -1 4 -1 4 -1 4 -1 4 -1 4 -1 4 -1 #SUP: 1236
4 -1 4 -1 4 -1 4 -1 4 -1 4 -1 4 -1 4 -1 4 -1 4 -1 4 -1 6 -1 #SUP: 389
4 -1 4 -1 4 -1 4 -1 4 -1 4 -1 4 -1 4 -1 4 -1 4 -1 4 -1 4 -1 #SUP: 1182
4 -1 4 -1 4 -1 4 -1 4 -1 4 -1 4 -1 4 -1 4 -1 4 -1 4 -1 4 -1 4 -1 #SUP: 1139
4 -1 4 -1 4 -1 4 -1 4 -1 4 -1 4 -1 4 -1 4 -1 4 -1 4 -1 4 -1 4 -1 4 -1 #SUP: 1097
4 -1 4 -1 4 -1 4 -1 4 -1 4 -1 4 -1 4 -1 4 -1 4 -1 4 -1 4 -1 4 -1 4 -1 4 -1 #SUP: 1032
4 -1 4 -1 4 -1 4 -1 4 -1 4 -1 4 -1 4 -1 4 -1 4 -1 4 -1 4 -1 4 -1 4 -1 4 -1 4 -1 #SUP: 1003
4 -1 4 -1 4 -1 4 -1 4 -1 4 -1 4 -1 4 -1 4 -1 4 -1 4 -1 4 -1 4 -1 4 -1 4 -1 4 -1 4 -1 #SUP: 729
4 -1 4 -1 4 -1 4 -1 4 -1 4 -1 4 -1 4 -1 4 -1 4 -1 4 -1 4 -1 4 -1 4 -1 4 -1 4 -1 4 -1 4 -1 #SUP: 651
4 -1 4 -1 4 -1 4 -1 4 -1 4 -1 4 -1 4 -1 4 -1 4 -1 4 -1 4 -1 4 -1 4 -1 4 -1 4 -1 4 -1 4 -1 4 -1 #SUP: 626
4 -1 4 -1 4 -1 4 -1 4 -1 4 -1 4 -1 4 -1 4 -1 4 -1 4 -1 4 -1 4 -1 4 -1 4 -1 4 -1 4 -1 4 -1 4 -1 4 -1 #SUP: 598
6 -1 #SUP: 6474
6 -1 6 -1 #SUP: 6444
6 -1 6 -1 6 -1 #SUP: 6418
6 -1 6 -1 6 -1 6 -1 #SUP: 6313
6 -1 6 -1 6 -1 6 -1 6 -1 #SUP: 6030
6 -1 6 -1 6 -1 6 -1 6 -1 6 -1 #SUP: 5996
6 -1 6 -1 6 -1 6 -1 6 -1 6 -1 6 -1 #SUP: 5925
6 -1 6 -1 6 -1 6 -1 6 -1 6 -1 6 -1 6 -1 #SUP: 5877
6 -1 6 -1 6 -1 6 -1 6 -1 6 -1 6 -1 6 -1 6 -1 #SUP: 5826
6 -1 6 -1 6 -1 6 -1 6 -1 6 -1 6 -1 6 -1 6 -1 6 -1 #SUP: 5756
6 -1 6 -1 6 -1 6 -1 6 -1 6 -1 6 -1 6 -1 6 -1 6 -1 6 -1 #SUP: 5701
6 -1 6 -1 6 -1 6 -1 6 -1 6 -1 6 -1 6 -1 6 -1 6 -1 6 -1 6 -1 #SUP: 5648
6 -1 6 -1 6 -1 6 -1 6 -1 6 -1 6 -1 6 -1 6 -1 6 -1 6 -1 6 -1 6 -1 #SUP: 5486
6 -1 6 -1 6 -1 6 -1 6 -1 6 -1 6 -1 6 -1 6 -1 6 -1 6 -1 6 -1 6 -1 6 -1 #SUP: 5435
6 -1 6 -1 6 -1 6 -1 6 -1 6 -1 6 -1 6 -1 6 -1 6 -1 6 -1 6 -1 6 -1 6 -1 6 -1 #SUP: 5381
6 -1 6 -1 6 -1 6 -1 6 -1 6 -1 6 -1 6 -1 6 -1 6 -1 6 -1 6 -1 6 -1 6 -1 6 -1 6 -1 #SUP: 5337
6 -1 6 -1 6 -1 6 -1 6 -1 6 -1 6 -1 6 -1 6 -1 6 -1 6 -1 6 -1 6 -1 6 -1 6 -1 6 -1 6 -1 #SUP: 5176
6 -1 6 -1 6 -1 6 -1 6 -1 6 -1 6 -1 6 -1 6 -1 6 -1 6 -1 6 -1 6 -1 6 -1 6 -1 6 -1 6 -1 6 -1 #SUP: 5124
6 -1 6 -1 6 -1 6 -1 6 -1 6 -1 6 -1 6 -1 6 -1 6 -1 6 -1 6 -1 6 -1 6 -1 6 -1 6 -1 6 -1 6 -1 6 -1 #SUP: 5053
6 -1 6 -1 6 -1 6 -1 6 -1 6 -1 6 -1 6 -1 6 -1 6 -1 6 -1 6 -1 6 -1 6 -1 6 -1 6 -1 6 -1 6 -1 6 -1 6 -1 #SUP: 4955
6 -1 6 -1 6 -1 6 -1 4 -1 #SUP: 511
6 -1 6 -1 6 -1 6 -1 4 -1 4 -1 #SUP: 455
6 -1 6 -1 6 -1 6 -1 4 -1 4 -1 4 -1 #SUP: 416
6 -1 6 -1 6 -1 6 -1 4 -1 4 -1 4 -1 4 -1 #SUP: 398
6 -1 6 -1 6 -1 6 -1 4 -1 4 -1 4 -1 4 -1 4 -1 #SUP: 369
6 -1 6 -1 6 -1 4 -1 #SUP: 560
6 -1 6 -1 6 -1 4 -1 4 -1 #SUP: 498
6 -1 6 -1 6 -1 4 -1 4 -1 4 -1 #SUP: 458
6 -1 6 -1 6 -1 4 -1 4 -1 4 -1 4 -1 #SUP: 438
6 -1 6 -1 6 -1 4 -1 4 -1 4 -1 4 -1 4 -1 #SUP: 409
6 -1 6 -1 6 -1 4 -1 4 -1 4 -1 4 -1 4 -1 4 -1 #SUP: 397
6 -1 6 -1 6 -1 4 -1 4 -1 4 -1 4 -1 4 -1 4 -1 4 -1 #SUP: 380
6 -1 6 -1 6 -1 4 -1 4 -1 4 -1 4 -1 4 -1 4 -1 4 -1 4 -1 #SUP: 372
6 -1 6 -1 4 -1 #SUP: 582
6 -1 6 -1 4 -1 4 -1 #SUP: 520
6 -1 6 -1 4 -1 4 -1 4 -1 #SUP: 473
6 -1 6 -1 4 -1 4 -1 4 -1 4 -1 #SUP: 453
6 -1 6 -1 4 -1 4 -1 4 -1 4 -1 4 -1 #SUP: 424
6 -1 6 -1 4 -1 4 -1 4 -1 4 -1 4 -1 4 -1 #SUP: 413
6 -1 6 -1 4 -1 4 -1 4 -1 4 -1 4 -1 4 -1 4 -1 #SUP: 396
6 -1 6 -1 4 -1 4 -1 4 -1 4 -1 4 -1 4 -1 4 -1 4 -1 #SUP: 387
6 -1 4 -1 #SUP: 640
6 -1 4 -1 4 -1 #SUP: 574
6 -1 4 -1 4 -1 4 -1 #SUP: 527
6 -1 4 -1 4 -1 4 -1 4 -1 #SUP: 502
6 -1 4 -1 4 -1 4 -1 4 -1 4 -1 #SUP: 473
6 -1 4 -1 4 -1 4 -1 4 -1 4 -1 4 -1 #SUP: 462
6 -1 4 -1 4 -1 4 -1 4 -1 4 -1 4 -1 4 -1 #SUP: 445
6 -1 4 -1 4 -1 4 -1 4 -1 4 -1 4 -1 4 -1 4 -1 #SUP: 436
