5 -1 #SUP: 122
11 -1 #SUP: 190
12 -1 #SUP: 275
19 -1 #SUP: 151
20 -1 #SUP: 196
21 -1 #SUP: 196
23 -1 #SUP: 120
24 -1 #SUP: 143
25 -1 #SUP: 152
26 -1 #SUP: 119
28 -1 #SUP: 159
29 -1 #SUP: 279
44 -1 #SUP: 235
46 -1 #SUP: 127
48 -1 #SUP: 313
48 -1 54 -1 #SUP: 114
48 -1 61 -1 #SUP: 118
49 -1 #SUP: 338
49 -1 55 -1 #SUP: 166
49 -1 62 -1 #SUP: 137
50 -1 #SUP: 314
51 -1 #SUP: 216
51 -1 57 -1 #SUP: 138
52 -1 #SUP: 263
52 -1 59 -1 #SUP: 146
53 -1 #SUP: 289
53 -1 67 -1 #SUP: 123
53 -1 60 -1 #SUP: 209
53 -1 60 -1 66 -1 #SUP: 135
53 -1 61 -1 #SUP: 131
53 -1 54 -1 #SUP: 121
53 -1 66 -1 #SUP: 147
54 -1 #SUP: 311
54 -1 74 -1 #SUP: 139
54 -1 67 -1 #SUP: 195
54 -1 67 -1 74 -1 #SUP: 117
54 -1 60 -1 #SUP: 128
54 -1 61 -1 #SUP: 225
54 -1 61 -1 74 -1 #SUP: 119
54 -1 61 -1 67 -1 #SUP: 172
54 -1 66 -1 #SUP: 119
55 -1 #SUP: 439
55 -1 67 -1 #SUP: 121
55 -1 68 -1 #SUP: 193
55 -1 75 -1 #SUP: 155
55 -1 61 -1 #SUP: 127
55 -1 62 -1 #SUP: 243
55 -1 62 -1 75 -1 #SUP: 116
55 -1 62 -1 68 -1 #SUP: 156
56 -1 #SUP: 257
57 -1 #SUP: 310
57 -1 59 -1 #SUP: 117
57 -1 60 -1 #SUP: 117
57 -1 64 -1 #SUP: 184
58 -1 #SUP: 120
59 -1 #SUP: 360
59 -1 71 -1 #SUP: 114
59 -1 72 -1 #SUP: 146
59 -1 73 -1 #SUP: 117
59 -1 60 -1 #SUP: 125
59 -1 64 -1 #SUP: 121
59 -1 65 -1 #SUP: 209
59 -1 66 -1 #SUP: 137
60 -1 #SUP: 489
60 -1 67 -1 #SUP: 262
60 -1 67 -1 74 -1 #SUP: 171
60 -1 68 -1 #SUP: 163
60 -1 72 -1 #SUP: 122
60 -1 73 -1 #SUP: 176
60 -1 73 -1 74 -1 #SUP: 130
60 -1 74 -1 #SUP: 217
60 -1 75 -1 #SUP: 140
60 -1 61 -1 #SUP: 262
60 -1 61 -1 74 -1 #SUP: 169
60 -1 61 -1 67 -1 #SUP: 214
60 -1 61 -1 67 -1 74 -1 #SUP: 154
60 -1 61 -1 68 -1 #SUP: 116
60 -1 61 -1 66 -1 #SUP: 202
60 -1 61 -1 66 -1 74 -1 #SUP: 138
60 -1 61 -1 66 -1 67 -1 #SUP: 180
60 -1 61 -1 66 -1 67 -1 74 -1 #SUP: 132
60 -1 62 -1 #SUP: 146
60 -1 63 -1 #SUP: 125
60 -1 64 -1 #SUP: 132
60 -1 65 -1 #SUP: 161
60 -1 65 -1 66 -1 #SUP: 137
60 -1 66 -1 #SUP: 344
60 -1 66 -1 74 -1 #SUP: 173
60 -1 66 -1 67 -1 #SUP: 223
60 -1 66 -1 67 -1 74 -1 #SUP: 146
60 -1 66 -1 68 -1 #SUP: 126
60 -1 66 -1 73 -1 #SUP: 146
61 -1 #SUP: 590
61 -1 67 -1 #SUP: 449
61 -1 67 -1 74 -1 #SUP: 287
61 -1 67 -1 74 -1 75 -1 #SUP: 137
61 -1 67 -1 75 -1 #SUP: 185
61 -1 67 -1 68 -1 #SUP: 192
61 -1 67 -1 68 -1 74 -1 #SUP: 129
61 -1 67 -1 68 -1 75 -1 #SUP: 121
61 -1 67 -1 73 -1 #SUP: 175
61 -1 67 -1 73 -1 74 -1 #SUP: 156
61 -1 68 -1 #SUP: 238
61 -1 68 -1 74 -1 #SUP: 140
61 -1 68 -1 75 -1 #SUP: 145
61 -1 70 -1 #SUP: 127
61 -1 72 -1 #SUP: 130
61 -1 73 -1 #SUP: 202
61 -1 73 -1 74 -1 #SUP: 173
61 -1 74 -1 #SUP: 325
61 -1 74 -1 75 -1 #SUP: 150
61 -1 75 -1 #SUP: 233
61 -1 62 -1 #SUP: 205
61 -1 62 -1 74 -1 #SUP: 119
61 -1 62 -1 67 -1 #SUP: 153
61 -1 62 -1 75 -1 #SUP: 117
61 -1 62 -1 68 -1 #SUP: 141
61 -1 63 -1 #SUP: 130
61 -1 65 -1 #SUP: 141
61 -1 65 -1 67 -1 #SUP: 118
61 -1 66 -1 #SUP: 283
61 -1 66 -1 74 -1 #SUP: 188
61 -1 66 -1 67 -1 #SUP: 253
61 -1 66 -1 67 -1 74 -1 #SUP: 178
61 -1 66 -1 67 -1 68 -1 #SUP: 114
61 -1 66 -1 67 -1 73 -1 #SUP: 121
61 -1 66 -1 68 -1 #SUP: 124
61 -1 66 -1 73 -1 #SUP: 132
61 -1 66 -1 73 -1 74 -1 #SUP: 115
62 -1 #SUP: 568
62 -1 67 -1 #SUP: 215
62 -1 67 -1 74 -1 #SUP: 144
62 -1 67 -1 75 -1 #SUP: 120
62 -1 67 -1 68 -1 #SUP: 139
62 -1 68 -1 #SUP: 332
62 -1 68 -1 74 -1 #SUP: 128
62 -1 68 -1 75 -1 #SUP: 191
62 -1 70 -1 #SUP: 117
62 -1 72 -1 #SUP: 119
62 -1 73 -1 #SUP: 151
62 -1 73 -1 74 -1 #SUP: 116
62 -1 74 -1 #SUP: 205
62 -1 74 -1 75 -1 #SUP: 128
62 -1 75 -1 #SUP: 246
62 -1 66 -1 #SUP: 178
62 -1 66 -1 67 -1 #SUP: 124
63 -1 #SUP: 442
63 -1 67 -1 #SUP: 175
63 -1 68 -1 #SUP: 114
63 -1 70 -1 #SUP: 213
63 -1 71 -1 #SUP: 187
63 -1 71 -1 72 -1 #SUP: 147
63 -1 72 -1 #SUP: 197
63 -1 72 -1 73 -1 #SUP: 120
63 -1 73 -1 #SUP: 154
63 -1 74 -1 #SUP: 137
63 -1 64 -1 #SUP: 197
63 -1 64 -1 70 -1 #SUP: 122
63 -1 64 -1 71 -1 #SUP: 129
63 -1 64 -1 72 -1 #SUP: 119
63 -1 64 -1 65 -1 #SUP: 135
63 -1 64 -1 66 -1 #SUP: 122
63 -1 65 -1 #SUP: 190
63 -1 65 -1 71 -1 #SUP: 120
63 -1 65 -1 72 -1 #SUP: 138
63 -1 65 -1 66 -1 #SUP: 128
63 -1 66 -1 #SUP: 195
63 -1 66 -1 67 -1 #SUP: 127
63 -1 66 -1 72 -1 #SUP: 114
64 -1 #SUP: 443
64 -1 67 -1 #SUP: 184
64 -1 68 -1 #SUP: 122
64 -1 70 -1 #SUP: 202
64 -1 70 -1 71 -1 #SUP: 128
64 -1 70 -1 72 -1 #SUP: 119
64 -1 71 -1 #SUP: 243
64 -1 71 -1 72 -1 #SUP: 186
64 -1 71 -1 72 -1 73 -1 #SUP: 118
64 -1 71 -1 73 -1 #SUP: 122
64 -1 72 -1 #SUP: 216
64 -1 72 -1 73 -1 #SUP: 144
64 -1 73 -1 #SUP: 169
64 -1 73 -1 74 -1 #SUP: 115
64 -1 74 -1 #SUP: 152
64 -1 65 -1 #SUP: 264
64 -1 65 -1 67 -1 #SUP: 126
64 -1 65 -1 70 -1 #SUP: 137
64 -1 65 -1 71 -1 #SUP: 173
64 -1 65 -1 71 -1 72 -1 #SUP: 154
64 -1 65 -1 72 -1 #SUP: 175
64 -1 65 -1 72 -1 73 -1 #SUP: 122
64 -1 65 -1 73 -1 #SUP: 137
64 -1 65 -1 66 -1 #SUP: 196
64 -1 65 -1 66 -1 67 -1 #SUP: 120
64 -1 65 -1 66 -1 71 -1 #SUP: 130
64 -1 65 -1 66 -1 71 -1 72 -1 #SUP: 115
64 -1 65 -1 66 -1 72 -1 #SUP: 134
64 -1 65 -1 66 -1 73 -1 #SUP: 119
64 -1 66 -1 #SUP: 252
64 -1 66 -1 67 -1 #SUP: 157
64 -1 66 -1 70 -1 #SUP: 124
64 -1 66 -1 71 -1 #SUP: 149
64 -1 66 -1 71 -1 72 -1 #SUP: 127
64 -1 66 -1 72 -1 #SUP: 153
64 -1 66 -1 72 -1 73 -1 #SUP: 117
64 -1 66 -1 73 -1 #SUP: 136
65 -1 #SUP: 548
65 -1 67 -1 #SUP: 298
65 -1 67 -1 74 -1 #SUP: 214
65 -1 67 -1 75 -1 #SUP: 129
65 -1 67 -1 68 -1 #SUP: 140
65 -1 67 -1 70 -1 #SUP: 160
65 -1 67 -1 70 -1 74 -1 #SUP: 128
65 -1 67 -1 70 -1 72 -1 #SUP: 130
65 -1 67 -1 70 -1 72 -1 73 -1 #SUP: 117
65 -1 67 -1 70 -1 73 -1 #SUP: 132
65 -1 67 -1 70 -1 73 -1 74 -1 #SUP: 118
65 -1 67 -1 71 -1 #SUP: 153
65 -1 67 -1 71 -1 74 -1 #SUP: 116
65 -1 67 -1 71 -1 72 -1 #SUP: 145
65 -1 67 -1 71 -1 72 -1 74 -1 #SUP: 114
65 -1 67 -1 71 -1 72 -1 73 -1 #SUP: 129
65 -1 67 -1 71 -1 73 -1 #SUP: 131
65 -1 67 -1 72 -1 #SUP: 197
65 -1 67 -1 72 -1 74 -1 #SUP: 157
65 -1 67 -1 72 -1 73 -1 #SUP: 176
65 -1 67 -1 72 -1 73 -1 74 -1 #SUP: 150
65 -1 67 -1 73 -1 #SUP: 216
65 -1 67 -1 73 -1 74 -1 #SUP: 188
65 -1 68 -1 #SUP: 193
65 -1 68 -1 74 -1 #SUP: 123
65 -1 68 -1 72 -1 #SUP: 118
65 -1 68 -1 73 -1 #SUP: 123
65 -1 70 -1 #SUP: 248
65 -1 70 -1 74 -1 #SUP: 149
65 -1 70 -1 71 -1 #SUP: 165
65 -1 70 -1 71 -1 72 -1 #SUP: 153
65 -1 70 -1 71 -1 72 -1 73 -1 #SUP: 122
65 -1 70 -1 71 -1 73 -1 #SUP: 123
65 -1 70 -1 72 -1 #SUP: 189
65 -1 70 -1 72 -1 74 -1 #SUP: 127
65 -1 70 -1 72 -1 73 -1 #SUP: 152
65 -1 70 -1 72 -1 73 -1 74 -1 #SUP: 120
65 -1 70 -1 73 -1 #SUP: 169
65 -1 70 -1 73 -1 74 -1 #SUP: 135
65 -1 71 -1 #SUP: 277
65 -1 71 -1 74 -1 #SUP: 149
65 -1 71 -1 72 -1 #SUP: 249
65 -1 71 -1 72 -1 74 -1 #SUP: 145
65 -1 71 -1 72 -1 73 -1 #SUP: 185
65 -1 71 -1 72 -1 73 -1 74 -1 #SUP: 137
65 -1 71 -1 73 -1 #SUP: 187
65 -1 71 -1 73 -1 74 -1 #SUP: 139
65 -1 72 -1 #SUP: 336
65 -1 72 -1 74 -1 #SUP: 199
65 -1 72 -1 75 -1 #SUP: 117
65 -1 72 -1 73 -1 #SUP: 250
65 -1 72 -1 73 -1 74 -1 #SUP: 185
65 -1 73 -1 #SUP: 305
65 -1 73 -1 74 -1 #SUP: 228
65 -1 73 -1 74 -1 75 -1 #SUP: 116
65 -1 73 -1 75 -1 #SUP: 129
65 -1 74 -1 #SUP: 271
65 -1 74 -1 75 -1 #SUP: 131
65 -1 75 -1 #SUP: 172
65 -1 66 -1 #SUP: 373
65 -1 66 -1 74 -1 #SUP: 211
65 -1 66 -1 67 -1 #SUP: 262
65 -1 66 -1 67 -1 74 -1 #SUP: 188
65 -1 66 -1 67 -1 68 -1 #SUP: 124
65 -1 66 -1 67 -1 70 -1 #SUP: 146
65 -1 66 -1 67 -1 70 -1 74 -1 #SUP: 117
65 -1 66 -1 67 -1 70 -1 72 -1 #SUP: 121
65 -1 66 -1 67 -1 70 -1 73 -1 #SUP: 124
65 -1 66 -1 67 -1 71 -1 #SUP: 141
65 -1 66 -1 67 -1 71 -1 72 -1 #SUP: 134
65 -1 66 -1 67 -1 71 -1 72 -1 73 -1 #SUP: 122
65 -1 66 -1 67 -1 71 -1 73 -1 #SUP: 124
65 -1 66 -1 67 -1 72 -1 #SUP: 175
65 -1 66 -1 67 -1 72 -1 74 -1 #SUP: 139
65 -1 66 -1 67 -1 72 -1 73 -1 #SUP: 160
65 -1 66 -1 67 -1 72 -1 73 -1 74 -1 #SUP: 137
65 -1 66 -1 67 -1 73 -1 #SUP: 195
65 -1 66 -1 67 -1 73 -1 74 -1 #SUP: 170
65 -1 66 -1 75 -1 #SUP: 131
65 -1 66 -1 68 -1 #SUP: 152
65 -1 66 -1 70 -1 #SUP: 192
65 -1 66 -1 70 -1 74 -1 #SUP: 127
65 -1 66 -1 70 -1 71 -1 #SUP: 135
65 -1 66 -1 70 -1 71 -1 72 -1 #SUP: 127
65 -1 66 -1 70 -1 72 -1 #SUP: 155
65 -1 66 -1 70 -1 72 -1 73 -1 #SUP: 134
65 -1 66 -1 70 -1 73 -1 #SUP: 148
65 -1 66 -1 70 -1 73 -1 74 -1 #SUP: 120
65 -1 66 -1 71 -1 #SUP: 208
65 -1 66 -1 71 -1 74 -1 #SUP: 122
65 -1 66 -1 71 -1 72 -1 #SUP: 189
65 -1 66 -1 71 -1 72 -1 74 -1 #SUP: 120
65 -1 66 -1 71 -1 72 -1 73 -1 #SUP: 156
65 -1 66 -1 71 -1 72 -1 73 -1 74 -1 #SUP: 118
65 -1 66 -1 71 -1 73 -1 #SUP: 158
65 -1 66 -1 71 -1 73 -1 74 -1 #SUP: 120
65 -1 66 -1 72 -1 #SUP: 245
65 -1 66 -1 72 -1 74 -1 #SUP: 159
65 -1 66 -1 72 -1 73 -1 #SUP: 204
65 -1 66 -1 72 -1 73 -1 74 -1 #SUP: 155
65 -1 66 -1 73 -1 #SUP: 246
65 -1 66 -1 73 -1 74 -1 #SUP: 189
66 -1 #SUP: 777
66 -1 67 -1 #SUP: 531
66 -1 67 -1 68 -1 #SUP: 260
66 -1 67 -1 68 -1 74 -1 #SUP: 193
66 -1 67 -1 68 -1 74 -1 75 -1 #SUP: 149
66 -1 67 -1 68 -1 75 -1 #SUP: 170
66 -1 67 -1 68 -1 70 -1 #SUP: 115
66 -1 67 -1 68 -1 72 -1 #SUP: 116
66 -1 67 -1 68 -1 73 -1 #SUP: 155
66 -1 67 -1 68 -1 73 -1 74 -1 #SUP: 147
66 -1 67 -1 68 -1 73 -1 74 -1 75 -1 #SUP: 116
66 -1 67 -1 68 -1 73 -1 75 -1 #SUP: 118
66 -1 67 -1 70 -1 #SUP: 204
66 -1 67 -1 70 -1 74 -1 #SUP: 160
66 -1 67 -1 70 -1 71 -1 #SUP: 125
66 -1 67 -1 70 -1 71 -1 72 -1 #SUP: 119
66 -1 67 -1 70 -1 72 -1 #SUP: 150
66 -1 67 -1 70 -1 72 -1 74 -1 #SUP: 127
66 -1 67 -1 70 -1 72 -1 73 -1 #SUP: 137
66 -1 67 -1 70 -1 72 -1 73 -1 74 -1 #SUP: 123
66 -1 67 -1 70 -1 73 -1 #SUP: 159
66 -1 67 -1 70 -1 73 -1 74 -1 #SUP: 144
66 -1 67 -1 71 -1 #SUP: 189
66 -1 67 -1 71 -1 74 -1 #SUP: 140
66 -1 67 -1 71 -1 72 -1 #SUP: 169
66 -1 67 -1 71 -1 72 -1 74 -1 #SUP: 132
66 -1 67 -1 71 -1 72 -1 73 -1 #SUP: 151
66 -1 67 -1 71 -1 72 -1 73 -1 74 -1 #SUP: 128
66 -1 67 -1 71 -1 73 -1 #SUP: 156
66 -1 67 -1 71 -1 73 -1 74 -1 #SUP: 133
66 -1 67 -1 72 -1 #SUP: 240
66 -1 67 -1 72 -1 74 -1 #SUP: 192
66 -1 67 -1 72 -1 75 -1 #SUP: 116
66 -1 67 -1 72 -1 73 -1 #SUP: 214
66 -1 67 -1 72 -1 73 -1 74 -1 #SUP: 186
66 -1 67 -1 73 -1 #SUP: 309
66 -1 67 -1 73 -1 74 -1 #SUP: 276
66 -1 67 -1 73 -1 74 -1 75 -1 #SUP: 160
66 -1 67 -1 73 -1 75 -1 #SUP: 165
66 -1 67 -1 74 -1 #SUP: 365
66 -1 67 -1 74 -1 75 -1 #SUP: 202
66 -1 67 -1 75 -1 #SUP: 237
66 -1 68 -1 #SUP: 321
66 -1 68 -1 74 -1 #SUP: 206
66 -1 68 -1 74 -1 75 -1 #SUP: 154
66 -1 68 -1 75 -1 #SUP: 190
66 -1 68 -1 70 -1 #SUP: 134
66 -1 68 -1 72 -1 #SUP: 136
66 -1 68 -1 72 -1 73 -1 #SUP: 120
66 -1 68 -1 73 -1 #SUP: 177
66 -1 68 -1 73 -1 74 -1 #SUP: 157
66 -1 68 -1 73 -1 74 -1 75 -1 #SUP: 121
66 -1 68 -1 73 -1 75 -1 #SUP: 126
66 -1 70 -1 #SUP: 277
66 -1 70 -1 74 -1 #SUP: 179
66 -1 70 -1 75 -1 #SUP: 123
66 -1 70 -1 71 -1 #SUP: 168
66 -1 70 -1 71 -1 74 -1 #SUP: 115
66 -1 70 -1 71 -1 72 -1 #SUP: 155
66 -1 70 -1 71 -1 72 -1 73 -1 #SUP: 134
66 -1 70 -1 71 -1 73 -1 #SUP: 136
66 -1 70 -1 72 -1 #SUP: 193
66 -1 70 -1 72 -1 74 -1 #SUP: 143
66 -1 70 -1 72 -1 73 -1 #SUP: 167
66 -1 70 -1 72 -1 73 -1 74 -1 #SUP: 138
66 -1 70 -1 73 -1 #SUP: 193
66 -1 70 -1 73 -1 74 -1 #SUP: 160
66 -1 71 -1 #SUP: 282
66 -1 71 -1 74 -1 #SUP: 165
66 -1 71 -1 72 -1 #SUP: 244
66 -1 71 -1 72 -1 74 -1 #SUP: 156
66 -1 71 -1 72 -1 73 -1 #SUP: 199
66 -1 71 -1 72 -1 73 -1 74 -1 #SUP: 152
66 -1 71 -1 73 -1 #SUP: 204
66 -1 71 -1 73 -1 74 -1 #SUP: 157
66 -1 72 -1 #SUP: 342
66 -1 72 -1 74 -1 #SUP: 227
66 -1 72 -1 74 -1 75 -1 #SUP: 117
66 -1 72 -1 75 -1 #SUP: 130
66 -1 72 -1 73 -1 #SUP: 280
66 -1 72 -1 73 -1 74 -1 #SUP: 219
66 -1 72 -1 73 -1 75 -1 #SUP: 117
66 -1 73 -1 #SUP: 406
66 -1 73 -1 74 -1 #SUP: 323
66 -1 73 -1 74 -1 75 -1 #SUP: 171
66 -1 73 -1 75 -1 #SUP: 181
66 -1 74 -1 #SUP: 425
66 -1 74 -1 75 -1 #SUP: 218
66 -1 75 -1 #SUP: 275
67 -1 #SUP: 867
67 -1 68 -1 #SUP: 408
67 -1 68 -1 74 -1 #SUP: 279
67 -1 68 -1 74 -1 75 -1 #SUP: 214
67 -1 68 -1 75 -1 #SUP: 268
67 -1 68 -1 70 -1 #SUP: 160
67 -1 68 -1 70 -1 74 -1 #SUP: 133
67 -1 68 -1 70 -1 75 -1 #SUP: 117
67 -1 68 -1 70 -1 73 -1 #SUP: 117
67 -1 68 -1 71 -1 #SUP: 128
67 -1 68 -1 71 -1 72 -1 #SUP: 115
67 -1 68 -1 72 -1 #SUP: 160
67 -1 68 -1 72 -1 74 -1 #SUP: 144
67 -1 68 -1 72 -1 75 -1 #SUP: 115
67 -1 68 -1 72 -1 73 -1 #SUP: 141
67 -1 68 -1 72 -1 73 -1 74 -1 #SUP: 133
67 -1 68 -1 73 -1 #SUP: 207
67 -1 68 -1 73 -1 74 -1 #SUP: 196
67 -1 68 -1 73 -1 74 -1 75 -1 #SUP: 155
67 -1 68 -1 73 -1 75 -1 #SUP: 159
67 -1 70 -1 #SUP: 295
67 -1 70 -1 74 -1 #SUP: 213
67 -1 70 -1 74 -1 75 -1 #SUP: 140
67 -1 70 -1 75 -1 #SUP: 158
67 -1 70 -1 71 -1 #SUP: 159
67 -1 70 -1 71 -1 74 -1 #SUP: 129
67 -1 70 -1 71 -1 72 -1 #SUP: 149
67 -1 70 -1 71 -1 72 -1 74 -1 #SUP: 124
67 -1 70 -1 71 -1 72 -1 73 -1 #SUP: 133
67 -1 70 -1 71 -1 72 -1 73 -1 74 -1 #SUP: 117
67 -1 70 -1 71 -1 73 -1 #SUP: 136
67 -1 70 -1 71 -1 73 -1 74 -1 #SUP: 120
67 -1 70 -1 72 -1 #SUP: 192
67 -1 70 -1 72 -1 74 -1 #SUP: 160
67 -1 70 -1 72 -1 73 -1 #SUP: 169
67 -1 70 -1 72 -1 73 -1 74 -1 #SUP: 151
67 -1 70 -1 73 -1 #SUP: 202
67 -1 70 -1 73 -1 74 -1 #SUP: 181
67 -1 70 -1 73 -1 74 -1 75 -1 #SUP: 119
67 -1 70 -1 73 -1 75 -1 #SUP: 121
67 -1 71 -1 #SUP: 251
67 -1 71 -1 74 -1 #SUP: 187
67 -1 71 -1 74 -1 75 -1 #SUP: 116
67 -1 71 -1 75 -1 #SUP: 130
67 -1 71 -1 72 -1 #SUP: 223
67 -1 71 -1 72 -1 74 -1 #SUP: 176
67 -1 71 -1 72 -1 75 -1 #SUP: 117
67 -1 71 -1 72 -1 73 -1 #SUP: 194
67 -1 71 -1 72 -1 73 -1 74 -1 #SUP: 167
67 -1 71 -1 73 -1 #SUP: 202
67 -1 71 -1 73 -1 74 -1 #SUP: 174
67 -1 72 -1 #SUP: 333
67 -1 72 -1 74 -1 #SUP: 266
67 -1 72 -1 74 -1 75 -1 #SUP: 149
67 -1 72 -1 75 -1 #SUP: 159
67 -1 72 -1 73 -1 #SUP: 284
67 -1 72 -1 73 -1 74 -1 #SUP: 248
67 -1 72 -1 73 -1 74 -1 75 -1 #SUP: 140
67 -1 72 -1 73 -1 75 -1 #SUP: 144
67 -1 73 -1 #SUP: 427
67 -1 73 -1 74 -1 #SUP: 379
67 -1 73 -1 74 -1 75 -1 #SUP: 221
67 -1 73 -1 75 -1 #SUP: 230
67 -1 74 -1 #SUP: 556
67 -1 74 -1 75 -1 #SUP: 308
67 -1 75 -1 #SUP: 386
68 -1 #SUP: 770
68 -1 70 -1 #SUP: 237
68 -1 70 -1 74 -1 #SUP: 157
68 -1 70 -1 74 -1 75 -1 #SUP: 124
68 -1 70 -1 75 -1 #SUP: 152
68 -1 70 -1 71 -1 #SUP: 125
68 -1 70 -1 71 -1 72 -1 #SUP: 114
68 -1 70 -1 72 -1 #SUP: 139
68 -1 70 -1 72 -1 74 -1 #SUP: 118
68 -1 70 -1 72 -1 73 -1 #SUP: 122
68 -1 70 -1 73 -1 #SUP: 143
68 -1 70 -1 73 -1 74 -1 #SUP: 130
68 -1 71 -1 #SUP: 188
68 -1 71 -1 74 -1 #SUP: 129
68 -1 71 -1 75 -1 #SUP: 118
68 -1 71 -1 72 -1 #SUP: 156
68 -1 71 -1 72 -1 74 -1 #SUP: 121
68 -1 71 -1 72 -1 73 -1 #SUP: 131
68 -1 71 -1 72 -1 73 -1 74 -1 #SUP: 114
68 -1 71 -1 73 -1 #SUP: 138
68 -1 71 -1 73 -1 74 -1 #SUP: 120
68 -1 72 -1 #SUP: 220
68 -1 72 -1 74 -1 #SUP: 172
68 -1 72 -1 74 -1 75 -1 #SUP: 127
68 -1 72 -1 75 -1 #SUP: 142
68 -1 72 -1 73 -1 #SUP: 179
68 -1 72 -1 73 -1 74 -1 #SUP: 158
68 -1 72 -1 73 -1 74 -1 75 -1 #SUP: 119
68 -1 72 -1 73 -1 75 -1 #SUP: 127
68 -1 73 -1 #SUP: 269
68 -1 73 -1 74 -1 #SUP: 237
68 -1 73 -1 74 -1 75 -1 #SUP: 179
68 -1 73 -1 75 -1 #SUP: 191
68 -1 74 -1 #SUP: 362
68 -1 74 -1 75 -1 #SUP: 265
68 -1 75 -1 #SUP: 425
69 -1 #SUP: 126
70 -1 #SUP: 614
70 -1 71 -1 #SUP: 288
70 -1 71 -1 74 -1 #SUP: 171
70 -1 71 -1 75 -1 #SUP: 121
70 -1 71 -1 72 -1 #SUP: 243
70 -1 71 -1 72 -1 74 -1 #SUP: 163
70 -1 71 -1 72 -1 73 -1 #SUP: 197
70 -1 71 -1 72 -1 73 -1 74 -1 #SUP: 155
70 -1 71 -1 73 -1 #SUP: 202
70 -1 71 -1 73 -1 74 -1 #SUP: 160
70 -1 72 -1 #SUP: 314
70 -1 72 -1 74 -1 #SUP: 215
70 -1 72 -1 74 -1 75 -1 #SUP: 126
70 -1 72 -1 75 -1 #SUP: 143
70 -1 72 -1 73 -1 #SUP: 248
70 -1 72 -1 73 -1 74 -1 #SUP: 201
70 -1 72 -1 73 -1 74 -1 75 -1 #SUP: 118
70 -1 72 -1 73 -1 75 -1 #SUP: 125
70 -1 73 -1 #SUP: 296
70 -1 73 -1 74 -1 #SUP: 239
70 -1 73 -1 74 -1 75 -1 #SUP: 145
70 -1 73 -1 75 -1 #SUP: 156
70 -1 74 -1 #SUP: 293
70 -1 74 -1 75 -1 #SUP: 177
70 -1 75 -1 #SUP: 240
71 -1 #SUP: 603
71 -1 72 -1 #SUP: 459
71 -1 72 -1 73 -1 #SUP: 324
71 -1 72 -1 73 -1 74 -1 #SUP: 240
71 -1 72 -1 73 -1 74 -1 75 -1 #SUP: 132
71 -1 72 -1 73 -1 75 -1 #SUP: 148
71 -1 72 -1 74 -1 #SUP: 254
71 -1 72 -1 74 -1 75 -1 #SUP: 137
71 -1 72 -1 75 -1 #SUP: 173
71 -1 73 -1 #SUP: 334
71 -1 73 -1 74 -1 #SUP: 249
71 -1 73 -1 74 -1 75 -1 #SUP: 137
71 -1 73 -1 75 -1 #SUP: 154
71 -1 74 -1 #SUP: 272
71 -1 74 -1 75 -1 #SUP: 146
71 -1 75 -1 #SUP: 194
72 -1 #SUP: 719
72 -1 73 -1 #SUP: 497
72 -1 73 -1 74 -1 #SUP: 373
72 -1 73 -1 74 -1 75 -1 #SUP: 192
72 -1 73 -1 75 -1 #SUP: 213
72 -1 74 -1 #SUP: 408
72 -1 74 -1 75 -1 #SUP: 204
72 -1 75 -1 #SUP: 254
73 -1 #SUP: 762
73 -1 74 -1 #SUP: 576
73 -1 74 -1 75 -1 #SUP: 302
73 -1 75 -1 #SUP: 337
74 -1 #SUP: 895
74 -1 75 -1 #SUP: 468
75 -1 #SUP: 770
76 -1 #SUP: 160
77 -1 #SUP: 297
78 -1 #SUP: 334
78 -1 50 -1 #SUP: 114
79 -1 #SUP: 192
79 -1 51 -1 #SUP: 115
80 -1 #SUP: 223
80 -1 52 -1 #SUP: 119
81 -1 #SUP: 185
81 -1 53 -1 #SUP: 119
83 -1 #SUP: 131
89 -1 #SUP: 157
90 -1 #SUP: 115
91 -1 #SUP: 224
92 -1 #SUP: 248
93 -1 #SUP: 253
94 -1 #SUP: 306
