12 -1 #SUP: 183
21 -1 #SUP: 123
28 -1 #SUP: 171
43 -1 #SUP: 141
47 -1 #SUP: 134
48 -1 #SUP: 170
49 -1 #SUP: 139
54 -1 #SUP: 227
58 -1 #SUP: 144
59 -1 #SUP: 154
60 -1 #SUP: 249
60 -1 66 -1 #SUP: 156
61 -1 #SUP: 302
61 -1 67 -1 #SUP: 147
62 -1 #SUP: 188
63 -1 #SUP: 175
64 -1 #SUP: 210
65 -1 #SUP: 406
65 -1 73 -1 #SUP: 130
65 -1 66 -1 #SUP: 219
66 -1 #SUP: 524
66 -1 74 -1 #SUP: 160
66 -1 67 -1 #SUP: 185
66 -1 72 -1 #SUP: 162
66 -1 72 -1 73 -1 #SUP: 132
66 -1 73 -1 #SUP: 270
67 -1 #SUP: 521
67 -1 74 -1 #SUP: 233
67 -1 73 -1 #SUP: 172
69 -1 #SUP: 385
69 -1 70 -1 #SUP: 131
69 -1 71 -1 #SUP: 148
69 -1 72 -1 #SUP: 128
69 -1 73 -1 #SUP: 127
70 -1 #SUP: 441
70 -1 74 -1 #SUP: 114
70 -1 71 -1 #SUP: 322
70 -1 71 -1 72 -1 #SUP: 213
70 -1 71 -1 72 -1 73 -1 #SUP: 156
70 -1 71 -1 73 -1 #SUP: 167
70 -1 72 -1 #SUP: 220
70 -1 72 -1 73 -1 #SUP: 162
70 -1 73 -1 #SUP: 180
71 -1 #SUP: 539
71 -1 74 -1 #SUP: 165
71 -1 72 -1 #SUP: 359
71 -1 72 -1 74 -1 #SUP: 135
71 -1 72 -1 73 -1 #SUP: 266
71 -1 72 -1 73 -1 74 -1 #SUP: 125
71 -1 73 -1 #SUP: 290
71 -1 73 -1 74 -1 #SUP: 134
72 -1 #SUP: 588
72 -1 74 -1 #SUP: 244
72 -1 73 -1 #SUP: 440
72 -1 73 -1 74 -1 #SUP: 219
73 -1 #SUP: 725
73 -1 74 -1 #SUP: 357
74 -1 #SUP: 644
76 -1 #SUP: 155
77 -1 #SUP: 145
90 -1 #SUP: 121
91 -1 #SUP: 147
92 -1 #SUP: 194
